../Core/Src/stm32h5xx_hal_msp.c:63:6:HAL_MspInit	8	static
../Core/Src/stm32h5xx_hal_msp.c:85:6:HAL_FDCAN_MspInit	312	static
../Core/Src/stm32h5xx_hal_msp.c:133:6:HAL_FDCAN_MspDeInit	16	static
../Core/Src/stm32h5xx_hal_msp.c:162:6:HAL_SPI_MspInit	312	static
../Core/Src/stm32h5xx_hal_msp.c:212:6:HAL_SPI_MspDeInit	16	static
../Core/Src/stm32h5xx_hal_msp.c:243:6:HAL_UART_MspInit	328	static
../Core/Src/stm32h5xx_hal_msp.c:334:6:HAL_UART_MspDeInit	16	static
../Core/Src/stm32h5xx_hal_msp.c:385:6:HAL_PCD_MspInit	288	static
../Core/Src/stm32h5xx_hal_msp.c:421:6:HAL_PCD_MspDeInit	16	static
