Archive member included to satisfy reference by file (symbol)

/Applications/STM32CubeIDE.app/Contents/Eclipse/plugins/com.st.stm32cube.ide.mcu.externaltools.gnu-tools-for-stm32.13.3.rel1.macos64_1.0.0.202411102158/tools/bin/../lib/gcc/arm-none-eabi/13.3.1/../../../../arm-none-eabi/lib/thumb/v8-m.main+fp/hard/libc_nano.a(libc_a-exit.o)
                              /Applications/STM32CubeIDE.app/Contents/Eclipse/plugins/com.st.stm32cube.ide.mcu.externaltools.gnu-tools-for-stm32.13.3.rel1.macos64_1.0.0.202411102158/tools/bin/../lib/gcc/arm-none-eabi/13.3.1/../../../../arm-none-eabi/lib/thumb/v8-m.main+fp/hard/crt0.o (exit)
/Applications/STM32CubeIDE.app/Contents/Eclipse/plugins/com.st.stm32cube.ide.mcu.externaltools.gnu-tools-for-stm32.13.3.rel1.macos64_1.0.0.202411102158/tools/bin/../lib/gcc/arm-none-eabi/13.3.1/../../../../arm-none-eabi/lib/thumb/v8-m.main+fp/hard/libc_nano.a(libc_a-findfp.o)
                              /Applications/STM32CubeIDE.app/Contents/Eclipse/plugins/com.st.stm32cube.ide.mcu.externaltools.gnu-tools-for-stm32.13.3.rel1.macos64_1.0.0.202411102158/tools/bin/../lib/gcc/arm-none-eabi/13.3.1/../../../../arm-none-eabi/lib/thumb/v8-m.main+fp/hard/libc_nano.a(libc_a-exit.o) (__stdio_exit_handler)
/Applications/STM32CubeIDE.app/Contents/Eclipse/plugins/com.st.stm32cube.ide.mcu.externaltools.gnu-tools-for-stm32.13.3.rel1.macos64_1.0.0.202411102158/tools/bin/../lib/gcc/arm-none-eabi/13.3.1/../../../../arm-none-eabi/lib/thumb/v8-m.main+fp/hard/libc_nano.a(libc_a-fwalk.o)
                              /Applications/STM32CubeIDE.app/Contents/Eclipse/plugins/com.st.stm32cube.ide.mcu.externaltools.gnu-tools-for-stm32.13.3.rel1.macos64_1.0.0.202411102158/tools/bin/../lib/gcc/arm-none-eabi/13.3.1/../../../../arm-none-eabi/lib/thumb/v8-m.main+fp/hard/libc_nano.a(libc_a-findfp.o) (_fwalk_sglue)
/Applications/STM32CubeIDE.app/Contents/Eclipse/plugins/com.st.stm32cube.ide.mcu.externaltools.gnu-tools-for-stm32.13.3.rel1.macos64_1.0.0.202411102158/tools/bin/../lib/gcc/arm-none-eabi/13.3.1/../../../../arm-none-eabi/lib/thumb/v8-m.main+fp/hard/libc_nano.a(libc_a-memset.o)
                              /Applications/STM32CubeIDE.app/Contents/Eclipse/plugins/com.st.stm32cube.ide.mcu.externaltools.gnu-tools-for-stm32.13.3.rel1.macos64_1.0.0.202411102158/tools/bin/../lib/gcc/arm-none-eabi/13.3.1/../../../../arm-none-eabi/lib/thumb/v8-m.main+fp/hard/crt0.o (memset)
/Applications/STM32CubeIDE.app/Contents/Eclipse/plugins/com.st.stm32cube.ide.mcu.externaltools.gnu-tools-for-stm32.13.3.rel1.macos64_1.0.0.202411102158/tools/bin/../lib/gcc/arm-none-eabi/13.3.1/../../../../arm-none-eabi/lib/thumb/v8-m.main+fp/hard/libc_nano.a(libc_a-errno.o)
                              ./Core/Src/syscalls.o (__errno)
/Applications/STM32CubeIDE.app/Contents/Eclipse/plugins/com.st.stm32cube.ide.mcu.externaltools.gnu-tools-for-stm32.13.3.rel1.macos64_1.0.0.202411102158/tools/bin/../lib/gcc/arm-none-eabi/13.3.1/../../../../arm-none-eabi/lib/thumb/v8-m.main+fp/hard/libc_nano.a(libc_a-init.o)
                              /Applications/STM32CubeIDE.app/Contents/Eclipse/plugins/com.st.stm32cube.ide.mcu.externaltools.gnu-tools-for-stm32.13.3.rel1.macos64_1.0.0.202411102158/tools/bin/../lib/gcc/arm-none-eabi/13.3.1/../../../../arm-none-eabi/lib/thumb/v8-m.main+fp/hard/crt0.o (__libc_init_array)
/Applications/STM32CubeIDE.app/Contents/Eclipse/plugins/com.st.stm32cube.ide.mcu.externaltools.gnu-tools-for-stm32.13.3.rel1.macos64_1.0.0.202411102158/tools/bin/../lib/gcc/arm-none-eabi/13.3.1/../../../../arm-none-eabi/lib/thumb/v8-m.main+fp/hard/libc_nano.a(libc_a-lock.o)
                              /Applications/STM32CubeIDE.app/Contents/Eclipse/plugins/com.st.stm32cube.ide.mcu.externaltools.gnu-tools-for-stm32.13.3.rel1.macos64_1.0.0.202411102158/tools/bin/../lib/gcc/arm-none-eabi/13.3.1/../../../../arm-none-eabi/lib/thumb/v8-m.main+fp/hard/libc_nano.a(libc_a-findfp.o) (__retarget_lock_init_recursive)
/Applications/STM32CubeIDE.app/Contents/Eclipse/plugins/com.st.stm32cube.ide.mcu.externaltools.gnu-tools-for-stm32.13.3.rel1.macos64_1.0.0.202411102158/tools/bin/../lib/gcc/arm-none-eabi/13.3.1/../../../../arm-none-eabi/lib/thumb/v8-m.main+fp/hard/libc_nano.a(libc_a-impure.o)
                              /Applications/STM32CubeIDE.app/Contents/Eclipse/plugins/com.st.stm32cube.ide.mcu.externaltools.gnu-tools-for-stm32.13.3.rel1.macos64_1.0.0.202411102158/tools/bin/../lib/gcc/arm-none-eabi/13.3.1/../../../../arm-none-eabi/lib/thumb/v8-m.main+fp/hard/libc_nano.a(libc_a-errno.o) (_impure_ptr)
/Applications/STM32CubeIDE.app/Contents/Eclipse/plugins/com.st.stm32cube.ide.mcu.externaltools.gnu-tools-for-stm32.13.3.rel1.macos64_1.0.0.202411102158/tools/bin/../lib/gcc/arm-none-eabi/13.3.1/../../../../arm-none-eabi/lib/thumb/v8-m.main+fp/hard/libc_nano.a(libc_a-memcpy-stub.o)
                              ./Middlewares/Third_Party/FreeRTOS/Source/CMSIS_RTOS_V2/cmsis_os2.o (memcpy)
[...]
Memory Configuration

Name             Origin             Length             Attributes
RAM              0x20000000         0x000a0000         xrw
FLASH            0x08000000         0x00200000         xr
*default*        0x00000000         0xffffffff

Linker script and memory map

LOAD /Applications/STM32CubeIDE.app/Contents/Eclipse/plugins/com.st.stm32cube.ide.mcu.externaltools.gnu-tools-for-stm32.13.3.rel1.macos64_1.0.0.202411102158/tools/bin/../lib/gcc/arm-none-eabi/13.3.1/thumb/v8-m.main+fp/hard/crti.o
LOAD /Applications/STM32CubeIDE.app/Contents/Eclipse/plugins/com.st.stm32cube.ide.mcu.externaltools.gnu-tools-for-stm32.13.3.rel1.macos64_1.0.0.202411102158/tools/bin/../lib/gcc/arm-none-eabi/13.3.1/thumb/v8-m.main+fp/hard/crtbegin.o
LOAD /Applications/STM32CubeIDE.app/Contents/Eclipse/plugins/com.st.stm32cube.ide.mcu.externaltools.gnu-tools-for-stm32.13.3.rel1.macos64_1.0.0.202411102158/tools/bin/../lib/gcc/arm-none-eabi/13.3.1/../../../../arm-none-eabi/lib/thumb/v8-m.main+fp/hard/crt0.o
LOAD ./Core/Src/BatteryControlTask.o
LOAD ./Core/Src/CANMessageSender.o
LOAD ./Core/Src/StartupTask.o
LOAD ./Core/Src/app_freertos.o
LOAD ./Core/Src/can_rx.o
LOAD ./Core/Src/can_tx.o
LOAD ./Core/Src/main.o
LOAD ./Core/Src/stm32h5xx_hal_msp.o
LOAD ./Core/Src/stm32h5xx_it.o
LOAD ./Core/Src/syscalls.o
LOAD ./Core/Src/sysmem.o
LOAD ./Core/Src/system_stm32h5xx.o
LOAD ./Core/Startup/startup_stm32h563vitx.o
LOAD ./Drivers/STM32H5xx_HAL_Driver/Src/stm32h5xx_hal.o
LOAD ./Drivers/STM32H5xx_HAL_Driver/Src/stm32h5xx_hal_cortex.o
LOAD ./Drivers/STM32H5xx_HAL_Driver/Src/stm32h5xx_hal_dma.o
LOAD ./Drivers/STM32H5xx_HAL_Driver/Src/stm32h5xx_hal_dma_ex.o
LOAD ./Drivers/STM32H5xx_HAL_Driver/Src/stm32h5xx_hal_exti.o
LOAD ./Drivers/STM32H5xx_HAL_Driver/Src/stm32h5xx_hal_fdcan.o
LOAD ./Drivers/STM32H5xx_HAL_Driver/Src/stm32h5xx_hal_flash.o
LOAD ./Drivers/STM32H5xx_HAL_Driver/Src/stm32h5xx_hal_flash_ex.o
LOAD ./Drivers/STM32H5xx_HAL_Driver/Src/stm32h5xx_hal_gpio.o
LOAD ./Drivers/STM32H5xx_HAL_Driver/Src/stm32h5xx_hal_pcd.o
LOAD ./Drivers/STM32H5xx_HAL_Driver/Src/stm32h5xx_hal_pcd_ex.o
LOAD ./Drivers/STM32H5xx_HAL_Driver/Src/stm32h5xx_hal_pwr.o
LOAD ./Drivers/STM32H5xx_HAL_Driver/Src/stm32h5xx_hal_pwr_ex.o
LOAD ./Drivers/STM32H5xx_HAL_Driver/Src/stm32h5xx_hal_rcc.o
LOAD ./Drivers/STM32H5xx_HAL_Driver/Src/stm32h5xx_hal_rcc_ex.o
LOAD ./Drivers/STM32H5xx_HAL_Driver/Src/stm32h5xx_hal_spi.o
LOAD ./Drivers/STM32H5xx_HAL_Driver/Src/stm32h5xx_hal_spi_ex.o
LOAD ./Drivers/STM32H5xx_HAL_Driver/Src/stm32h5xx_hal_uart.o
LOAD ./Drivers/STM32H5xx_HAL_Driver/Src/stm32h5xx_hal_uart_ex.o
LOAD ./Drivers/STM32H5xx_HAL_Driver/Src/stm32h5xx_ll_usb.o
LOAD ./Middlewares/Third_Party/FreeRTOS/Source/CMSIS_RTOS_V2/cmsis_os2.o
LOAD ./Middlewares/Third_Party/FreeRTOS/Source/croutine.o
LOAD ./Middlewares/Third_Party/FreeRTOS/Source/event_groups.o
LOAD ./Middlewares/Third_Party/FreeRTOS/Source/list.o
LOAD ./Middlewares/Third_Party/FreeRTOS/Source/queue.o
LOAD ./Middlewares/Third_Party/FreeRTOS/Source/stream_buffer.o
LOAD ./Middlewares/Third_Party/FreeRTOS/Source/tasks.o
LOAD ./Middlewares/Third_Party/FreeRTOS/Source/timers.o
LOAD ./Middlewares/Third_Party/FreeRTOS/Source/portable/GCC/ARM_CM33_NTZ/non_secure/port.o
LOAD ./Middlewares/Third_Party/FreeRTOS/Source/portable/GCC/ARM_CM33_NTZ/non_secure/portasm.o
LOAD ./Middlewares/Third_Party/FreeRTOS/Source/portable/MemMang/heap_1.o
START GROUP
LOAD /Applications/STM32CubeIDE.app/Contents/Eclipse/plugins/com.st.stm32cube.ide.mcu.externaltools.gnu-tools-for-stm32.13.3.rel1.macos64_1.0.0.202411102158/tools/bin/../lib/gcc/arm-none-eabi/13.3.1/../../../../arm-none-eabi/lib/thumb/v8-m.main+fp/hard/libc_nano.a
LOAD /Applications/STM32CubeIDE.app/Contents/Eclipse/plugins/com.st.stm32cube.ide.mcu.externaltools.gnu-tools-for-stm32.13.3.rel1.macos64_1.0.0.202411102158/tools/bin/../lib/gcc/arm-none-eabi/13.3.1/../../../../arm-none-eabi/lib/thumb/v8-m.main+fp/hard/libm.a
END GROUP
START GROUP
LOAD /Applications/STM32CubeIDE.app/Contents/Eclipse/plugins/com.st.stm32cube.ide.mcu.externaltools.gnu-tools-for-stm32.13.3.rel1.macos64_1.0.0.202411102158/tools/bin/../lib/gcc/arm-none-eabi/13.3.1/thumb/v8-m.main+fp/hard/libgcc.a
LOAD /Applications/STM32CubeIDE.app/Contents/Eclipse/plugins/com.st.stm32cube.ide.mcu.externaltools.gnu-tools-for-stm32.13.3.rel1.macos64_1.0.0.202411102158/tools/bin/../lib/gcc/arm-none-eabi/13.3.1/../../../../arm-none-eabi/lib/thumb/v8-m.main+fp/hard/libc_nano.a
END GROUP
START GROUP
LOAD /Applications/STM32CubeIDE.app/Contents/Eclipse/plugins/com.st.stm32cube.ide.mcu.externaltools.gnu-tools-for-stm32.13.3.rel1.macos64_1.0.0.202411102158/tools/bin/../lib/gcc/arm-none-eabi/13.3.1/thumb/v8-m.main+fp/hard/libgcc.a
LOAD /Applications/STM32CubeIDE.app/Contents/Eclipse/plugins/com.st.stm32cube.ide.mcu.externaltools.gnu-tools-for-stm32.13.3.rel1.macos64_1.0.0.202411102158/tools/bin/../lib/gcc/arm-none-eabi/13.3.1/../../../../arm-none-eabi/lib/thumb/v8-m.main+fp/hard/libc_nano.a
LOAD /Applications/STM32CubeIDE.app/Contents/Eclipse/plugins/com.st.stm32cube.ide.mcu.externaltools.gnu-tools-for-stm32.13.3.rel1.macos64_1.0.0.202411102158/tools/bin/../lib/gcc/arm-none-eabi/13.3.1/../../../../arm-none-eabi/lib/thumb/v8-m.main+fp/hard/libnosys.a
END GROUP
START GROUP
LOAD /Applications/STM32CubeIDE.app/Contents/Eclipse/plugins/com.st.stm32cube.ide.mcu.externaltools.gnu-tools-for-stm32.13.3.rel1.macos64_1.0.0.202411102158/tools/bin/../lib/gcc/arm-none-eabi/13.3.1/thumb/v8-m.main+fp/hard/libgcc.a
LOAD /Applications/STM32CubeIDE.app/Contents/Eclipse/plugins/com.st.stm32cube.ide.mcu.externaltools.gnu-tools-for-stm32.13.3.rel1.macos64_1.0.0.202411102158/tools/bin/../lib/gcc/arm-none-eabi/13.3.1/../../../../arm-none-eabi/lib/thumb/v8-m.main+fp/hard/libc_nano.a
LOAD /Applications/STM32CubeIDE.app/Contents/Eclipse/plugins/com.st.stm32cube.ide.mcu.externaltools.gnu-tools-for-stm32.13.3.rel1.macos64_1.0.0.202411102158/tools/bin/../lib/gcc/arm-none-eabi/13.3.1/../../../../arm-none-eabi/lib/thumb/v8-m.main+fp/hard/libnosys.a
END GROUP
LOAD /Applications/STM32CubeIDE.app/Contents/Eclipse/plugins/com.st.stm32cube.ide.mcu.externaltools.gnu-tools-for-stm32.13.3.rel1.macos64_1.0.0.202411102158/tools/bin/../lib/gcc/arm-none-eabi/13.3.1/thumb/v8-m.main+fp/hard/crtend.o
LOAD /Applications/STM32CubeIDE.app/Contents/Eclipse/plugins/com.st.stm32cube.ide.mcu.externaltools.gnu-tools-for-stm32.13.3.rel1.macos64_1.0.0.202411102158/tools/bin/../lib/gcc/arm-none-eabi/13.3.1/thumb/v8-m.main+fp/hard/crtn.o
                0x200a0000                        _estack = (ORIGIN (RAM) + LENGTH (RAM))
                0x00000200                        _Min_Heap_Size = 0x200
                0x00000400                        _Min_Stack_Size = 0x400

.isr_vector     0x08000000      0x24c
                0x08000000                        . = ALIGN (0x4)
 *(.isr_vector)
 .isr_vector    0x08000000      0x24c ./Core/Startup/startup_stm32h563vitx.o
                0x08000000                g_pfnVectors
                0x0800024c                        . = ALIGN (0x4)

.text           0x08000250     0xc528
                0x08000250                        . = ALIGN (0x4)
 *(.text)
 .text          0x08000250       0x40 /Applications/STM32CubeIDE.app/Contents/Eclipse/plugins/com.st.stm32cube.ide.mcu.externaltools.gnu-tools-for-stm32.13.3.rel1.macos64_1.0.0.202411102158/tools/bin/../lib/gcc/arm-none-eabi/13.3.1/thumb/v8-m.main+fp/hard/crtbegin.o
 .text          0x08000290       0x30 /Applications/STM32CubeIDE.app/Contents/Eclipse/plugins/com.st.stm32cube.ide.mcu.externaltools.gnu-tools-for-stm32.13.3.rel1.macos64_1.0.0.202411102158/tools/bin/../lib/gcc/arm-none-eabi/13.3.1/thumb/v8-m.main+fp/hard/libgcc.a(_aeabi_uldivmod.o)
                0x08000290                __aeabi_uldivmod
 .text          0x080002c0      0x348 /Applications/STM32CubeIDE.app/Contents/Eclipse/plugins/com.st.stm32cube.ide.mcu.externaltools.gnu-tools-for-stm32.13.3.rel1.macos64_1.0.0.202411102158/tools/bin/../lib/gcc/arm-none-eabi/13.3.1/thumb/v8-m.main+fp/hard/libgcc.a(_udivmoddi4.o)
                0x080002c0                __udivmoddi4
 .text          0x08000608        0x4 /Applications/STM32CubeIDE.app/Contents/Eclipse/plugins/com.st.stm32cube.ide.mcu.externaltools.gnu-tools-for-stm32.13.3.rel1.macos64_1.0.0.202411102158/tools/bin/../lib/gcc/arm-none-eabi/13.3.1/thumb/v8-m.main+fp/hard/libgcc.a(_dvmd_tls.o)
                0x08000608                __aeabi_ldiv0
                0x08000608                __aeabi_idiv0
 *(.text*)
 .text.give_lv_perms
                0x0800060c       0x18 ./Core/Src/StartupTask.o
 .text.give_motor_perms
                0x08000624       0x18 ./Core/Src/StartupTask.o
 .text.give_array_perms
                0x0800063c       0x18 ./Core/Src/StartupTask.o
 .text.Startup_Flowchart
                0x08000654      0x11c ./Core/Src/StartupTask.o
 .text.StartupTask
                0x08000770       0x24 ./Core/Src/StartupTask.o
                0x08000770                StartupTask
 .text.MX_FREERTOS_Init
                0x08000794      0x13c ./Core/Src/app_freertos.o
                0x08000794                MX_FREERTOS_Init
 .text.StartDefaultTask
                0x080008d0       0x12 ./Core/Src/app_freertos.o
                0x080008d0                StartDefaultTask
 .text.CAN_Rx_Task
                0x080008e2        0xe ./Core/Src/can_rx.o
                0x080008e2                CAN_Rx_Task
 .text.CAN_Rx   0x080008f0       0xe4 ./Core/Src/can_rx.o
 .text.CAN_Tx_Init
                0x080009d4       0x1c ./Core/Src/can_tx.o
                0x080009d4                CAN_Tx_Init
 .text.CAN_Tx_Send
                0x080009f0       0x54 ./Core/Src/can_tx.o
                0x080009f0                CAN_Tx_Send
 .text.CAN_Tx_Task
                0x08000a44       0x38 ./Core/Src/can_tx.o
                0x08000a44                CAN_Tx_Task
 .text.main     0x08000a7c       0x38 ./Core/Src/main.o
                0x08000a7c                main
 .text.SystemClock_Config
                0x08000ab4       0xf8 ./Core/Src/main.o
                0x08000ab4                SystemClock_Config
 .text.MX_FDCAN1_Init
                0x08000bac      0x164 ./Core/Src/main.o
 .text.MX_SPI1_Init
                0x08000d10       0xac ./Core/Src/main.o
 .text.MX_UART4_Init
                0x08000dbc       0x98 ./Core/Src/main.o
 .text.MX_USART3_UART_Init
                0x08000e54       0x9c ./Core/Src/main.o
 .text.MX_USB_PCD_Init
                0x08000ef0       0x64 ./Core/Src/main.o
 .text.MX_GPIO_Init
                0x08000f54      0x1f4 ./Core/Src/main.o
 .text.Error_Handler
                0x08001148        0xc ./Core/Src/main.o
                0x08001148                Error_Handler
 .text.HAL_MspInit
                0x08001154       0x14 ./Core/Src/stm32h5xx_hal_msp.o
                0x08001154                HAL_MspInit
 .text.HAL_FDCAN_MspInit
                0x08001168      0x11c ./Core/Src/stm32h5xx_hal_msp.o
                0x08001168                HAL_FDCAN_MspInit
 .text.HAL_SPI_MspInit
                0x08001284      0x11c ./Core/Src/stm32h5xx_hal_msp.o
                0x08001284                HAL_SPI_MspInit
 .text.HAL_UART_MspInit
                0x080013a0      0x250 ./Core/Src/stm32h5xx_hal_msp.o
                0x080013a0                HAL_UART_MspInit
 .text.HAL_PCD_MspInit
                0x080015f0       0xb4 ./Core/Src/stm32h5xx_hal_msp.o
                0x080015f0                HAL_PCD_MspInit
 .text.NMI_Handler
                0x080016a4        0x8 ./Core/Src/stm32h5xx_it.o
                0x080016a4                NMI_Handler
 .text.HardFault_Handler
                0x080016ac        0x8 ./Core/Src/stm32h5xx_it.o
                0x080016ac                HardFault_Handler
 .text.MemManage_Handler
                0x080016b4        0x8 ./Core/Src/stm32h5xx_it.o
                0x080016b4                MemManage_Handler
 .text.BusFault_Handler
                0x080016bc        0x8 ./Core/Src/stm32h5xx_it.o
                0x080016bc                BusFault_Handler
 .text.UsageFault_Handler
                0x080016c4        0x8 ./Core/Src/stm32h5xx_it.o
                0x080016c4                UsageFault_Handler
 .text.DebugMon_Handler
                0x080016cc        0xe ./Core/Src/stm32h5xx_it.o
                0x080016cc                DebugMon_Handler
 *fill*         0x080016da        0x2 
 .text.SystemInit
                0x080016dc       0xf8 ./Core/Src/system_stm32h5xx.o
                0x080016dc                SystemInit
 .text.Reset_Handler
                0x080017d4       0x50 ./Core/Startup/startup_stm32h563vitx.o
                0x080017d4                Reset_Handler
 .text.Default_Handler
                0x08001824        0x2 ./Core/Startup/startup_stm32h563vitx.o
                0x08001824                HASH_IRQHandler
                0x08001824                TIM8_TRG_COM_IRQHandler
                0x08001824                TIM8_CC_IRQHandler
                0x08001824                EXTI5_IRQHandler
                0x08001824                I3C1_ER_IRQHandler
                0x08001824                UART8_IRQHandler
                0x08001824                SPI4_IRQHandler
                0x08001824                GPDMA2_Channel1_IRQHandler
                0x08001824                FLASH_S_IRQHandler
                0x08001824                EXTI13_IRQHandler
                0x08001824                TIM1_CC_IRQHandler
                0x08001824                GPDMA2_Channel3_IRQHandler
                0x08001824                TAMP_IRQHandler
                0x08001824                TIM6_IRQHandler
                0x08001824                EXTI12_IRQHandler
                0x08001824                CORDIC_IRQHandler
                0x08001824                USB_DRD_FS_IRQHandler
                0x08001824                EXTI3_IRQHandler
                0x08001824                LPTIM4_IRQHandler
                0x08001824                GPDMA1_Channel5_IRQHandler
                0x08001824                EXTI8_IRQHandler
                0x08001824                GPDMA2_Channel5_IRQHandler
                0x08001824                LPTIM2_IRQHandler
                0x08001824                I2C3_ER_IRQHandler
                0x08001824                GPDMA2_Channel2_IRQHandler
                0x08001824                USART10_IRQHandler
                0x08001824                LPTIM3_IRQHandler
                0x08001824                EXTI0_IRQHandler
                0x08001824                I2C2_EV_IRQHandler
                0x08001824                FPU_IRQHandler
                0x08001824                GPDMA1_Channel3_IRQHandler
                0x08001824                GPDMA1_Channel7_IRQHandler
                0x08001824                FDCAN1_IT1_IRQHandler
                0x08001824                RAMCFG_IRQHandler
                0x08001824                DCACHE1_IRQHandler
                0x08001824                SPI1_IRQHandler
                0x08001824                OCTOSPI1_IRQHandler
                0x08001824                GPDMA1_Channel2_IRQHandler
                0x08001824                TIM8_UP_IRQHandler
                0x08001824                RCC_S_IRQHandler
                0x08001824                SAI2_IRQHandler
                0x08001824                ADC1_IRQHandler
                0x08001824                USART6_IRQHandler
                0x08001824                EXTI15_IRQHandler
                0x08001824                TIM17_IRQHandler
                0x08001824                USART3_IRQHandler
                0x08001824                RTC_IRQHandler
                0x08001824                EXTI9_IRQHandler
                0x08001824                LPTIM5_IRQHandler
                0x08001824                UART5_IRQHandler
                0x08001824                TIM4_IRQHandler
                0x08001824                I2C1_EV_IRQHandler
                0x08001824                GPDMA1_Channel1_IRQHandler
                0x08001824                TIM16_IRQHandler
                0x08001824                UART4_IRQHandler
                0x08001824                SecureFault_Handler
                0x08001824                TIM3_IRQHandler
                0x08001824                RCC_IRQHandler
                0x08001824                UART9_IRQHandler
                0x08001824                TIM1_TRG_COM_IRQHandler
                0x08001824                Default_Handler
                0x08001824                FMAC_IRQHandler
                0x08001824                CEC_IRQHandler
                0x08001824                USART11_IRQHandler
                0x08001824                TIM14_IRQHandler
                0x08001824                TIM13_IRQHandler
                0x08001824                GPDMA2_Channel4_IRQHandler
                0x08001824                SPI5_IRQHandler
                0x08001824                TIM12_IRQHandler
                0x08001824                TIM7_IRQHandler
                0x08001824                SDMMC1_IRQHandler
                0x08001824                TIM5_IRQHandler
                0x08001824                UCPD1_IRQHandler
                0x08001824                GPDMA1_Channel0_IRQHandler
                0x08001824                I3C1_EV_IRQHandler
                0x08001824                TIM15_IRQHandler
                0x08001824                PVD_AVD_IRQHandler
                0x08001824                I2C3_EV_IRQHandler
                0x08001824                ETH_WKUP_IRQHandler
                0x08001824                ADC2_IRQHandler
                0x08001824                SPI2_IRQHandler
                0x08001824                EXTI14_IRQHandler
                0x08001824                EXTI11_IRQHandler
                0x08001824                CRS_IRQHandler
                0x08001824                EXTI4_IRQHandler
                0x08001824                GPDMA2_Channel0_IRQHandler
                0x08001824                RTC_S_IRQHandler
                0x08001824                RNG_IRQHandler
                0x08001824                FDCAN2_IT1_IRQHandler
                0x08001824                ETH_IRQHandler
                0x08001824                GPDMA2_Channel6_IRQHandler
                0x08001824                TIM1_UP_IRQHandler
                0x08001824                UART12_IRQHandler
                0x08001824                WWDG_IRQHandler
                0x08001824                SPI6_IRQHandler
                0x08001824                I2C4_EV_IRQHandler
                0x08001824                FDCAN2_IT0_IRQHandler
                0x08001824                IWDG_IRQHandler
                0x08001824                LPUART1_IRQHandler
                0x08001824                FDCAN1_IT0_IRQHandler
                0x08001824                TIM2_IRQHandler
                0x08001824                GPDMA1_Channel4_IRQHandler
                0x08001824                EXTI7_IRQHandler
                0x08001824                TIM1_BRK_IRQHandler
                0x08001824                EXTI1_IRQHandler
                0x08001824                SDMMC2_IRQHandler
                0x08001824                LPTIM6_IRQHandler
                0x08001824                DAC1_IRQHandler
                0x08001824                DTS_IRQHandler
                0x08001824                UART7_IRQHandler
                0x08001824                GTZC_IRQHandler
                0x08001824                USART2_IRQHandler
                0x08001824                GPDMA1_Channel6_IRQHandler
                0x08001824                GPDMA2_Channel7_IRQHandler
                0x08001824                I2C2_ER_IRQHandler
                0x08001824                TIM8_BRK_IRQHandler
                0x08001824                FLASH_IRQHandler
                0x08001824                USART1_IRQHandler
                0x08001824                EXTI10_IRQHandler
                0x08001824                SPI3_IRQHandler
                0x08001824                I2C1_ER_IRQHandler
                0x08001824                FMC_IRQHandler
                0x08001824                EXTI6_IRQHandler
                0x08001824                LPTIM1_IRQHandler
                0x08001824                DCMI_PSSI_IRQHandler
                0x08001824                I2C4_ER_IRQHandler
                0x08001824                ICACHE_IRQHandler
                0x08001824                SAI1_IRQHandler
                0x08001824                EXTI2_IRQHandler
 *fill*         0x08001826        0x2 
 .text.HAL_Init
                0x08001828       0x50 ./Drivers/STM32H5xx_HAL_Driver/Src/stm32h5xx_hal.o
                0x08001828                HAL_Init
 .text.HAL_InitTick
                0x08001878       0xec ./Drivers/STM32H5xx_HAL_Driver/Src/stm32h5xx_hal.o
                0x08001878                HAL_InitTick
 .text.HAL_GetTick
                0x08001964       0x18 ./Drivers/STM32H5xx_HAL_Driver/Src/stm32h5xx_hal.o
                0x08001964                HAL_GetTick
 .text.__NVIC_SetPriorityGrouping
                0x0800197c       0x48 ./Drivers/STM32H5xx_HAL_Driver/Src/stm32h5xx_hal_cortex.o
 .text.__NVIC_GetPriorityGrouping
                0x080019c4       0x1c ./Drivers/STM32H5xx_HAL_Driver/Src/stm32h5xx_hal_cortex.o
 .text.__NVIC_SetPriority
                0x080019e0       0x54 ./Drivers/STM32H5xx_HAL_Driver/Src/stm32h5xx_hal_cortex.o
 .text.NVIC_EncodePriority
                0x08001a34       0x66 ./Drivers/STM32H5xx_HAL_Driver/Src/stm32h5xx_hal_cortex.o
 .text.HAL_NVIC_SetPriorityGrouping
                0x08001a9a       0x16 ./Drivers/STM32H5xx_HAL_Driver/Src/stm32h5xx_hal_cortex.o
                0x08001a9a                HAL_NVIC_SetPriorityGrouping
 .text.HAL_NVIC_SetPriority
                0x08001ab0       0x34 ./Drivers/STM32H5xx_HAL_Driver/Src/stm32h5xx_hal_cortex.o
                0x08001ab0                HAL_NVIC_SetPriority
 .text.HAL_SYSTICK_Config
                0x08001ae4       0x44 ./Drivers/STM32H5xx_HAL_Driver/Src/stm32h5xx_hal_cortex.o
                0x08001ae4                HAL_SYSTICK_Config
 .text.HAL_SYSTICK_CLKSourceConfig
                0x08001b28       0xb0 ./Drivers/STM32H5xx_HAL_Driver/Src/stm32h5xx_hal_cortex.o
                0x08001b28                HAL_SYSTICK_CLKSourceConfig
 .text.HAL_SYSTICK_GetCLKSourceConfig
                0x08001bd8       0x6c ./Drivers/STM32H5xx_HAL_Driver/Src/stm32h5xx_hal_cortex.o
                0x08001bd8                HAL_SYSTICK_GetCLKSourceConfig
 .text.HAL_FDCAN_Init
                0x08001c44      0x2b4 ./Drivers/STM32H5xx_HAL_Driver/Src/stm32h5xx_hal_fdcan.o
                0x08001c44                HAL_FDCAN_Init
 .text.HAL_FDCAN_ConfigFilter
                0x08001ef8       0xb4 ./Drivers/STM32H5xx_HAL_Driver/Src/stm32h5xx_hal_fdcan.o
                0x08001ef8                HAL_FDCAN_ConfigFilter
 .text.HAL_FDCAN_Start
                0x08001fac       0x50 ./Drivers/STM32H5xx_HAL_Driver/Src/stm32h5xx_hal_fdcan.o
                0x08001fac                HAL_FDCAN_Start
 .text.HAL_FDCAN_AddMessageToTxFifoQ
                0x08001ffc       0x88 ./Drivers/STM32H5xx_HAL_Driver/Src/stm32h5xx_hal_fdcan.o
                0x08001ffc                HAL_FDCAN_AddMessageToTxFifoQ
 .text.FDCAN_CalcultateRamBlockAddresses
                0x08002084       0xc4 ./Drivers/STM32H5xx_HAL_Driver/Src/stm32h5xx_hal_fdcan.o
 .text.FDCAN_CopyMessageToRAM
                0x08002148       0xf8 ./Drivers/STM32H5xx_HAL_Driver/Src/stm32h5xx_hal_fdcan.o
 .text.HAL_GPIO_Init
                0x08002240      0x2bc ./Drivers/STM32H5xx_HAL_Driver/Src/stm32h5xx_hal_gpio.o
                0x08002240                HAL_GPIO_Init
 .text.HAL_GPIO_ReadPin
                0x080024fc       0x30 ./Drivers/STM32H5xx_HAL_Driver/Src/stm32h5xx_hal_gpio.o
                0x080024fc                HAL_GPIO_ReadPin
 .text.HAL_GPIO_WritePin
                0x0800252c       0x30 ./Drivers/STM32H5xx_HAL_Driver/Src/stm32h5xx_hal_gpio.o
                0x0800252c                HAL_GPIO_WritePin
 .text.HAL_PCD_Init
                0x0800255c      0x202 ./Drivers/STM32H5xx_HAL_Driver/Src/stm32h5xx_hal_pcd.o
                0x0800255c                HAL_PCD_Init
 .text.HAL_PCDEx_ActivateLPM
                0x0800275e       0x44 ./Drivers/STM32H5xx_HAL_Driver/Src/stm32h5xx_hal_pcd_ex.o
                0x0800275e                HAL_PCDEx_ActivateLPM
 *fill*         0x080027a2        0x2 
 .text.HAL_PWREx_EnableVddUSB
                0x080027a4       0x20 ./Drivers/STM32H5xx_HAL_Driver/Src/stm32h5xx_hal_pwr_ex.o
                0x080027a4                HAL_PWREx_EnableVddUSB
 .text.HAL_RCC_OscConfig
                0x080027c4      0x870 ./Drivers/STM32H5xx_HAL_Driver/Src/stm32h5xx_hal_rcc.o
                0x080027c4                HAL_RCC_OscConfig
 .text.HAL_RCC_ClockConfig
                0x08003034      0x370 ./Drivers/STM32H5xx_HAL_Driver/Src/stm32h5xx_hal_rcc.o
                0x08003034                HAL_RCC_ClockConfig
 .text.HAL_RCC_GetSysClockFreq
                0x080033a4      0x258 ./Drivers/STM32H5xx_HAL_Driver/Src/stm32h5xx_hal_rcc.o
                0x080033a4                HAL_RCC_GetSysClockFreq
 .text.HAL_RCC_GetHCLKFreq
                0x080035fc       0x38 ./Drivers/STM32H5xx_HAL_Driver/Src/stm32h5xx_hal_rcc.o
                0x080035fc                HAL_RCC_GetHCLKFreq
 .text.HAL_RCC_GetPCLK1Freq
                0x08003634       0x2c ./Drivers/STM32H5xx_HAL_Driver/Src/stm32h5xx_hal_rcc.o
                0x08003634                HAL_RCC_GetPCLK1Freq
 .text.HAL_RCC_GetPCLK2Freq
                0x08003660       0x2c ./Drivers/STM32H5xx_HAL_Driver/Src/stm32h5xx_hal_rcc.o
                0x08003660                HAL_RCC_GetPCLK2Freq
 .text.HAL_RCC_GetPCLK3Freq
                0x0800368c       0x2c ./Drivers/STM32H5xx_HAL_Driver/Src/stm32h5xx_hal_rcc.o
                0x0800368c                HAL_RCC_GetPCLK3Freq
 .text.HAL_RCCEx_PeriphCLKConfig
                0x080036b8     0x1f14 ./Drivers/STM32H5xx_HAL_Driver/Src/stm32h5xx_hal_rcc_ex.o
                0x080036b8                HAL_RCCEx_PeriphCLKConfig
 .text.HAL_RCCEx_GetPLL1ClockFreq
                0x080055cc      0x2d8 ./Drivers/STM32H5xx_HAL_Driver/Src/stm32h5xx_hal_rcc_ex.o
                0x080055cc                HAL_RCCEx_GetPLL1ClockFreq
 .text.HAL_RCCEx_GetPLL2ClockFreq
                0x080058a4      0x2d8 ./Drivers/STM32H5xx_HAL_Driver/Src/stm32h5xx_hal_rcc_ex.o
                0x080058a4                HAL_RCCEx_GetPLL2ClockFreq
 .text.HAL_RCCEx_GetPLL3ClockFreq
                0x08005b7c      0x2d8 ./Drivers/STM32H5xx_HAL_Driver/Src/stm32h5xx_hal_rcc_ex.o
                0x08005b7c                HAL_RCCEx_GetPLL3ClockFreq
 .text.HAL_RCCEx_GetPeriphCLKFreq
                0x08005e54     0x26b4 ./Drivers/STM32H5xx_HAL_Driver/Src/stm32h5xx_hal_rcc_ex.o
                0x08005e54                HAL_RCCEx_GetPeriphCLKFreq
 .text.RCCEx_PLL2_Config
                0x08008508      0x130 ./Drivers/STM32H5xx_HAL_Driver/Src/stm32h5xx_hal_rcc_ex.o
 .text.RCCEx_PLL3_Config
                0x08008638      0x130 ./Drivers/STM32H5xx_HAL_Driver/Src/stm32h5xx_hal_rcc_ex.o
 .text.HAL_SPI_Init
                0x08008768      0x2e0 ./Drivers/STM32H5xx_HAL_Driver/Src/stm32h5xx_hal_spi.o
                0x08008768                HAL_SPI_Init
 .text.SPI_GetPacketSize
                0x08008a48       0x36 ./Drivers/STM32H5xx_HAL_Driver/Src/stm32h5xx_hal_spi.o
 .text.HAL_UART_Init
                0x08008a7e       0xa0 ./Drivers/STM32H5xx_HAL_Driver/Src/stm32h5xx_hal_uart.o
                0x08008a7e                HAL_UART_Init
 *fill*         0x08008b1e        0x2 
 .text.UART_SetConfig
                0x08008b20      0x3dc ./Drivers/STM32H5xx_HAL_Driver/Src/stm32h5xx_hal_uart.o
                0x08008b20                UART_SetConfig
 .text.UART_AdvFeatureConfig
                0x08008efc      0x144 ./Drivers/STM32H5xx_HAL_Driver/Src/stm32h5xx_hal_uart.o
                0x08008efc                UART_AdvFeatureConfig
 .text.UART_CheckIdleState
                0x08009040      0x154 ./Drivers/STM32H5xx_HAL_Driver/Src/stm32h5xx_hal_uart.o
                0x08009040                UART_CheckIdleState
 .text.UART_WaitOnFlagUntilTimeout
                0x08009194       0xda ./Drivers/STM32H5xx_HAL_Driver/Src/stm32h5xx_hal_uart.o
                0x08009194                UART_WaitOnFlagUntilTimeout
 .text.UART_EndRxTransfer
                0x0800926e       0xcc ./Drivers/STM32H5xx_HAL_Driver/Src/stm32h5xx_hal_uart.o
 .text.HAL_UARTEx_DisableFifoMode
                0x0800933a       0x72 ./Drivers/STM32H5xx_HAL_Driver/Src/stm32h5xx_hal_uart_ex.o
                0x0800933a                HAL_UARTEx_DisableFifoMode
 .text.HAL_UARTEx_SetTxFifoThreshold
                0x080093ac       0x7c ./Drivers/STM32H5xx_HAL_Driver/Src/stm32h5xx_hal_uart_ex.o
                0x080093ac                HAL_UARTEx_SetTxFifoThreshold
 .text.HAL_UARTEx_SetRxFifoThreshold
                0x08009428       0x7c ./Drivers/STM32H5xx_HAL_Driver/Src/stm32h5xx_hal_uart_ex.o
                0x08009428                HAL_UARTEx_SetRxFifoThreshold
 .text.UARTEx_SetNbDataToProcess
                0x080094a4       0x9c ./Drivers/STM32H5xx_HAL_Driver/Src/stm32h5xx_hal_uart_ex.o
 .text.USB_CoreReset
                0x08009540       0x2e ./Drivers/STM32H5xx_HAL_Driver/Src/stm32h5xx_ll_usb.o
 .text.USB_CoreInit
                0x0800956e       0x3c ./Drivers/STM32H5xx_HAL_Driver/Src/stm32h5xx_ll_usb.o
                0x0800956e                USB_CoreInit
 .text.USB_DisableGlobalInt
                0x080095aa       0x2a ./Drivers/STM32H5xx_HAL_Driver/Src/stm32h5xx_ll_usb.o
                0x080095aa                USB_DisableGlobalInt
 .text.USB_SetCurrentMode
                0x080095d4       0x46 ./Drivers/STM32H5xx_HAL_Driver/Src/stm32h5xx_ll_usb.o
                0x080095d4                USB_SetCurrentMode
 .text.USB_DevInit
                0x0800961a       0x46 ./Drivers/STM32H5xx_HAL_Driver/Src/stm32h5xx_ll_usb.o
                0x0800961a                USB_DevInit
 .text.USB_DevDisconnect
                0x08009660       0x22 ./Drivers/STM32H5xx_HAL_Driver/Src/stm32h5xx_ll_usb.o
                0x08009660                USB_DevDisconnect
 *fill*         0x08009682        0x2 
 .text.__NVIC_SetPriority
                0x08009684       0x54 ./Middlewares/Third_Party/FreeRTOS/Source/CMSIS_RTOS_V2/cmsis_os2.o
 .text.SysTick_Handler
                0x080096d8       0x20 ./Middlewares/Third_Party/FreeRTOS/Source/CMSIS_RTOS_V2/cmsis_os2.o
                0x080096d8                SysTick_Handler
 .text.SVC_Setup
                0x080096f8       0x12 ./Middlewares/Third_Party/FreeRTOS/Source/CMSIS_RTOS_V2/cmsis_os2.o
 .text.IRQ_Context
                0x0800970a       0x4e ./Middlewares/Third_Party/FreeRTOS/Source/CMSIS_RTOS_V2/cmsis_os2.o
 .text.osKernelInitialize
                0x08009758       0x4c ./Middlewares/Third_Party/FreeRTOS/Source/CMSIS_RTOS_V2/cmsis_os2.o
                0x08009758                osKernelInitialize
 .text.osKernelStart
                0x080097a4       0x54 ./Middlewares/Third_Party/FreeRTOS/Source/CMSIS_RTOS_V2/cmsis_os2.o
                0x080097a4                osKernelStart
 .text.osThreadNew
                0x080097f8      0x122 ./Middlewares/Third_Party/FreeRTOS/Source/CMSIS_RTOS_V2/cmsis_os2.o
                0x080097f8                osThreadNew
 .text.osThreadTerminate
                0x0800991a       0x58 ./Middlewares/Third_Party/FreeRTOS/Source/CMSIS_RTOS_V2/cmsis_os2.o
                0x0800991a                osThreadTerminate
 .text.osDelay  0x08009972       0x34 ./Middlewares/Third_Party/FreeRTOS/Source/CMSIS_RTOS_V2/cmsis_os2.o
                0x08009972                osDelay
 .text.osMutexNew
                0x080099a6      0x10a ./Middlewares/Third_Party/FreeRTOS/Source/CMSIS_RTOS_V2/cmsis_os2.o
                0x080099a6                osMutexNew
 .text.osMessageQueueNew
                0x08009ab0       0xe4 ./Middlewares/Third_Party/FreeRTOS/Source/CMSIS_RTOS_V2/cmsis_os2.o
                0x08009ab0                osMessageQueueNew
 .text.osMessageQueuePut
                0x08009b94       0xb4 ./Middlewares/Third_Party/FreeRTOS/Source/CMSIS_RTOS_V2/cmsis_os2.o
                0x08009b94                osMessageQueuePut
 .text.osMessageQueueGet
                0x08009c48       0xb0 ./Middlewares/Third_Party/FreeRTOS/Source/CMSIS_RTOS_V2/cmsis_os2.o
                0x08009c48                osMessageQueueGet
 .text.vApplicationGetIdleTaskMemory
                0x08009cf8       0x34 ./Middlewares/Third_Party/FreeRTOS/Source/CMSIS_RTOS_V2/cmsis_os2.o
                0x08009cf8                vApplicationGetIdleTaskMemory
 .text.vApplicationGetTimerTaskMemory
                0x08009d2c       0x34 ./Middlewares/Third_Party/FreeRTOS/Source/CMSIS_RTOS_V2/cmsis_os2.o
                0x08009d2c                vApplicationGetTimerTaskMemory
 .text.vListInitialise
                0x08009d60       0x40 ./Middlewares/Third_Party/FreeRTOS/Source/list.o
                0x08009d60                vListInitialise
 .text.vListInitialiseItem
                0x08009da0       0x1a ./Middlewares/Third_Party/FreeRTOS/Source/list.o
                0x08009da0                vListInitialiseItem
 .text.vListInsertEnd
                0x08009dba       0x48 ./Middlewares/Third_Party/FreeRTOS/Source/list.o
                0x08009dba                vListInsertEnd
 .text.vListInsert
                0x08009e02       0x72 ./Middlewares/Third_Party/FreeRTOS/Source/list.o
                0x08009e02                vListInsert
 .text.uxListRemove
                0x08009e74       0x54 ./Middlewares/Third_Party/FreeRTOS/Source/list.o
                0x08009e74                uxListRemove
 .text.xQueueGenericReset
                0x08009ec8       0xf2 ./Middlewares/Third_Party/FreeRTOS/Source/queue.o
                0x08009ec8                xQueueGenericReset
 .text.xQueueGenericCreateStatic
                0x08009fba       0x92 ./Middlewares/Third_Party/FreeRTOS/Source/queue.o
                0x08009fba                xQueueGenericCreateStatic
 .text.xQueueGenericCreate
                0x0800a04c       0x96 ./Middlewares/Third_Party/FreeRTOS/Source/queue.o
                0x0800a04c                xQueueGenericCreate
 .text.prvInitialiseNewQueue
                0x0800a0e2       0x46 ./Middlewares/Third_Party/FreeRTOS/Source/queue.o
 .text.prvInitialiseMutex
                0x0800a128       0x34 ./Middlewares/Third_Party/FreeRTOS/Source/queue.o
 .text.xQueueCreateMutex
                0x0800a15c       0x30 ./Middlewares/Third_Party/FreeRTOS/Source/queue.o
                0x0800a15c                xQueueCreateMutex
 .text.xQueueCreateMutexStatic
                0x0800a18c       0x36 ./Middlewares/Third_Party/FreeRTOS/Source/queue.o
                0x0800a18c                xQueueCreateMutexStatic
 .text.xQueueGenericSend
                0x0800a1c2      0x19a ./Middlewares/Third_Party/FreeRTOS/Source/queue.o
                0x0800a1c2                xQueueGenericSend
 .text.xQueueGenericSendFromISR
                0x0800a35c      0x10c ./Middlewares/Third_Party/FreeRTOS/Source/queue.o
                0x0800a35c                xQueueGenericSendFromISR
 .text.xQueueReceive
                0x0800a468      0x178 ./Middlewares/Third_Party/FreeRTOS/Source/queue.o
                0x0800a468                xQueueReceive
 .text.xQueueReceiveFromISR
                0x0800a5e0       0xe4 ./Middlewares/Third_Party/FreeRTOS/Source/queue.o
                0x0800a5e0                xQueueReceiveFromISR
 .text.prvCopyDataToQueue
                0x0800a6c4       0xd4 ./Middlewares/Third_Party/FreeRTOS/Source/queue.o
 .text.prvCopyDataFromQueue
                0x0800a798       0x4c ./Middlewares/Third_Party/FreeRTOS/Source/queue.o
 .text.prvUnlockQueue
                0x0800a7e4       0xa4 ./Middlewares/Third_Party/FreeRTOS/Source/queue.o
 .text.prvIsQueueEmpty
                0x0800a888       0x2c ./Middlewares/Third_Party/FreeRTOS/Source/queue.o
 .text.prvIsQueueFull
                0x0800a8b4       0x30 ./Middlewares/Third_Party/FreeRTOS/Source/queue.o
 .text.vQueueAddToRegistry
                0x0800a8e4       0x8c ./Middlewares/Third_Party/FreeRTOS/Source/queue.o
                0x0800a8e4                vQueueAddToRegistry
 .text.vQueueWaitForMessageRestricted
                0x0800a970       0x68 ./Middlewares/Third_Party/FreeRTOS/Source/queue.o
                0x0800a970                vQueueWaitForMessageRestricted
 .text.xTaskCreateStatic
                0x0800a9d8       0x9a ./Middlewares/Third_Party/FreeRTOS/Source/tasks.o
                0x0800a9d8                xTaskCreateStatic
 .text.xTaskCreate
                0x0800aa72       0x94 ./Middlewares/Third_Party/FreeRTOS/Source/tasks.o
                0x0800aa72                xTaskCreate
 .text.prvInitialiseNewTask
                0x0800ab06      0x104 ./Middlewares/Third_Party/FreeRTOS/Source/tasks.o
 *fill*         0x0800ac0a        0x2 
 .text.prvAddNewTaskToReadyList
                0x0800ac0c      0x120 ./Middlewares/Third_Party/FreeRTOS/Source/tasks.o
 .text.vTaskDelete
                0x0800ad2c       0xd0 ./Middlewares/Third_Party/FreeRTOS/Source/tasks.o
                0x0800ad2c                vTaskDelete
 .text.vTaskDelay
                0x0800adfc       0x4c ./Middlewares/Third_Party/FreeRTOS/Source/tasks.o
                0x0800adfc                vTaskDelay
 .text.eTaskGetState
                0x0800ae48      0x100 ./Middlewares/Third_Party/FreeRTOS/Source/tasks.o
                0x0800ae48                eTaskGetState
 .text.vTaskStartScheduler
                0x0800af48       0xb8 ./Middlewares/Third_Party/FreeRTOS/Source/tasks.o
                0x0800af48                vTaskStartScheduler
 .text.vTaskSuspendAll
                0x0800b000       0x1c ./Middlewares/Third_Party/FreeRTOS/Source/tasks.o
                0x0800b000                vTaskSuspendAll
 .text.xTaskResumeAll
                0x0800b01c      0x1dc ./Middlewares/Third_Party/FreeRTOS/Source/tasks.o
                0x0800b01c                xTaskResumeAll
 .text.xTaskGetTickCount
                0x0800b1f8       0x20 ./Middlewares/Third_Party/FreeRTOS/Source/tasks.o
                0x0800b1f8                xTaskGetTickCount
 .text.uxTaskGetNumberOfTasks
                0x0800b218       0x18 ./Middlewares/Third_Party/FreeRTOS/Source/tasks.o
                0x0800b218                uxTaskGetNumberOfTasks
 .text.xTaskIncrementTick
                0x0800b230      0x220 ./Middlewares/Third_Party/FreeRTOS/Source/tasks.o
                0x0800b230                xTaskIncrementTick
 .text.vTaskSwitchContext
                0x0800b450       0xa8 ./Middlewares/Third_Party/FreeRTOS/Source/tasks.o
                0x0800b450                vTaskSwitchContext
 .text.vTaskPlaceOnEventList
                0x0800b4f8       0x3c ./Middlewares/Third_Party/FreeRTOS/Source/tasks.o
                0x0800b4f8                vTaskPlaceOnEventList
 .text.vTaskPlaceOnEventListRestricted
                0x0800b534       0x7c ./Middlewares/Third_Party/FreeRTOS/Source/tasks.o
                0x0800b534                vTaskPlaceOnEventListRestricted
 .text.xTaskRemoveFromEventList
                0x0800b5b0      0x19c ./Middlewares/Third_Party/FreeRTOS/Source/tasks.o
                0x0800b5b0                xTaskRemoveFromEventList
 .text.vTaskInternalSetTimeOutState
                0x0800b74c       0x2c ./Middlewares/Third_Party/FreeRTOS/Source/tasks.o
                0x0800b74c                vTaskInternalSetTimeOutState
 .text.xTaskCheckForTimeOut
                0x0800b778       0xb0 ./Middlewares/Third_Party/FreeRTOS/Source/tasks.o
                0x0800b778                xTaskCheckForTimeOut
 .text.vTaskMissedYield
                0x0800b828       0x18 ./Middlewares/Third_Party/FreeRTOS/Source/tasks.o
                0x0800b828                vTaskMissedYield
 .text.prvIdleTask
                0x0800b840       0x20 ./Middlewares/Third_Party/FreeRTOS/Source/tasks.o
 .text.prvInitialiseTaskLists
                0x0800b860       0x80 ./Middlewares/Third_Party/FreeRTOS/Source/tasks.o
 .text.prvCheckTasksWaitingTermination
                0x0800b8e0       0x5c ./Middlewares/Third_Party/FreeRTOS/Source/tasks.o
 .text.prvDeleteTCB
                0x0800b93c       0x50 ./Middlewares/Third_Party/FreeRTOS/Source/tasks.o
 .text.prvResetNextTaskUnblockTime
                0x0800b98c       0x38 ./Middlewares/Third_Party/FreeRTOS/Source/tasks.o
 .text.xTaskGetSchedulerState
                0x0800b9c4       0x3c ./Middlewares/Third_Party/FreeRTOS/Source/tasks.o
                0x0800b9c4                xTaskGetSchedulerState
 .text.xTaskPriorityDisinherit
                0x0800ba00      0x110 ./Middlewares/Third_Party/FreeRTOS/Source/tasks.o
                0x0800ba00                xTaskPriorityDisinherit
 .text.prvAddCurrentTaskToDelayedList
                0x0800bb10       0xdc ./Middlewares/Third_Party/FreeRTOS/Source/tasks.o
 .text.xTimerCreateTimerTask
                0x0800bbec       0x80 ./Middlewares/Third_Party/FreeRTOS/Source/timers.o
                0x0800bbec                xTimerCreateTimerTask
 .text.prvReloadTimer
                0x0800bc6c       0x42 ./Middlewares/Third_Party/FreeRTOS/Source/timers.o
 *fill*         0x0800bcae        0x2 
 .text.prvProcessExpiredTimer
                0x0800bcb0       0x60 ./Middlewares/Third_Party/FreeRTOS/Source/timers.o
 .text.prvTimerTask
                0x0800bd10       0x26 ./Middlewares/Third_Party/FreeRTOS/Source/timers.o
 *fill*         0x0800bd36        0x2 
 .text.prvProcessTimerOrBlockTask
                0x0800bd38       0x8c ./Middlewares/Third_Party/FreeRTOS/Source/timers.o
 .text.prvGetNextExpireTime
                0x0800bdc4       0x48 ./Middlewares/Third_Party/FreeRTOS/Source/timers.o
 .text.prvSampleTimeNow
                0x0800be0c       0x40 ./Middlewares/Third_Party/FreeRTOS/Source/timers.o
 .text.prvInsertTimerInActiveList
                0x0800be4c       0x84 ./Middlewares/Third_Party/FreeRTOS/Source/timers.o
 .text.prvProcessReceivedCommands
                0x0800bed0      0x19c ./Middlewares/Third_Party/FreeRTOS/Source/timers.o
 .text.prvSwitchTimerLists
                0x0800c06c       0x4c ./Middlewares/Third_Party/FreeRTOS/Source/timers.o
 .text.prvCheckForValidListAndQueue
                0x0800c0b8       0x80 ./Middlewares/Third_Party/FreeRTOS/Source/timers.o
 .text.vPortSetupTimerInterrupt
                0x0800c138       0x48 ./Middlewares/Third_Party/FreeRTOS/Source/portable/GCC/ARM_CM33_NTZ/non_secure/port.o
                0x0800c138                vPortSetupTimerInterrupt
 .text.prvTaskExitError
                0x0800c180       0x38 ./Middlewares/Third_Party/FreeRTOS/Source/portable/GCC/ARM_CM33_NTZ/non_secure/port.o
 .text.vPortYield
                0x0800c1b8       0x24 ./Middlewares/Third_Party/FreeRTOS/Source/portable/GCC/ARM_CM33_NTZ/non_secure/port.o
                0x0800c1b8                vPortYield
 .text.vPortEnterCritical
                0x0800c1dc       0x24 ./Middlewares/Third_Party/FreeRTOS/Source/portable/GCC/ARM_CM33_NTZ/non_secure/port.o
                0x0800c1dc                vPortEnterCritical
 .text.vPortExitCritical
                0x0800c200       0x34 ./Middlewares/Third_Party/FreeRTOS/Source/portable/GCC/ARM_CM33_NTZ/non_secure/port.o
                0x0800c200                vPortExitCritical
 .text.xPortSysTickHandler
                0x0800c234       0x30 ./Middlewares/Third_Party/FreeRTOS/Source/portable/GCC/ARM_CM33_NTZ/non_secure/port.o
                0x0800c234                xPortSysTickHandler
 .text.vPortSVCHandler_C
                0x0800c264       0x32 ./Middlewares/Third_Party/FreeRTOS/Source/portable/GCC/ARM_CM33_NTZ/non_secure/port.o
                0x0800c264                vPortSVCHandler_C
 *fill*         0x0800c296        0x2 
 .text.pxPortInitialiseStack
                0x0800c298      0x114 ./Middlewares/Third_Party/FreeRTOS/Source/portable/GCC/ARM_CM33_NTZ/non_secure/port.o
                0x0800c298                pxPortInitialiseStack
 .text.xPortStartScheduler
                0x0800c3ac       0xf4 ./Middlewares/Third_Party/FreeRTOS/Source/portable/GCC/ARM_CM33_NTZ/non_secure/port.o
                0x0800c3ac                xPortStartScheduler
 .text.vPortValidateInterruptPriority
                0x0800c4a0       0x60 ./Middlewares/Third_Party/FreeRTOS/Source/portable/GCC/ARM_CM33_NTZ/non_secure/port.o
                0x0800c4a0                vPortValidateInterruptPriority
 .text.vRestoreContextOfFirstTask
                0x0800c500       0x38 ./Middlewares/Third_Party/FreeRTOS/Source/portable/GCC/ARM_CM33_NTZ/non_secure/portasm.o
                0x0800c500                vRestoreContextOfFirstTask
 *fill*         0x0800c538        0x8 
 .text.vStartFirstTask
                0x0800c540       0x28 ./Middlewares/Third_Party/FreeRTOS/Source/portable/GCC/ARM_CM33_NTZ/non_secure/portasm.o
                0x0800c540                vStartFirstTask
 .text.ulSetInterruptMask
                0x0800c568       0x1a ./Middlewares/Third_Party/FreeRTOS/Source/portable/GCC/ARM_CM33_NTZ/non_secure/portasm.o
                0x0800c568                ulSetInterruptMask
 .text.vClearInterruptMask
                0x0800c582       0x10 ./Middlewares/Third_Party/FreeRTOS/Source/portable/GCC/ARM_CM33_NTZ/non_secure/portasm.o
                0x0800c582                vClearInterruptMask
 *fill*         0x0800c592        0xe 
 .text.PendSV_Handler
                0x0800c5a0       0x58 ./Middlewares/Third_Party/FreeRTOS/Source/portable/GCC/ARM_CM33_NTZ/non_secure/portasm.o
                0x0800c5a0                PendSV_Handler
 *fill*         0x0800c5f8        0x8 
 .text.SVC_Handler
                0x0800c600       0x28 ./Middlewares/Third_Party/FreeRTOS/Source/portable/GCC/ARM_CM33_NTZ/non_secure/portasm.o
                0x0800c600                SVC_Handler
 .text.pvPortMalloc
                0x0800c628       0xa4 ./Middlewares/Third_Party/FreeRTOS/Source/portable/MemMang/heap_1.o
                0x0800c628                pvPortMalloc
 .text.vPortFree
                0x0800c6cc       0x1e ./Middlewares/Third_Party/FreeRTOS/Source/portable/MemMang/heap_1.o
                0x0800c6cc                vPortFree
 .text.memset   0x0800c6ea       0x10 /Applications/STM32CubeIDE.app/Contents/Eclipse/plugins/com.st.stm32cube.ide.mcu.externaltools.gnu-tools-for-stm32.13.3.rel1.macos64_1.0.0.202411102158/tools/bin/../lib/gcc/arm-none-eabi/13.3.1/../../../../arm-none-eabi/lib/thumb/v8-m.main+fp/hard/libc_nano.a(libc_a-memset.o)
                0x0800c6ea                memset
 *fill*         0x0800c6fa        0x2 
 .text.__libc_init_array
                0x0800c6fc       0x48 /Applications/STM32CubeIDE.app/Contents/Eclipse/plugins/com.st.stm32cube.ide.mcu.externaltools.gnu-tools-for-stm32.13.3.rel1.macos64_1.0.0.202411102158/tools/bin/../lib/gcc/arm-none-eabi/13.3.1/../../../../arm-none-eabi/lib/thumb/v8-m.main+fp/hard/libc_nano.a(libc_a-init.o)
                0x0800c6fc                __libc_init_array
 .text.memcpy   0x0800c744       0x1a /Applications/STM32CubeIDE.app/Contents/Eclipse/plugins/com.st.stm32cube.ide.mcu.externaltools.gnu-tools-for-stm32.13.3.rel1.macos64_1.0.0.202411102158/tools/bin/../lib/gcc/arm-none-eabi/13.3.1/../../../../arm-none-eabi/lib/thumb/v8-m.main+fp/hard/libc_nano.a(libc_a-memcpy-stub.o)
                0x0800c744                memcpy
 *(.glue_7)
 .glue_7        0x0800c75e        0x0 linker stubs
 *(.glue_7t)
 .glue_7t       0x0800c75e        0x0 linker stubs
 *(.eh_frame)
 *fill*         0x0800c75e        0x2 
 .eh_frame      0x0800c760        0x0 /Applications/STM32CubeIDE.app/Contents/Eclipse/plugins/com.st.stm32cube.ide.mcu.externaltools.gnu-tools-for-stm32.13.3.rel1.macos64_1.0.0.202411102158/tools/bin/../lib/gcc/arm-none-eabi/13.3.1/thumb/v8-m.main+fp/hard/crtbegin.o
 *(.init)
 .init          0x0800c760        0x4 /Applications/STM32CubeIDE.app/Contents/Eclipse/plugins/com.st.stm32cube.ide.mcu.externaltools.gnu-tools-for-stm32.13.3.rel1.macos64_1.0.0.202411102158/tools/bin/../lib/gcc/arm-none-eabi/13.3.1/thumb/v8-m.main+fp/hard/crti.o
                0x0800c760                _init
 .init          0x0800c764        0x8 /Applications/STM32CubeIDE.app/Contents/Eclipse/plugins/com.st.stm32cube.ide.mcu.externaltools.gnu-tools-for-stm32.13.3.rel1.macos64_1.0.0.202411102158/tools/bin/../lib/gcc/arm-none-eabi/13.3.1/thumb/v8-m.main+fp/hard/crtn.o
 *(.fini)
 .fini          0x0800c76c        0x4 /Applications/STM32CubeIDE.app/Contents/Eclipse/plugins/com.st.stm32cube.ide.mcu.externaltools.gnu-tools-for-stm32.13.3.rel1.macos64_1.0.0.202411102158/tools/bin/../lib/gcc/arm-none-eabi/13.3.1/thumb/v8-m.main+fp/hard/crti.o
                0x0800c76c                _fini
 .fini          0x0800c770        0x8 /Applications/STM32CubeIDE.app/Contents/Eclipse/plugins/com.st.stm32cube.ide.mcu.externaltools.gnu-tools-for-stm32.13.3.rel1.macos64_1.0.0.202411102158/tools/bin/../lib/gcc/arm-none-eabi/13.3.1/thumb/v8-m.main+fp/hard/crtn.o
                0x0800c778                        . = ALIGN (0x4)
                0x0800c778                        _etext = .

.vfp11_veneer   0x0800c778        0x0
 .vfp11_veneer  0x0800c778        0x0 linker stubs

.v4_bx          0x0800c778        0x0
 .v4_bx         0x0800c778        0x0 linker stubs

.iplt           0x0800c778        0x0
 .iplt          0x0800c778        0x0 /Applications/STM32CubeIDE.app/Contents/Eclipse/plugins/com.st.stm32cube.ide.mcu.externaltools.gnu-tools-for-stm32.13.3.rel1.macos64_1.0.0.202411102158/tools/bin/../lib/gcc/arm-none-eabi/13.3.1/thumb/v8-m.main+fp/hard/crtbegin.o

.rodata         0x0800c778      0x290
                0x0800c778                        . = ALIGN (0x4)
 *(.rodata)
 .rodata        0x0800c778       0xe4 ./Core/Src/app_freertos.o
 .rodata        0x0800c85c        0x5 ./Middlewares/Third_Party/FreeRTOS/Source/tasks.o
 *fill*         0x0800c861        0x3 
 .rodata        0x0800c864        0xd ./Middlewares/Third_Party/FreeRTOS/Source/timers.o
 *(.rodata*)
 *fill*         0x0800c871        0x3 
 .rodata.StartupTask_attributes
                0x0800c874       0x24 ./Core/Src/app_freertos.o
                0x0800c874                StartupTask_attributes
 .rodata.canTxTask_attributes
                0x0800c898       0x24 ./Core/Src/app_freertos.o
                0x0800c898                canTxTask_attributes
 .rodata.canRxTask_attributes
                0x0800c8bc       0x24 ./Core/Src/app_freertos.o
                0x0800c8bc                canRxTask_attributes
 .rodata.canTxQueue_attributes
                0x0800c8e0       0x18 ./Core/Src/app_freertos.o
                0x0800c8e0                canTxQueue_attributes
 .rodata.canRxQueue_attributes
                0x0800c8f8       0x18 ./Core/Src/app_freertos.o
                0x0800c8f8                canRxQueue_attributes
 .rodata.contactors_attributes
                0x0800c910       0x18 ./Core/Src/app_freertos.o
                0x0800c910                contactors_attributes
 .rodata.battery_attributes
                0x0800c928       0x18 ./Core/Src/app_freertos.o
                0x0800c928                battery_attributes
 .rodata.MBMSTripMutex_attributes
                0x0800c940       0x10 ./Core/Src/app_freertos.o
                0x0800c940                MBMSTripMutex_attributes
 .rodata.ContactorInfoMutex_attributes
                0x0800c950       0x10 ./Core/Src/app_freertos.o
                0x0800c950                ContactorInfoMutex_attributes
 .rodata.BatteryInfoMutex_attributes
                0x0800c960       0x10 ./Core/Src/app_freertos.o
                0x0800c960                BatteryInfoMutex_attributes
 .rodata.MBMSStatusMutex_attributes
                0x0800c970       0x10 ./Core/Src/app_freertos.o
                0x0800c970                MBMSStatusMutex_attributes
 .rodata.ContactorCommandMutex_attributes
                0x0800c980       0x10 ./Core/Src/app_freertos.o
                0x0800c980                ContactorCommandMutex_attributes
 .rodata.defaultTask_attributes
                0x0800c990       0x24 ./Core/Src/app_freertos.o
                0x0800c990                defaultTask_attributes
 .rodata.AHBPrescTable
                0x0800c9b4       0x10 ./Core/Src/system_stm32h5xx.o
                0x0800c9b4                AHBPrescTable
 .rodata.APBPrescTable
                0x0800c9c4        0x8 ./Core/Src/system_stm32h5xx.o
                0x0800c9c4                APBPrescTable
 .rodata.DLCtoBytes
                0x0800c9cc       0x10 ./Drivers/STM32H5xx_HAL_Driver/Src/stm32h5xx_hal_fdcan.o
 .rodata.UARTPrescTable
                0x0800c9dc       0x18 ./Drivers/STM32H5xx_HAL_Driver/Src/stm32h5xx_hal_uart.o
                0x0800c9dc                UARTPrescTable
 .rodata.numerator.1
                0x0800c9f4        0x8 ./Drivers/STM32H5xx_HAL_Driver/Src/stm32h5xx_hal_uart_ex.o
 .rodata.denominator.0
                0x0800c9fc        0x8 ./Drivers/STM32H5xx_HAL_Driver/Src/stm32h5xx_hal_uart_ex.o
 .rodata.uxTopUsedPriority
                0x0800ca04        0x4 ./Middlewares/Third_Party/FreeRTOS/Source/tasks.o
                0x0800ca04                uxTopUsedPriority
                0x0800ca08                        . = ALIGN (0x4)

.ARM.extab      0x0800ca08        0x0
                0x0800ca08                        . = ALIGN (0x4)
 *(.ARM.extab* .gnu.linkonce.armextab.*)
                0x0800ca08                        . = ALIGN (0x4)

.ARM            0x0800ca08        0x8
                0x0800ca08                        . = ALIGN (0x4)
                0x0800ca08                        __exidx_start = .
 *(.ARM.exidx*)
 .ARM.exidx     0x0800ca08        0x8 /Applications/STM32CubeIDE.app/Contents/Eclipse/plugins/com.st.stm32cube.ide.mcu.externaltools.gnu-tools-for-stm32.13.3.rel1.macos64_1.0.0.202411102158/tools/bin/../lib/gcc/arm-none-eabi/13.3.1/thumb/v8-m.main+fp/hard/libgcc.a(_udivmoddi4.o)
                0x0800ca10                        __exidx_end = .
                0x0800ca10                        . = ALIGN (0x4)

.preinit_array  0x0800ca10        0x0
                0x0800ca10                        . = ALIGN (0x4)
                0x0800ca10                        PROVIDE (__preinit_array_start = .)
 *(.preinit_array*)
                0x0800ca10                        PROVIDE (__preinit_array_end = .)
                0x0800ca10                        . = ALIGN (0x4)

.init_array     0x0800ca10        0x4
                0x0800ca10                        . = ALIGN (0x4)
                0x0800ca10                        PROVIDE (__init_array_start = .)
 *(SORT_BY_NAME(.init_array.*))
 *(.init_array*)
 .init_array    0x0800ca10        0x4 /Applications/STM32CubeIDE.app/Contents/Eclipse/plugins/com.st.stm32cube.ide.mcu.externaltools.gnu-tools-for-stm32.13.3.rel1.macos64_1.0.0.202411102158/tools/bin/../lib/gcc/arm-none-eabi/13.3.1/thumb/v8-m.main+fp/hard/crtbegin.o
                0x0800ca14                        PROVIDE (__init_array_end = .)
                0x0800ca14                        . = ALIGN (0x4)

.fini_array     0x0800ca14        0x4
                0x0800ca14                        . = ALIGN (0x4)
                [!provide]                        PROVIDE (__fini_array_start = .)
 *(SORT_BY_NAME(.fini_array.*))
 *(.fini_array*)
 .fini_array    0x0800ca14        0x4 /Applications/STM32CubeIDE.app/Contents/Eclipse/plugins/com.st.stm32cube.ide.mcu.externaltools.gnu-tools-for-stm32.13.3.rel1.macos64_1.0.0.202411102158/tools/bin/../lib/gcc/arm-none-eabi/13.3.1/thumb/v8-m.main+fp/hard/crtbegin.o
                [!provide]                        PROVIDE (__fini_array_end = .)
                0x0800ca18                        . = ALIGN (0x4)
                0x0800ca18                        _sidata = LOADADDR (.data)

.rel.dyn        0x0800ca18        0x0
 .rel.iplt      0x0800ca18        0x0 /Applications/STM32CubeIDE.app/Contents/Eclipse/plugins/com.st.stm32cube.ide.mcu.externaltools.gnu-tools-for-stm32.13.3.rel1.macos64_1.0.0.202411102158/tools/bin/../lib/gcc/arm-none-eabi/13.3.1/thumb/v8-m.main+fp/hard/crtbegin.o

.data           0x20000000       0x10 load address 0x0800ca18
                0x20000000                        . = ALIGN (0x4)
                0x20000000                        _sdata = .
 *(.data)
 *(.data*)
 .data.SystemCoreClock
                0x20000000        0x4 ./Core/Src/system_stm32h5xx.o
                0x20000000                SystemCoreClock
 .data.uwTickPrio
                0x20000004        0x4 ./Drivers/STM32H5xx_HAL_Driver/Src/stm32h5xx_hal.o
                0x20000004                uwTickPrio
 .data.uwTickFreq
                0x20000008        0x1 ./Drivers/STM32H5xx_HAL_Driver/Src/stm32h5xx_hal.o
                0x20000008                uwTickFreq
 *fill*         0x20000009        0x3 
 .data.ulCriticalNesting
                0x2000000c        0x4 ./Middlewares/Third_Party/FreeRTOS/Source/portable/GCC/ARM_CM33_NTZ/non_secure/port.o
 *(.RamFunc)
 *(.RamFunc*)
                0x20000010                        . = ALIGN (0x4)
                0x20000010                        _edata = .

.igot.plt       0x20000010        0x0 load address 0x0800ca28
 .igot.plt      0x20000010        0x0 /Applications/STM32CubeIDE.app/Contents/Eclipse/plugins/com.st.stm32cube.ide.mcu.externaltools.gnu-tools-for-stm32.13.3.rel1.macos64_1.0.0.202411102158/tools/bin/../lib/gcc/arm-none-eabi/13.3.1/thumb/v8-m.main+fp/hard/crtbegin.o
                0x20000010                        . = ALIGN (0x4)

.bss            0x20000010     0x30b4 load address 0x0800ca28
                0x20000010                        _sbss = .
                0x20000010                        __bss_start__ = _sbss
 *(.bss)
 .bss           0x20000010       0x1c /Applications/STM32CubeIDE.app/Contents/Eclipse/plugins/com.st.stm32cube.ide.mcu.externaltools.gnu-tools-for-stm32.13.3.rel1.macos64_1.0.0.202411102158/tools/bin/../lib/gcc/arm-none-eabi/13.3.1/thumb/v8-m.main+fp/hard/crtbegin.o
 *(.bss*)
 .bss.startup_Check_Counter
                0x2000002c        0x4 ./Core/Src/BatteryControlTask.o
                0x2000002c                startup_Check_Counter
 .bss.mbmsStatus
                0x20000030        0xb ./Core/Src/BatteryControlTask.o
                0x20000030                mbmsStatus
 *fill*         0x2000003b        0x1 
 .bss.mbmsPermissions
                0x2000003c        0x6 ./Core/Src/BatteryControlTask.o
                0x2000003c                mbmsPermissions
 *fill*         0x20000042        0x2 
 .bss.StartupTaskHandle
                0x20000044        0x4 ./Core/Src/app_freertos.o
                0x20000044                StartupTaskHandle
 .bss.canTxTaskHandle
                0x20000048        0x4 ./Core/Src/app_freertos.o
                0x20000048                canTxTaskHandle
 .bss.canRxTaskHandle
                0x2000004c        0x4 ./Core/Src/app_freertos.o
                0x2000004c                canRxTaskHandle
 .bss.canTxQueueHandle
                0x20000050        0x4 ./Core/Src/app_freertos.o
                0x20000050                canTxQueueHandle
 .bss.canRxQueueHandle
                0x20000054        0x4 ./Core/Src/app_freertos.o
                0x20000054                canRxQueueHandle
 .bss.ContactorQueueHandle
                0x20000058        0x4 ./Core/Src/app_freertos.o
                0x20000058                ContactorQueueHandle
 .bss.BatteryQueueHandle
                0x2000005c        0x4 ./Core/Src/app_freertos.o
                0x2000005c                BatteryQueueHandle
 .bss.MBMSTripMutexHandle
                0x20000060        0x4 ./Core/Src/app_freertos.o
                0x20000060                MBMSTripMutexHandle
 .bss.ContactorInfoMutexHandle
                0x20000064        0x4 ./Core/Src/app_freertos.o
                0x20000064                ContactorInfoMutexHandle
 .bss.BatteryInfoMutexHandle
                0x20000068        0x4 ./Core/Src/app_freertos.o
                0x20000068                BatteryInfoMutexHandle
 .bss.MBMSStatusMutexHandle
                0x2000006c        0x4 ./Core/Src/app_freertos.o
                0x2000006c                MBMSStatusMutexHandle
 .bss.ContactorCommandMutexHandle
                0x20000070        0x4 ./Core/Src/app_freertos.o
                0x20000070                ContactorCommandMutexHandle
 .bss.defaultTaskHandle
                0x20000074        0x4 ./Core/Src/app_freertos.o
                0x20000074                defaultTaskHandle
 .bss.messages_got_yay
                0x20000078        0x4 ./Core/Src/can_rx.o
                0x20000078                messages_got_yay
 .bss.batteryqueuefull
                0x2000007c        0x4 ./Core/Src/can_rx.o
                0x2000007c                batteryqueuefull
 .bss.contactorqueuefull
                0x20000080        0x4 ./Core/Src/can_rx.o
                0x20000080                contactorqueuefull
 .bss.orion_message_added
                0x20000084        0x4 ./Core/Src/can_rx.o
                0x20000084                orion_message_added
 .bss.hfdcan1   0x20000088       0x64 ./Core/Src/main.o
                0x20000088                hfdcan1
 .bss.hspi1     0x200000ec       0x90 ./Core/Src/main.o
                0x200000ec                hspi1
 .bss.huart4    0x2000017c       0x94 ./Core/Src/main.o
                0x2000017c                huart4
 .bss.huart3    0x20000210       0x94 ./Core/Src/main.o
                0x20000210                huart3
 .bss.hpcd_USB_DRD_FS
                0x200002a4      0x2e4 ./Core/Src/main.o
                0x200002a4                hpcd_USB_DRD_FS
 .bss.uwTick    0x20000588        0x4 ./Drivers/STM32H5xx_HAL_Driver/Src/stm32h5xx_hal.o
                0x20000588                uwTick
 .bss.KernelState
                0x2000058c        0x4 ./Middlewares/Third_Party/FreeRTOS/Source/CMSIS_RTOS_V2/cmsis_os2.o
 .bss.Idle_TCB.3
                0x20000590       0x5c ./Middlewares/Third_Party/FreeRTOS/Source/CMSIS_RTOS_V2/cmsis_os2.o
 .bss.Idle_Stack.2
                0x200005ec      0x200 ./Middlewares/Third_Party/FreeRTOS/Source/CMSIS_RTOS_V2/cmsis_os2.o
 .bss.Timer_TCB.1
                0x200007ec       0x5c ./Middlewares/Third_Party/FreeRTOS/Source/CMSIS_RTOS_V2/cmsis_os2.o
 .bss.Timer_Stack.0
                0x20000848      0x200 ./Middlewares/Third_Party/FreeRTOS/Source/CMSIS_RTOS_V2/cmsis_os2.o
 .bss.xQueueRegistry
                0x20000a48       0x40 ./Middlewares/Third_Party/FreeRTOS/Source/queue.o
                0x20000a48                xQueueRegistry
 .bss.pxCurrentTCB
                0x20000a88        0x4 ./Middlewares/Third_Party/FreeRTOS/Source/tasks.o
                0x20000a88                pxCurrentTCB
 .bss.pxReadyTasksLists
                0x20000a8c      0x460 ./Middlewares/Third_Party/FreeRTOS/Source/tasks.o
 .bss.xDelayedTaskList1
                0x20000eec       0x14 ./Middlewares/Third_Party/FreeRTOS/Source/tasks.o
 .bss.xDelayedTaskList2
                0x20000f00       0x14 ./Middlewares/Third_Party/FreeRTOS/Source/tasks.o
 .bss.pxDelayedTaskList
                0x20000f14        0x4 ./Middlewares/Third_Party/FreeRTOS/Source/tasks.o
 .bss.pxOverflowDelayedTaskList
                0x20000f18        0x4 ./Middlewares/Third_Party/FreeRTOS/Source/tasks.o
 .bss.xPendingReadyList
                0x20000f1c       0x14 ./Middlewares/Third_Party/FreeRTOS/Source/tasks.o
 .bss.xTasksWaitingTermination
                0x20000f30       0x14 ./Middlewares/Third_Party/FreeRTOS/Source/tasks.o
 .bss.uxDeletedTasksWaitingCleanUp
                0x20000f44        0x4 ./Middlewares/Third_Party/FreeRTOS/Source/tasks.o
 .bss.xSuspendedTaskList
                0x20000f48       0x14 ./Middlewares/Third_Party/FreeRTOS/Source/tasks.o
 .bss.uxCurrentNumberOfTasks
                0x20000f5c        0x4 ./Middlewares/Third_Party/FreeRTOS/Source/tasks.o
 .bss.xTickCount
                0x20000f60        0x4 ./Middlewares/Third_Party/FreeRTOS/Source/tasks.o
 .bss.uxTopReadyPriority
                0x20000f64        0x4 ./Middlewares/Third_Party/FreeRTOS/Source/tasks.o
 .bss.xSchedulerRunning
                0x20000f68        0x4 ./Middlewares/Third_Party/FreeRTOS/Source/tasks.o
 .bss.xPendedTicks
                0x20000f6c        0x4 ./Middlewares/Third_Party/FreeRTOS/Source/tasks.o
 .bss.xYieldPending
                0x20000f70        0x4 ./Middlewares/Third_Party/FreeRTOS/Source/tasks.o
 .bss.xNumOfOverflows
                0x20000f74        0x4 ./Middlewares/Third_Party/FreeRTOS/Source/tasks.o
 .bss.uxTaskNumber
                0x20000f78        0x4 ./Middlewares/Third_Party/FreeRTOS/Source/tasks.o
 .bss.xNextTaskUnblockTime
                0x20000f7c        0x4 ./Middlewares/Third_Party/FreeRTOS/Source/tasks.o
 .bss.xIdleTaskHandle
                0x20000f80        0x4 ./Middlewares/Third_Party/FreeRTOS/Source/tasks.o
 .bss.uxSchedulerSuspended
                0x20000f84        0x4 ./Middlewares/Third_Party/FreeRTOS/Source/tasks.o
 .bss.xActiveTimerList1
                0x20000f88       0x14 ./Middlewares/Third_Party/FreeRTOS/Source/timers.o
 .bss.xActiveTimerList2
                0x20000f9c       0x14 ./Middlewares/Third_Party/FreeRTOS/Source/timers.o
 .bss.pxCurrentTimerList
                0x20000fb0        0x4 ./Middlewares/Third_Party/FreeRTOS/Source/timers.o
 .bss.pxOverflowTimerList
                0x20000fb4        0x4 ./Middlewares/Third_Party/FreeRTOS/Source/timers.o
 .bss.xTimerQueue
                0x20000fb8        0x4 ./Middlewares/Third_Party/FreeRTOS/Source/timers.o
 .bss.xTimerTaskHandle
                0x20000fbc        0x4 ./Middlewares/Third_Party/FreeRTOS/Source/timers.o
 .bss.xLastTime.2
                0x20000fc0        0x4 ./Middlewares/Third_Party/FreeRTOS/Source/timers.o
 .bss.ucStaticTimerQueueStorage.1
                0x20000fc4       0xa0 ./Middlewares/Third_Party/FreeRTOS/Source/timers.o
 .bss.xStaticTimerQueue.0
                0x20001064       0x50 ./Middlewares/Third_Party/FreeRTOS/Source/timers.o
 .bss.ucMaxSysCallPriority
                0x200010b4        0x1 ./Middlewares/Third_Party/FreeRTOS/Source/portable/GCC/ARM_CM33_NTZ/non_secure/port.o
 *fill*         0x200010b5        0x3 
 .bss.ulMaxPRIGROUPValue
                0x200010b8        0x4 ./Middlewares/Third_Party/FreeRTOS/Source/portable/GCC/ARM_CM33_NTZ/non_secure/port.o
 .bss.ucHeap    0x200010bc     0x2000 ./Middlewares/Third_Party/FreeRTOS/Source/portable/MemMang/heap_1.o
 .bss.xNextFreeByte
                0x200030bc        0x4 ./Middlewares/Third_Party/FreeRTOS/Source/portable/MemMang/heap_1.o
 .bss.pucAlignedHeap.0
                0x200030c0        0x4 ./Middlewares/Third_Party/FreeRTOS/Source/portable/MemMang/heap_1.o
 *(COMMON)
                0x200030c4                        . = ALIGN (0x4)
                0x200030c4                        _ebss = .
                0x200030c4                        __bss_end__ = _ebss

._user_heap_stack
                0x200030c4      0x604 load address 0x0800ca28
                0x200030c8                        . = ALIGN (0x8)
 *fill*         0x200030c4        0x4 
                [!provide]                        PROVIDE (end = .)
                0x200030c8                        PROVIDE (_end = .)
                0x200032c8                        . = (. + _Min_Heap_Size)
 *fill*         0x200030c8      0x200 
                0x200036c8                        . = (. + _Min_Stack_Size)
 *fill*         0x200032c8      0x400 
                0x200036c8                        . = ALIGN (0x8)

/DISCARD/
 libc.a(*)
 libm.a(*)
 libgcc.a(*)

.ARM.attributes
                0x00000000       0x36
 *(.ARM.attributes)
 .ARM.attributes
                0x00000000       0x26 /Applications/STM32CubeIDE.app/Contents/Eclipse/plugins/com.st.stm32cube.ide.mcu.externaltools.gnu-tools-for-stm32.13.3.rel1.macos64_1.0.0.202411102158/tools/bin/../lib/gcc/arm-none-eabi/13.3.1/thumb/v8-m.main+fp/hard/crti.o
 .ARM.attributes
                0x00000026       0x38 /Applications/STM32CubeIDE.app/Contents/Eclipse/plugins/com.st.stm32cube.ide.mcu.externaltools.gnu-tools-for-stm32.13.3.rel1.macos64_1.0.0.202411102158/tools/bin/../lib/gcc/arm-none-eabi/13.3.1/thumb/v8-m.main+fp/hard/crtbegin.o
 .ARM.attributes
                0x0000005e       0x3a ./Core/Src/BatteryControlTask.o
 .ARM.attributes
                0x00000098       0x3a ./Core/Src/StartupTask.o
 .ARM.attributes
                0x000000d2       0x3a ./Core/Src/app_freertos.o
 .ARM.attributes
                0x0000010c       0x3a ./Core/Src/can_rx.o
 .ARM.attributes
                0x00000146       0x3a ./Core/Src/can_tx.o
 .ARM.attributes
                0x00000180       0x3a ./Core/Src/main.o
 .ARM.attributes
                0x000001ba       0x3a ./Core/Src/stm32h5xx_hal_msp.o
 .ARM.attributes
                0x000001f4       0x3a ./Core/Src/stm32h5xx_it.o
 .ARM.attributes
                0x0000022e       0x3a ./Core/Src/system_stm32h5xx.o
 .ARM.attributes
                0x00000268       0x24 ./Core/Startup/startup_stm32h563vitx.o
 .ARM.attributes
                0x0000028c       0x3a ./Drivers/STM32H5xx_HAL_Driver/Src/stm32h5xx_hal.o
 .ARM.attributes
                0x000002c6       0x3a ./Drivers/STM32H5xx_HAL_Driver/Src/stm32h5xx_hal_cortex.o
 .ARM.attributes
                0x00000300       0x3a ./Drivers/STM32H5xx_HAL_Driver/Src/stm32h5xx_hal_fdcan.o
 .ARM.attributes
                0x0000033a       0x3a ./Drivers/STM32H5xx_HAL_Driver/Src/stm32h5xx_hal_gpio.o
 .ARM.attributes
                0x00000374       0x3a ./Drivers/STM32H5xx_HAL_Driver/Src/stm32h5xx_hal_pcd.o
 .ARM.attributes
                0x000003ae       0x3a ./Drivers/STM32H5xx_HAL_Driver/Src/stm32h5xx_hal_pcd_ex.o
 .ARM.attributes
                0x000003e8       0x3a ./Drivers/STM32H5xx_HAL_Driver/Src/stm32h5xx_hal_pwr_ex.o
 .ARM.attributes
                0x00000422       0x3a ./Drivers/STM32H5xx_HAL_Driver/Src/stm32h5xx_hal_rcc.o
 .ARM.attributes
                0x0000045c       0x3a ./Drivers/STM32H5xx_HAL_Driver/Src/stm32h5xx_hal_rcc_ex.o
 .ARM.attributes
                0x00000496       0x3a ./Drivers/STM32H5xx_HAL_Driver/Src/stm32h5xx_hal_spi.o
 .ARM.attributes
                0x000004d0       0x3a ./Drivers/STM32H5xx_HAL_Driver/Src/stm32h5xx_hal_uart.o
 .ARM.attributes
                0x0000050a       0x3a ./Drivers/STM32H5xx_HAL_Driver/Src/stm32h5xx_hal_uart_ex.o
 .ARM.attributes
                0x00000544       0x3a ./Drivers/STM32H5xx_HAL_Driver/Src/stm32h5xx_ll_usb.o
 .ARM.attributes
                0x0000057e       0x3a ./Middlewares/Third_Party/FreeRTOS/Source/CMSIS_RTOS_V2/cmsis_os2.o
 .ARM.attributes
                0x000005b8       0x3a ./Middlewares/Third_Party/FreeRTOS/Source/list.o
 .ARM.attributes
                0x000005f2       0x3a ./Middlewares/Third_Party/FreeRTOS/Source/queue.o
 .ARM.attributes
                0x0000062c       0x3a ./Middlewares/Third_Party/FreeRTOS/Source/tasks.o
 .ARM.attributes
                0x00000666       0x3a ./Middlewares/Third_Party/FreeRTOS/Source/timers.o
 .ARM.attributes
                0x000006a0       0x3a ./Middlewares/Third_Party/FreeRTOS/Source/portable/GCC/ARM_CM33_NTZ/non_secure/port.o
 .ARM.attributes
                0x000006da       0x3a ./Middlewares/Third_Party/FreeRTOS/Source/portable/GCC/ARM_CM33_NTZ/non_secure/portasm.o
 .ARM.attributes
                0x00000714       0x3a ./Middlewares/Third_Party/FreeRTOS/Source/portable/MemMang/heap_1.o
 .ARM.attributes
                0x0000074e       0x38 /Applications/STM32CubeIDE.app/Contents/Eclipse/plugins/com.st.stm32cube.ide.mcu.externaltools.gnu-tools-for-stm32.13.3.rel1.macos64_1.0.0.202411102158/tools/bin/../lib/gcc/arm-none-eabi/13.3.1/../../../../arm-none-eabi/lib/thumb/v8-m.main+fp/hard/libc_nano.a(libc_a-memset.o)
 .ARM.attributes
                0x00000786       0x38 /Applications/STM32CubeIDE.app/Contents/Eclipse/plugins/com.st.stm32cube.ide.mcu.externaltools.gnu-tools-for-stm32.13.3.rel1.macos64_1.0.0.202411102158/tools/bin/../lib/gcc/arm-none-eabi/13.3.1/../../../../arm-none-eabi/lib/thumb/v8-m.main+fp/hard/libc_nano.a(libc_a-init.o)
 .ARM.attributes
                0x000007be       0x38 /Applications/STM32CubeIDE.app/Contents/Eclipse/plugins/com.st.stm32cube.ide.mcu.externaltools.gnu-tools-for-stm32.13.3.rel1.macos64_1.0.0.202411102158/tools/bin/../lib/gcc/arm-none-eabi/13.3.1/../../../../arm-none-eabi/lib/thumb/v8-m.main+fp/hard/libc_nano.a(libc_a-memcpy-stub.o)
 .ARM.attributes
                0x000007f6       0x26 /Applications/STM32CubeIDE.app/Contents/Eclipse/plugins/com.st.stm32cube.ide.mcu.externaltools.gnu-tools-for-stm32.13.3.rel1.macos64_1.0.0.202411102158/tools/bin/../lib/gcc/arm-none-eabi/13.3.1/thumb/v8-m.main+fp/hard/libgcc.a(_aeabi_uldivmod.o)
 .ARM.attributes
                0x0000081c       0x38 /Applications/STM32CubeIDE.app/Contents/Eclipse/plugins/com.st.stm32cube.ide.mcu.externaltools.gnu-tools-for-stm32.13.3.rel1.macos64_1.0.0.202411102158/tools/bin/../lib/gcc/arm-none-eabi/13.3.1/thumb/v8-m.main+fp/hard/libgcc.a(_udivmoddi4.o)
 .ARM.attributes
                0x00000854       0x26 /Applications/STM32CubeIDE.app/Contents/Eclipse/plugins/com.st.stm32cube.ide.mcu.externaltools.gnu-tools-for-stm32.13.3.rel1.macos64_1.0.0.202411102158/tools/bin/../lib/gcc/arm-none-eabi/13.3.1/thumb/v8-m.main+fp/hard/libgcc.a(_dvmd_tls.o)
 .ARM.attributes
                0x0000087a       0x26 /Applications/STM32CubeIDE.app/Contents/Eclipse/plugins/com.st.stm32cube.ide.mcu.externaltools.gnu-tools-for-stm32.13.3.rel1.macos64_1.0.0.202411102158/tools/bin/../lib/gcc/arm-none-eabi/13.3.1/thumb/v8-m.main+fp/hard/crtn.o
OUTPUT(Helios-MBMS-V2.elf elf32-littlearm)
LOAD linker stubs
LOAD /Applications/STM32CubeIDE.app/Contents/Eclipse/plugins/com.st.stm32cube.ide.mcu.externaltools.gnu-tools-for-stm32.13.3.rel1.macos64_1.0.0.202411102158/tools/bin/../lib/gcc/arm-none-eabi/13.3.1/../../../../arm-none-eabi/lib/thumb/v8-m.main+fp/hard/libc.a
LOAD /Applications/STM32CubeIDE.app/Contents/Eclipse/plugins/com.st.stm32cube.ide.mcu.externaltools.gnu-tools-for-stm32.13.3.rel1.macos64_1.0.0.202411102158/tools/bin/../lib/gcc/arm-none-eabi/13.3.1/../../../../arm-none-eabi/lib/thumb/v8-m.main+fp/hard/libm.a
LOAD /Applications/STM32CubeIDE.app/Contents/Eclipse/plugins/com.st.stm32cube.ide.mcu.externaltools.gnu-tools-for-stm32.13.3.rel1.macos64_1.0.0.202411102158/tools/bin/../lib/gcc/arm-none-eabi/13.3.1/thumb/v8-m.main+fp/hard/libgcc.a

.debug_info     0x00000000    0x22588
 .debug_info    0x00000000      0xf1d ./Core/Src/BatteryControlTask.o
 .debug_info    0x00000f1d      0x4fd ./Core/Src/StartupTask.o
 .debug_info    0x0000141a      0x71f ./Core/Src/app_freertos.o
 .debug_info    0x00001b39      0x8d8 ./Core/Src/can_rx.o
 .debug_info    0x00002411      0x855 ./Core/Src/can_tx.o
 .debug_info    0x00002c66     0x261c ./Core/Src/main.o
 .debug_info    0x00005282     0x24aa ./Core/Src/stm32h5xx_hal_msp.o
 .debug_info    0x0000772c       0xed ./Core/Src/stm32h5xx_it.o
 .debug_info    0x00007819      0xd8e ./Core/Src/system_stm32h5xx.o
 .debug_info    0x000085a7       0x30 ./Core/Startup/startup_stm32h563vitx.o
 .debug_info    0x000085d7     0x139f ./Drivers/STM32H5xx_HAL_Driver/Src/stm32h5xx_hal.o
 .debug_info    0x00009976     0x1658 ./Drivers/STM32H5xx_HAL_Driver/Src/stm32h5xx_hal_cortex.o
 .debug_info    0x0000afce     0x1920 ./Drivers/STM32H5xx_HAL_Driver/Src/stm32h5xx_hal_fdcan.o
 .debug_info    0x0000c8ee      0x6b6 ./Drivers/STM32H5xx_HAL_Driver/Src/stm32h5xx_hal_gpio.o
 .debug_info    0x0000cfa4     0x1560 ./Drivers/STM32H5xx_HAL_Driver/Src/stm32h5xx_hal_pcd.o
 .debug_info    0x0000e504      0x7eb ./Drivers/STM32H5xx_HAL_Driver/Src/stm32h5xx_hal_pcd_ex.o
 .debug_info    0x0000ecef      0x928 ./Drivers/STM32H5xx_HAL_Driver/Src/stm32h5xx_hal_pwr_ex.o
 .debug_info    0x0000f617     0x109f ./Drivers/STM32H5xx_HAL_Driver/Src/stm32h5xx_hal_rcc.o
 .debug_info    0x000106b6     0x12d7 ./Drivers/STM32H5xx_HAL_Driver/Src/stm32h5xx_hal_rcc_ex.o
 .debug_info    0x0001198d     0x15c9 ./Drivers/STM32H5xx_HAL_Driver/Src/stm32h5xx_hal_spi.o
 .debug_info    0x00012f56     0x4066 ./Drivers/STM32H5xx_HAL_Driver/Src/stm32h5xx_hal_uart.o
 .debug_info    0x00016fbc     0x10ec ./Drivers/STM32H5xx_HAL_Driver/Src/stm32h5xx_hal_uart_ex.o
 .debug_info    0x000180a8     0x1a08 ./Drivers/STM32H5xx_HAL_Driver/Src/stm32h5xx_ll_usb.o
 .debug_info    0x00019ab0     0x371e ./Middlewares/Third_Party/FreeRTOS/Source/CMSIS_RTOS_V2/cmsis_os2.o
 .debug_info    0x0001d1ce      0x2af ./Middlewares/Third_Party/FreeRTOS/Source/list.o
 .debug_info    0x0001d47d     0x16ac ./Middlewares/Third_Party/FreeRTOS/Source/queue.o
 .debug_info    0x0001eb29     0x2093 ./Middlewares/Third_Party/FreeRTOS/Source/tasks.o
 .debug_info    0x00020bbc     0x1318 ./Middlewares/Third_Party/FreeRTOS/Source/timers.o
 .debug_info    0x00021ed4      0x3ad ./Middlewares/Third_Party/FreeRTOS/Source/portable/GCC/ARM_CM33_NTZ/non_secure/port.o
 .debug_info    0x00022281      0x151 ./Middlewares/Third_Party/FreeRTOS/Source/portable/GCC/ARM_CM33_NTZ/non_secure/portasm.o
 .debug_info    0x000223d2      0x1b6 ./Middlewares/Third_Party/FreeRTOS/Source/portable/MemMang/heap_1.o

.debug_abbrev   0x00000000     0x4616
 .debug_abbrev  0x00000000      0x38c ./Core/Src/BatteryControlTask.o
 .debug_abbrev  0x0000038c      0x21c ./Core/Src/StartupTask.o
 .debug_abbrev  0x000005a8      0x19a ./Core/Src/app_freertos.o
 .debug_abbrev  0x00000742      0x1ec ./Core/Src/can_rx.o
 .debug_abbrev  0x0000092e      0x1f5 ./Core/Src/can_tx.o
 .debug_abbrev  0x00000b23      0x2f0 ./Core/Src/main.o
 .debug_abbrev  0x00000e13      0x287 ./Core/Src/stm32h5xx_hal_msp.o
 .debug_abbrev  0x0000109a       0x47 ./Core/Src/stm32h5xx_it.o
 .debug_abbrev  0x000010e1      0x13a ./Core/Src/system_stm32h5xx.o
 .debug_abbrev  0x0000121b       0x24 ./Core/Startup/startup_stm32h563vitx.o
 .debug_abbrev  0x0000123f      0x2af ./Drivers/STM32H5xx_HAL_Driver/Src/stm32h5xx_hal.o
 .debug_abbrev  0x000014ee      0x311 ./Drivers/STM32H5xx_HAL_Driver/Src/stm32h5xx_hal_cortex.o
 .debug_abbrev  0x000017ff      0x20b ./Drivers/STM32H5xx_HAL_Driver/Src/stm32h5xx_hal_fdcan.o
 .debug_abbrev  0x00001a0a      0x1db ./Drivers/STM32H5xx_HAL_Driver/Src/stm32h5xx_hal_gpio.o
 .debug_abbrev  0x00001be5      0x302 ./Drivers/STM32H5xx_HAL_Driver/Src/stm32h5xx_hal_pcd.o
 .debug_abbrev  0x00001ee7      0x1e8 ./Drivers/STM32H5xx_HAL_Driver/Src/stm32h5xx_hal_pcd_ex.o
 .debug_abbrev  0x000020cf      0x299 ./Drivers/STM32H5xx_HAL_Driver/Src/stm32h5xx_hal_pwr_ex.o
 .debug_abbrev  0x00002368      0x290 ./Drivers/STM32H5xx_HAL_Driver/Src/stm32h5xx_hal_rcc.o
 .debug_abbrev  0x000025f8      0x269 ./Drivers/STM32H5xx_HAL_Driver/Src/stm32h5xx_hal_rcc_ex.o
 .debug_abbrev  0x00002861      0x2b3 ./Drivers/STM32H5xx_HAL_Driver/Src/stm32h5xx_hal_spi.o
 .debug_abbrev  0x00002b14      0x305 ./Drivers/STM32H5xx_HAL_Driver/Src/stm32h5xx_hal_uart.o
 .debug_abbrev  0x00002e19      0x2d4 ./Drivers/STM32H5xx_HAL_Driver/Src/stm32h5xx_hal_uart_ex.o
 .debug_abbrev  0x000030ed      0x237 ./Drivers/STM32H5xx_HAL_Driver/Src/stm32h5xx_ll_usb.o
 .debug_abbrev  0x00003324      0x4d1 ./Middlewares/Third_Party/FreeRTOS/Source/CMSIS_RTOS_V2/cmsis_os2.o
 .debug_abbrev  0x000037f5       0xf5 ./Middlewares/Third_Party/FreeRTOS/Source/list.o
 .debug_abbrev  0x000038ea      0x324 ./Middlewares/Third_Party/FreeRTOS/Source/queue.o
 .debug_abbrev  0x00003c0e      0x33c ./Middlewares/Third_Party/FreeRTOS/Source/tasks.o
 .debug_abbrev  0x00003f4a      0x326 ./Middlewares/Third_Party/FreeRTOS/Source/timers.o
 .debug_abbrev  0x00004270      0x1b6 ./Middlewares/Third_Party/FreeRTOS/Source/portable/GCC/ARM_CM33_NTZ/non_secure/port.o
 .debug_abbrev  0x00004426       0xb8 ./Middlewares/Third_Party/FreeRTOS/Source/portable/GCC/ARM_CM33_NTZ/non_secure/portasm.o
 .debug_abbrev  0x000044de      0x138 ./Middlewares/Third_Party/FreeRTOS/Source/portable/MemMang/heap_1.o

.debug_aranges  0x00000000     0x1bb8
 .debug_aranges
                0x00000000       0xe0 ./Core/Src/BatteryControlTask.o
 .debug_aranges
                0x000000e0       0x48 ./Core/Src/StartupTask.o
 .debug_aranges
                0x00000128       0x28 ./Core/Src/app_freertos.o
 .debug_aranges
                0x00000150       0x30 ./Core/Src/can_rx.o
 .debug_aranges
                0x00000180       0x30 ./Core/Src/can_tx.o
 .debug_aranges
                0x000001b0       0x60 ./Core/Src/main.o
 .debug_aranges
                0x00000210       0x60 ./Core/Src/stm32h5xx_hal_msp.o
 .debug_aranges
                0x00000270       0x48 ./Core/Src/stm32h5xx_it.o
 .debug_aranges
                0x000002b8       0x28 ./Core/Src/system_stm32h5xx.o
 .debug_aranges
                0x000002e0       0x28 ./Core/Startup/startup_stm32h563vitx.o
 .debug_aranges
                0x00000308      0x200 ./Drivers/STM32H5xx_HAL_Driver/Src/stm32h5xx_hal.o
 .debug_aranges
                0x00000508      0x140 ./Drivers/STM32H5xx_HAL_Driver/Src/stm32h5xx_hal_cortex.o
 .debug_aranges
                0x00000648      0x208 ./Drivers/STM32H5xx_HAL_Driver/Src/stm32h5xx_hal_fdcan.o
 .debug_aranges
                0x00000850       0x78 ./Drivers/STM32H5xx_HAL_Driver/Src/stm32h5xx_hal_gpio.o
 .debug_aranges
                0x000008c8      0x150 ./Drivers/STM32H5xx_HAL_Driver/Src/stm32h5xx_hal_pcd.o
 .debug_aranges
                0x00000a18       0x58 ./Drivers/STM32H5xx_HAL_Driver/Src/stm32h5xx_hal_pcd_ex.o
 .debug_aranges
                0x00000a70      0x148 ./Drivers/STM32H5xx_HAL_Driver/Src/stm32h5xx_hal_pwr_ex.o
 .debug_aranges
                0x00000bb8       0xa0 ./Drivers/STM32H5xx_HAL_Driver/Src/stm32h5xx_hal_rcc.o
 .debug_aranges
                0x00000c58      0x108 ./Drivers/STM32H5xx_HAL_Driver/Src/stm32h5xx_hal_rcc_ex.o
 .debug_aranges
                0x00000d60      0x1a8 ./Drivers/STM32H5xx_HAL_Driver/Src/stm32h5xx_hal_spi.o
 .debug_aranges
                0x00000f08      0x248 ./Drivers/STM32H5xx_HAL_Driver/Src/stm32h5xx_hal_uart.o
 .debug_aranges
                0x00001150       0xa8 ./Drivers/STM32H5xx_HAL_Driver/Src/stm32h5xx_hal_uart_ex.o
 .debug_aranges
                0x000011f8      0x130 ./Drivers/STM32H5xx_HAL_Driver/Src/stm32h5xx_ll_usb.o
 .debug_aranges
                0x00001328      0x2b8 ./Middlewares/Third_Party/FreeRTOS/Source/CMSIS_RTOS_V2/cmsis_os2.o
 .debug_aranges
                0x000015e0       0x40 ./Middlewares/Third_Party/FreeRTOS/Source/list.o
 .debug_aranges
                0x00001620      0x170 ./Middlewares/Third_Party/FreeRTOS/Source/queue.o
 .debug_aranges
                0x00001790      0x210 ./Middlewares/Third_Party/FreeRTOS/Source/tasks.o
 .debug_aranges
                0x000019a0      0x108 ./Middlewares/Third_Party/FreeRTOS/Source/timers.o
 .debug_aranges
                0x00001aa8       0x78 ./Middlewares/Third_Party/FreeRTOS/Source/portable/GCC/ARM_CM33_NTZ/non_secure/port.o
 .debug_aranges
                0x00001b20       0x60 ./Middlewares/Third_Party/FreeRTOS/Source/portable/GCC/ARM_CM33_NTZ/non_secure/portasm.o
 .debug_aranges
                0x00001b80       0x38 ./Middlewares/Third_Party/FreeRTOS/Source/portable/MemMang/heap_1.o

.debug_rnglists
                0x00000000     0x152e
 .debug_rnglists
                0x00000000       0xaa ./Core/Src/BatteryControlTask.o
 .debug_rnglists
                0x000000aa       0x32 ./Core/Src/StartupTask.o
 .debug_rnglists
                0x000000dc       0x1a ./Core/Src/app_freertos.o
 .debug_rnglists
                0x000000f6       0x21 ./Core/Src/can_rx.o
 .debug_rnglists
                0x00000117       0x1f ./Core/Src/can_tx.o
 .debug_rnglists
                0x00000136       0x49 ./Core/Src/main.o
 .debug_rnglists
                0x0000017f       0x47 ./Core/Src/stm32h5xx_hal_msp.o
 .debug_rnglists
                0x000001c6       0x31 ./Core/Src/stm32h5xx_it.o
 .debug_rnglists
                0x000001f7       0x1b ./Core/Src/system_stm32h5xx.o
 .debug_rnglists
                0x00000212       0x19 ./Core/Startup/startup_stm32h563vitx.o
 .debug_rnglists
                0x0000022b      0x17d ./Drivers/STM32H5xx_HAL_Driver/Src/stm32h5xx_hal.o
 .debug_rnglists
                0x000003a8       0xec ./Drivers/STM32H5xx_HAL_Driver/Src/stm32h5xx_hal_cortex.o
 .debug_rnglists
                0x00000494      0x18d ./Drivers/STM32H5xx_HAL_Driver/Src/stm32h5xx_hal_fdcan.o
 .debug_rnglists
                0x00000621       0x57 ./Drivers/STM32H5xx_HAL_Driver/Src/stm32h5xx_hal_gpio.o
 .debug_rnglists
                0x00000678      0x100 ./Drivers/STM32H5xx_HAL_Driver/Src/stm32h5xx_hal_pcd.o
 .debug_rnglists
                0x00000778       0x3f ./Drivers/STM32H5xx_HAL_Driver/Src/stm32h5xx_hal_pcd_ex.o
 .debug_rnglists
                0x000007b7       0xf3 ./Drivers/STM32H5xx_HAL_Driver/Src/stm32h5xx_hal_pwr_ex.o
 .debug_rnglists
                0x000008aa       0x79 ./Drivers/STM32H5xx_HAL_Driver/Src/stm32h5xx_hal_rcc.o
 .debug_rnglists
                0x00000923       0xcf ./Drivers/STM32H5xx_HAL_Driver/Src/stm32h5xx_hal_rcc_ex.o
 .debug_rnglists
                0x000009f2      0x148 ./Drivers/STM32H5xx_HAL_Driver/Src/stm32h5xx_hal_spi.o
 .debug_rnglists
                0x00000b3a      0x1fb ./Drivers/STM32H5xx_HAL_Driver/Src/stm32h5xx_hal_uart.o
 .debug_rnglists
                0x00000d35       0x7f ./Drivers/STM32H5xx_HAL_Driver/Src/stm32h5xx_hal_uart_ex.o
 .debug_rnglists
                0x00000db4       0xeb ./Drivers/STM32H5xx_HAL_Driver/Src/stm32h5xx_ll_usb.o
 .debug_rnglists
                0x00000e9f      0x218 ./Middlewares/Third_Party/FreeRTOS/Source/CMSIS_RTOS_V2/cmsis_os2.o
 .debug_rnglists
                0x000010b7       0x2b ./Middlewares/Third_Party/FreeRTOS/Source/list.o
 .debug_rnglists
                0x000010e2      0x11d ./Middlewares/Third_Party/FreeRTOS/Source/queue.o
 .debug_rnglists
                0x000011ff      0x1a8 ./Middlewares/Third_Party/FreeRTOS/Source/tasks.o
 .debug_rnglists
                0x000013a7       0xc7 ./Middlewares/Third_Party/FreeRTOS/Source/timers.o
 .debug_rnglists
                0x0000146e       0x57 ./Middlewares/Third_Party/FreeRTOS/Source/portable/GCC/ARM_CM33_NTZ/non_secure/port.o
 .debug_rnglists
                0x000014c5       0x43 ./Middlewares/Third_Party/FreeRTOS/Source/portable/GCC/ARM_CM33_NTZ/non_secure/portasm.o
 .debug_rnglists
                0x00001508       0x26 ./Middlewares/Third_Party/FreeRTOS/Source/portable/MemMang/heap_1.o

.debug_macro    0x00000000    0x360ef
 .debug_macro   0x00000000      0x3d1 ./Core/Src/BatteryControlTask.o
 .debug_macro   0x000003d1      0xade ./Core/Src/BatteryControlTask.o
 .debug_macro   0x00000eaf       0x22 ./Core/Src/BatteryControlTask.o
 .debug_macro   0x00000ed1       0x8e ./Core/Src/BatteryControlTask.o
 .debug_macro   0x00000f5f       0x51 ./Core/Src/BatteryControlTask.o
 .debug_macro   0x00000fb0      0x103 ./Core/Src/BatteryControlTask.o
 .debug_macro   0x000010b3       0x6a ./Core/Src/BatteryControlTask.o
 .debug_macro   0x0000111d      0x1df ./Core/Src/BatteryControlTask.o
 .debug_macro   0x000012fc       0x58 ./Core/Src/BatteryControlTask.o
 .debug_macro   0x00001354       0x10 ./Core/Src/BatteryControlTask.o
 .debug_macro   0x00001364       0x10 ./Core/Src/BatteryControlTask.o
 .debug_macro   0x00001374      0x190 ./Core/Src/BatteryControlTask.o
 .debug_macro   0x00001504       0x74 ./Core/Src/BatteryControlTask.o
 .debug_macro   0x00001578       0x76 ./Core/Src/BatteryControlTask.o
 .debug_macro   0x000015ee      0x1f2 ./Core/Src/BatteryControlTask.o
 .debug_macro   0x000017e0       0x61 ./Core/Src/BatteryControlTask.o
 .debug_macro   0x00001841       0x2a ./Core/Src/BatteryControlTask.o
 .debug_macro   0x0000186b       0x43 ./Core/Src/BatteryControlTask.o
 .debug_macro   0x000018ae       0x34 ./Core/Src/BatteryControlTask.o
 .debug_macro   0x000018e2      0x370 ./Core/Src/BatteryControlTask.o
 .debug_macro   0x00001c52       0x16 ./Core/Src/BatteryControlTask.o
 .debug_macro   0x00001c68       0x4a ./Core/Src/BatteryControlTask.o
 .debug_macro   0x00001cb2       0x34 ./Core/Src/BatteryControlTask.o
 .debug_macro   0x00001ce6       0x10 ./Core/Src/BatteryControlTask.o
 .debug_macro   0x00001cf6       0x58 ./Core/Src/BatteryControlTask.o
 .debug_macro   0x00001d4e       0x8e ./Core/Src/BatteryControlTask.o
 .debug_macro   0x00001ddc       0x1c ./Core/Src/BatteryControlTask.o
 .debug_macro   0x00001df8      0x185 ./Core/Src/BatteryControlTask.o
 .debug_macro   0x00001f7d      0x19b ./Core/Src/BatteryControlTask.o
 .debug_macro   0x00002118       0x28 ./Core/Src/BatteryControlTask.o
 .debug_macro   0x00002140       0x49 ./Core/Src/BatteryControlTask.o
 .debug_macro   0x00002189       0x1c ./Core/Src/BatteryControlTask.o
 .debug_macro   0x000021a5       0x29 ./Core/Src/BatteryControlTask.o
 .debug_macro   0x000021ce       0xf5 ./Core/Src/BatteryControlTask.o
 .debug_macro   0x000022c3     0x1685 ./Core/Src/BatteryControlTask.o
 .debug_macro   0x00003948       0x5e ./Core/Src/BatteryControlTask.o
 .debug_macro   0x000039a6    0x2124a ./Core/Src/BatteryControlTask.o
 .debug_macro   0x00024bf0       0x6d ./Core/Src/BatteryControlTask.o
 .debug_macro   0x00024c5d     0x388a ./Core/Src/BatteryControlTask.o
 .debug_macro   0x000284e7       0x63 ./Core/Src/BatteryControlTask.o
 .debug_macro   0x0002854a     0x1f0d ./Core/Src/BatteryControlTask.o
 .debug_macro   0x0002a457      0xe96 ./Core/Src/BatteryControlTask.o
 .debug_macro   0x0002b2ed      0x166 ./Core/Src/BatteryControlTask.o
 .debug_macro   0x0002b453      0x300 ./Core/Src/BatteryControlTask.o
 .debug_macro   0x0002b753      0x917 ./Core/Src/BatteryControlTask.o
 .debug_macro   0x0002c06a      0x478 ./Core/Src/BatteryControlTask.o
 .debug_macro   0x0002c4e2       0xd6 ./Core/Src/BatteryControlTask.o
 .debug_macro   0x0002c5b8      0x1cd ./Core/Src/BatteryControlTask.o
 .debug_macro   0x0002c785      0x55b ./Core/Src/BatteryControlTask.o
 .debug_macro   0x0002cce0      0x638 ./Core/Src/BatteryControlTask.o
 .debug_macro   0x0002d318       0x7b ./Core/Src/BatteryControlTask.o
 .debug_macro   0x0002d393      0x313 ./Core/Src/BatteryControlTask.o
 .debug_macro   0x0002d6a6      0x1bb ./Core/Src/BatteryControlTask.o
 .debug_macro   0x0002d861      0x5cf ./Core/Src/BatteryControlTask.o
 .debug_macro   0x0002de30       0xeb ./Core/Src/BatteryControlTask.o
 .debug_macro   0x0002df1b      0x693 ./Core/Src/BatteryControlTask.o
 .debug_macro   0x0002e5ae       0xa6 ./Core/Src/BatteryControlTask.o
 .debug_macro   0x0002e654      0x23f ./Core/Src/BatteryControlTask.o
 .debug_macro   0x0002e893      0x177 ./Core/Src/BatteryControlTask.o
 .debug_macro   0x0002ea0a      0x2a7 ./Core/Src/BatteryControlTask.o
 .debug_macro   0x0002ecb1      0x6bd ./Core/Src/BatteryControlTask.o
 .debug_macro   0x0002f36e      0x4ee ./Core/Src/BatteryControlTask.o
 .debug_macro   0x0002f85c       0x16 ./Core/Src/BatteryControlTask.o
 .debug_macro   0x0002f872      0x18d ./Core/Src/BatteryControlTask.o
 .debug_macro   0x0002f9ff       0x16 ./Core/Src/BatteryControlTask.o
 .debug_macro   0x0002fa15      0x179 ./Core/Src/BatteryControlTask.o
 .debug_macro   0x0002fb8e       0x1c ./Core/Src/BatteryControlTask.o
 .debug_macro   0x0002fbaa      0x1ba ./Core/Src/BatteryControlTask.o
 .debug_macro   0x0002fd64       0x10 ./Core/Src/BatteryControlTask.o
 .debug_macro   0x0002fd74       0x10 ./Core/Src/BatteryControlTask.o
 .debug_macro   0x0002fd84       0x1f ./Core/Src/BatteryControlTask.o
 .debug_macro   0x0002fda3       0x12 ./Core/Src/BatteryControlTask.o
 .debug_macro   0x0002fdb5      0x4c3 ./Core/Src/BatteryControlTask.o
 .debug_macro   0x00030278      0x100 ./Core/Src/BatteryControlTask.o
 .debug_macro   0x00030378       0x82 ./Core/Src/BatteryControlTask.o
 .debug_macro   0x000303fa       0x40 ./Core/Src/BatteryControlTask.o
 .debug_macro   0x0003043a       0x16 ./Core/Src/BatteryControlTask.o
 .debug_macro   0x00030450       0x3c ./Core/Src/BatteryControlTask.o
 .debug_macro   0x0003048c       0x20 ./Core/Src/BatteryControlTask.o
 .debug_macro   0x000304ac       0x22 ./Core/Src/BatteryControlTask.o
 .debug_macro   0x000304ce       0xc3 ./Core/Src/BatteryControlTask.o
 .debug_macro   0x00030591      0x12c ./Core/Src/BatteryControlTask.o
 .debug_macro   0x000306bd      0x3a8 ./Core/Src/StartupTask.o
 .debug_macro   0x00030a65      0x18d ./Core/Src/StartupTask.o
 .debug_macro   0x00030bf2      0x38f ./Core/Src/app_freertos.o
 .debug_macro   0x00030f81      0x353 ./Core/Src/can_rx.o
 .debug_macro   0x000312d4       0x70 ./Core/Src/can_rx.o
 .debug_macro   0x00031344      0x347 ./Core/Src/can_tx.o
 .debug_macro   0x0003168b       0x5b ./Core/Src/can_tx.o
 .debug_macro   0x000316e6       0x94 ./Core/Src/can_tx.o
 .debug_macro   0x0003177a       0x57 ./Core/Src/can_tx.o
 .debug_macro   0x000317d1      0x347 ./Core/Src/main.o
 .debug_macro   0x00031b18      0x339 ./Core/Src/stm32h5xx_hal_msp.o
 .debug_macro   0x00031e51      0x35b ./Core/Src/stm32h5xx_it.o
 .debug_macro   0x000321ac      0x2a8 ./Core/Src/system_stm32h5xx.o
 .debug_macro   0x00032454      0x2d7 ./Drivers/STM32H5xx_HAL_Driver/Src/stm32h5xx_hal.o
 .debug_macro   0x0003272b      0x2a1 ./Drivers/STM32H5xx_HAL_Driver/Src/stm32h5xx_hal_cortex.o
 .debug_macro   0x000329cc      0x3b3 ./Drivers/STM32H5xx_HAL_Driver/Src/stm32h5xx_hal_fdcan.o
 .debug_macro   0x00032d7f      0x2d7 ./Drivers/STM32H5xx_HAL_Driver/Src/stm32h5xx_hal_gpio.o
 .debug_macro   0x00033056      0x2ad ./Drivers/STM32H5xx_HAL_Driver/Src/stm32h5xx_hal_pcd.o
 .debug_macro   0x00033303      0x2a1 ./Drivers/STM32H5xx_HAL_Driver/Src/stm32h5xx_hal_pcd_ex.o
 .debug_macro   0x000335a4      0x2cb ./Drivers/STM32H5xx_HAL_Driver/Src/stm32h5xx_hal_pwr_ex.o
 .debug_macro   0x0003386f      0x2e3 ./Drivers/STM32H5xx_HAL_Driver/Src/stm32h5xx_hal_rcc.o
 .debug_macro   0x00033b52      0x2b3 ./Drivers/STM32H5xx_HAL_Driver/Src/stm32h5xx_hal_rcc_ex.o
 .debug_macro   0x00033e05      0x2a9 ./Drivers/STM32H5xx_HAL_Driver/Src/stm32h5xx_hal_spi.o
 .debug_macro   0x000340ae      0x2cc ./Drivers/STM32H5xx_HAL_Driver/Src/stm32h5xx_hal_uart.o
 .debug_macro   0x0003437a      0x2ad ./Drivers/STM32H5xx_HAL_Driver/Src/stm32h5xx_hal_uart_ex.o
 .debug_macro   0x00034627      0x2a1 ./Drivers/STM32H5xx_HAL_Driver/Src/stm32h5xx_ll_usb.o
 .debug_macro   0x000348c8      0x413 ./Middlewares/Third_Party/FreeRTOS/Source/CMSIS_RTOS_V2/cmsis_os2.o
 .debug_macro   0x00034cdb       0x10 ./Middlewares/Third_Party/FreeRTOS/Source/CMSIS_RTOS_V2/cmsis_os2.o
 .debug_macro   0x00034ceb       0x91 ./Middlewares/Third_Party/FreeRTOS/Source/CMSIS_RTOS_V2/cmsis_os2.o
 .debug_macro   0x00034d7c       0x23 ./Middlewares/Third_Party/FreeRTOS/Source/CMSIS_RTOS_V2/cmsis_os2.o
 .debug_macro   0x00034d9f       0x94 ./Middlewares/Third_Party/FreeRTOS/Source/CMSIS_RTOS_V2/cmsis_os2.o
 .debug_macro   0x00034e33       0xa8 ./Middlewares/Third_Party/FreeRTOS/Source/CMSIS_RTOS_V2/cmsis_os2.o