Archive member included to satisfy reference by file (symbol)

C:/ST/STM32CubeIDE_1.16.0/STM32CubeIDE/plugins/com.st.stm32cube.ide.mcu.externaltools.gnu-tools-for-stm32.13.3.rel1.win32_1.0.100.202509120712/tools/bin/../lib/gcc/arm-none-eabi/13.3.1/../../../../arm-none-eabi/lib/thumb/v8-m.main+fp/hard\libc_nano.a(libc_a-exit.o)
                              C:/ST/STM32CubeIDE_1.16.0/STM32CubeIDE/plugins/com.st.stm32cube.ide.mcu.externaltools.gnu-tools-for-stm32.13.3.rel1.win32_1.0.100.202509120712/tools/bin/../lib/gcc/arm-none-eabi/13.3.1/../../../../arm-none-eabi/lib/thumb/v8-m.main+fp/hard/crt0.o (exit)
C:/ST/STM32CubeIDE_1.16.0/STM32CubeIDE/plugins/com.st.stm32cube.ide.mcu.externaltools.gnu-tools-for-stm32.13.3.rel1.win32_1.0.100.202509120712/tools/bin/../lib/gcc/arm-none-eabi/13.3.1/../../../../arm-none-eabi/lib/thumb/v8-m.main+fp/hard\libc_nano.a(libc_a-findfp.o)
                              C:/ST/STM32CubeIDE_1.16.0/STM32CubeIDE/plugins/com.st.stm32cube.ide.mcu.externaltools.gnu-tools-for-stm32.13.3.rel1.win32_1.0.100.202509120712/tools/bin/../lib/gcc/arm-none-eabi/13.3.1/../../../../arm-none-eabi/lib/thumb/v8-m.main+fp/hard\libc_nano.a(libc_a-exit.o) (__stdio_exit_handler)
C:/ST/STM32CubeIDE_1.16.0/STM32CubeIDE/plugins/com.st.stm32cube.ide.mcu.externaltools.gnu-tools-for-stm32.13.3.rel1.win32_1.0.100.202509120712/tools/bin/../lib/gcc/arm-none-eabi/13.3.1/../../../../arm-none-eabi/lib/thumb/v8-m.main+fp/hard\libc_nano.a(libc_a-fwalk.o)
                              C:/ST/STM32CubeIDE_1.16.0/STM32CubeIDE/plugins/com.st.stm32cube.ide.mcu.externaltools.gnu-tools-for-stm32.13.3.rel1.win32_1.0.100.202509120712/tools/bin/../lib/gcc/arm-none-eabi/13.3.1/../../../../arm-none-eabi/lib/thumb/v8-m.main+fp/hard\libc_nano.a(libc_a-findfp.o) (_fwalk_sglue)
C:/ST/STM32CubeIDE_1.16.0/STM32CubeIDE/plugins/com.st.stm32cube.ide.mcu.externaltools.gnu-tools-for-stm32.13.3.rel1.win32_1.0.100.202509120712/tools/bin/../lib/gcc/arm-none-eabi/13.3.1/../../../../arm-none-eabi/lib/thumb/v8-m.main+fp/hard\libc_nano.a(libc_a-stdio.o)
                              C:/ST/STM32CubeIDE_1.16.0/STM32CubeIDE/plugins/com.st.stm32cube.ide.mcu.externaltools.gnu-tools-for-stm32.13.3.rel1.win32_1.0.100.202509120712/tools/bin/../lib/gcc/arm-none-eabi/13.3.1/../../../../arm-none-eabi/lib/thumb/v8-m.main+fp/hard\libc_nano.a(libc_a-findfp.o) (__sread)
C:/ST/STM32CubeIDE_1.16.0/STM32CubeIDE/plugins/com.st.stm32cube.ide.mcu.externaltools.gnu-tools-for-stm32.13.3.rel1.win32_1.0.100.202509120712/tools/bin/../lib/gcc/arm-none-eabi/13.3.1/../../../../arm-none-eabi/lib/thumb/v8-m.main+fp/hard\libc_nano.a(libc_a-memset.o)
                              C:/ST/STM32CubeIDE_1.16.0/STM32CubeIDE/plugins/com.st.stm32cube.ide.mcu.externaltools.gnu-tools-for-stm32.13.3.rel1.win32_1.0.100.202509120712/tools/bin/../lib/gcc/arm-none-eabi/13.3.1/../../../../arm-none-eabi/lib/thumb/v8-m.main+fp/hard/crt0.o (memset)
C:/ST/STM32CubeIDE_1.16.0/STM32CubeIDE/plugins/com.st.stm32cube.ide.mcu.externaltools.gnu-tools-for-stm32.13.3.rel1.win32_1.0.100.202509120712/tools/bin/../lib/gcc/arm-none-eabi/13.3.1/../../../../arm-none-eabi/lib/thumb/v8-m.main+fp/hard\libc_nano.a(libc_a-closer.o)
                              C:/ST/STM32CubeIDE_1.16.0/STM32CubeIDE/plugins/com.st.stm32cube.ide.mcu.externaltools.gnu-tools-for-stm32.13.3.rel1.win32_1.0.100.202509120712/tools/bin/../lib/gcc/arm-none-eabi/13.3.1/../../../../arm-none-eabi/lib/thumb/v8-m.main+fp/hard\libc_nano.a(libc_a-stdio.o) (_close_r)
C:/ST/STM32CubeIDE_1.16.0/STM32CubeIDE/plugins/com.st.stm32cube.ide.mcu.externaltools.gnu-tools-for-stm32.13.3.rel1.win32_1.0.100.202509120712/tools/bin/../lib/gcc/arm-none-eabi/13.3.1/../../../../arm-none-eabi/lib/thumb/v8-m.main+fp/hard\libc_nano.a(libc_a-reent.o)
                              C:/ST/STM32CubeIDE_1.16.0/STM32CubeIDE/plugins/com.st.stm32cube.ide.mcu.externaltools.gnu-tools-for-stm32.13.3.rel1.win32_1.0.100.202509120712/tools/bin/../lib/gcc/arm-none-eabi/13.3.1/../../../../arm-none-eabi/lib/thumb/v8-m.main+fp/hard\libc_nano.a(libc_a-closer.o) (errno)
C:/ST/STM32CubeIDE_1.16.0/STM32CubeIDE/plugins/com.st.stm32cube.ide.mcu.externaltools.gnu-tools-for-stm32.13.3.rel1.win32_1.0.100.202509120712/tools/bin/../lib/gcc/arm-none-eabi/13.3.1/../../../../arm-none-eabi/lib/thumb/v8-m.main+fp/hard\libc_nano.a(libc_a-impure.o)
                              C:/ST/STM32CubeIDE_1.16.0/STM32CubeIDE/plugins/com.st.stm32cube.ide.mcu.externaltools.gnu-tools-for-stm32.13.3.rel1.win32_1.0.100.202509120712/tools/bin/../lib/gcc/arm-none-eabi/13.3.1/../../../../arm-none-eabi/lib/thumb/v8-m.main+fp/hard\libc_nano.a(libc_a-reent.o) (_impure_ptr)
C:/ST/STM32CubeIDE_1.16.0/STM32CubeIDE/plugins/com.st.stm32cube.ide.mcu.externaltools.gnu-tools-for-stm32.13.3.rel1.win32_1.0.100.202509120712/tools/bin/../lib/gcc/arm-none-eabi/13.3.1/../../../../arm-none-eabi/lib/thumb/v8-m.main+fp/hard\libc_nano.a(libc_a-lseekr.o)
[...]
Memory Configuration

Name             Origin             Length             Attributes
RAM              0x20000000         0x000a0000         xrw
FLASH            0x08000000         0x00200000         xr
*default*        0x00000000         0xffffffff

Linker script and memory map

LOAD C:/ST/STM32CubeIDE_1.16.0/STM32CubeIDE/plugins/com.st.stm32cube.ide.mcu.externaltools.gnu-tools-for-stm32.13.3.rel1.win32_1.0.100.202509120712/tools/bin/../lib/gcc/arm-none-eabi/13.3.1/thumb/v8-m.main+fp/hard/crti.o
LOAD C:/ST/STM32CubeIDE_1.16.0/STM32CubeIDE/plugins/com.st.stm32cube.ide.mcu.externaltools.gnu-tools-for-stm32.13.3.rel1.win32_1.0.100.202509120712/tools/bin/../lib/gcc/arm-none-eabi/13.3.1/thumb/v8-m.main+fp/hard/crtbegin.o
LOAD C:/ST/STM32CubeIDE_1.16.0/STM32CubeIDE/plugins/com.st.stm32cube.ide.mcu.externaltools.gnu-tools-for-stm32.13.3.rel1.win32_1.0.100.202509120712/tools/bin/../lib/gcc/arm-none-eabi/13.3.1/../../../../arm-none-eabi/lib/thumb/v8-m.main+fp/hard/crt0.o
LOAD ./Core/Src/BatteryControlTask.o
LOAD ./Core/Src/CANMessageSender.o
LOAD ./Core/Src/StartupTask.o
LOAD ./Core/Src/app_freertos.o
LOAD ./Core/Src/can_rx.o
LOAD ./Core/Src/can_tx.o
LOAD ./Core/Src/main.o
LOAD ./Core/Src/stm32h5xx_hal_msp.o
LOAD ./Core/Src/stm32h5xx_it.o
LOAD ./Core/Src/syscalls.o
LOAD ./Core/Src/sysmem.o
LOAD ./Core/Src/system_stm32h5xx.o
LOAD ./Core/Startup/startup_stm32h563vitx.o
LOAD ./Drivers/STM32H5xx_HAL_Driver/Src/stm32h5xx_hal.o
LOAD ./Drivers/STM32H5xx_HAL_Driver/Src/stm32h5xx_hal_cortex.o
LOAD ./Drivers/STM32H5xx_HAL_Driver/Src/stm32h5xx_hal_dma.o
LOAD ./Drivers/STM32H5xx_HAL_Driver/Src/stm32h5xx_hal_dma_ex.o
LOAD ./Drivers/STM32H5xx_HAL_Driver/Src/stm32h5xx_hal_exti.o
LOAD ./Drivers/STM32H5xx_HAL_Driver/Src/stm32h5xx_hal_fdcan.o
LOAD ./Drivers/STM32H5xx_HAL_Driver/Src/stm32h5xx_hal_flash.o
LOAD ./Drivers/STM32H5xx_HAL_Driver/Src/stm32h5xx_hal_flash_ex.o
LOAD ./Drivers/STM32H5xx_HAL_Driver/Src/stm32h5xx_hal_gpio.o
LOAD ./Drivers/STM32H5xx_HAL_Driver/Src/stm32h5xx_hal_pcd.o
LOAD ./Drivers/STM32H5xx_HAL_Driver/Src/stm32h5xx_hal_pcd_ex.o
LOAD ./Drivers/STM32H5xx_HAL_Driver/Src/stm32h5xx_hal_pwr.o
LOAD ./Drivers/STM32H5xx_HAL_Driver/Src/stm32h5xx_hal_pwr_ex.o
LOAD ./Drivers/STM32H5xx_HAL_Driver/Src/stm32h5xx_hal_rcc.o
LOAD ./Drivers/STM32H5xx_HAL_Driver/Src/stm32h5xx_hal_rcc_ex.o
LOAD ./Drivers/STM32H5xx_HAL_Driver/Src/stm32h5xx_hal_spi.o
LOAD ./Drivers/STM32H5xx_HAL_Driver/Src/stm32h5xx_hal_spi_ex.o
LOAD ./Drivers/STM32H5xx_HAL_Driver/Src/stm32h5xx_hal_uart.o
LOAD ./Drivers/STM32H5xx_HAL_Driver/Src/stm32h5xx_hal_uart_ex.o
LOAD ./Drivers/STM32H5xx_HAL_Driver/Src/stm32h5xx_ll_usb.o
LOAD ./Middlewares/Third_Party/FreeRTOS/Source/CMSIS_RTOS_V2/cmsis_os2.o
LOAD ./Middlewares/Third_Party/FreeRTOS/Source/croutine.o
LOAD ./Middlewares/Third_Party/FreeRTOS/Source/event_groups.o
LOAD ./Middlewares/Third_Party/FreeRTOS/Source/list.o
LOAD ./Middlewares/Third_Party/FreeRTOS/Source/queue.o
LOAD ./Middlewares/Third_Party/FreeRTOS/Source/stream_buffer.o
LOAD ./Middlewares/Third_Party/FreeRTOS/Source/tasks.o
LOAD ./Middlewares/Third_Party/FreeRTOS/Source/timers.o
LOAD ./Middlewares/Third_Party/FreeRTOS/Source/portable/GCC/ARM_CM33_NTZ/non_secure/port.o
LOAD ./Middlewares/Third_Party/FreeRTOS/Source/portable/GCC/ARM_CM33_NTZ/non_secure/portasm.o
LOAD ./Middlewares/Third_Party/FreeRTOS/Source/portable/MemMang/heap_1.o
START GROUP
LOAD C:/ST/STM32CubeIDE_1.16.0/STM32CubeIDE/plugins/com.st.stm32cube.ide.mcu.externaltools.gnu-tools-for-stm32.13.3.rel1.win32_1.0.100.202509120712/tools/bin/../lib/gcc/arm-none-eabi/13.3.1/../../../../arm-none-eabi/lib/thumb/v8-m.main+fp/hard\libc_nano.a
LOAD C:/ST/STM32CubeIDE_1.16.0/STM32CubeIDE/plugins/com.st.stm32cube.ide.mcu.externaltools.gnu-tools-for-stm32.13.3.rel1.win32_1.0.100.202509120712/tools/bin/../lib/gcc/arm-none-eabi/13.3.1/../../../../arm-none-eabi/lib/thumb/v8-m.main+fp/hard\libm.a
END GROUP
START GROUP
LOAD C:/ST/STM32CubeIDE_1.16.0/STM32CubeIDE/plugins/com.st.stm32cube.ide.mcu.externaltools.gnu-tools-for-stm32.13.3.rel1.win32_1.0.100.202509120712/tools/bin/../lib/gcc/arm-none-eabi/13.3.1/thumb/v8-m.main+fp/hard\libgcc.a
LOAD C:/ST/STM32CubeIDE_1.16.0/STM32CubeIDE/plugins/com.st.stm32cube.ide.mcu.externaltools.gnu-tools-for-stm32.13.3.rel1.win32_1.0.100.202509120712/tools/bin/../lib/gcc/arm-none-eabi/13.3.1/../../../../arm-none-eabi/lib/thumb/v8-m.main+fp/hard\libc_nano.a
END GROUP
START GROUP
LOAD C:/ST/STM32CubeIDE_1.16.0/STM32CubeIDE/plugins/com.st.stm32cube.ide.mcu.externaltools.gnu-tools-for-stm32.13.3.rel1.win32_1.0.100.202509120712/tools/bin/../lib/gcc/arm-none-eabi/13.3.1/thumb/v8-m.main+fp/hard\libgcc.a
LOAD C:/ST/STM32CubeIDE_1.16.0/STM32CubeIDE/plugins/com.st.stm32cube.ide.mcu.externaltools.gnu-tools-for-stm32.13.3.rel1.win32_1.0.100.202509120712/tools/bin/../lib/gcc/arm-none-eabi/13.3.1/../../../../arm-none-eabi/lib/thumb/v8-m.main+fp/hard\libc_nano.a
LOAD C:/ST/STM32CubeIDE_1.16.0/STM32CubeIDE/plugins/com.st.stm32cube.ide.mcu.externaltools.gnu-tools-for-stm32.13.3.rel1.win32_1.0.100.202509120712/tools/bin/../lib/gcc/arm-none-eabi/13.3.1/../../../../arm-none-eabi/lib/thumb/v8-m.main+fp/hard\libnosys.a
END GROUP
START GROUP
LOAD C:/ST/STM32CubeIDE_1.16.0/STM32CubeIDE/plugins/com.st.stm32cube.ide.mcu.externaltools.gnu-tools-for-stm32.13.3.rel1.win32_1.0.100.202509120712/tools/bin/../lib/gcc/arm-none-eabi/13.3.1/thumb/v8-m.main+fp/hard\libgcc.a
LOAD C:/ST/STM32CubeIDE_1.16.0/STM32CubeIDE/plugins/com.st.stm32cube.ide.mcu.externaltools.gnu-tools-for-stm32.13.3.rel1.win32_1.0.100.202509120712/tools/bin/../lib/gcc/arm-none-eabi/13.3.1/../../../../arm-none-eabi/lib/thumb/v8-m.main+fp/hard\libc_nano.a
LOAD C:/ST/STM32CubeIDE_1.16.0/STM32CubeIDE/plugins/com.st.stm32cube.ide.mcu.externaltools.gnu-tools-for-stm32.13.3.rel1.win32_1.0.100.202509120712/tools/bin/../lib/gcc/arm-none-eabi/13.3.1/../../../../arm-none-eabi/lib/thumb/v8-m.main+fp/hard\libnosys.a
END GROUP
LOAD C:/ST/STM32CubeIDE_1.16.0/STM32CubeIDE/plugins/com.st.stm32cube.ide.mcu.externaltools.gnu-tools-for-stm32.13.3.rel1.win32_1.0.100.202509120712/tools/bin/../lib/gcc/arm-none-eabi/13.3.1/thumb/v8-m.main+fp/hard/crtend.o
LOAD C:/ST/STM32CubeIDE_1.16.0/STM32CubeIDE/plugins/com.st.stm32cube.ide.mcu.externaltools.gnu-tools-for-stm32.13.3.rel1.win32_1.0.100.202509120712/tools/bin/../lib/gcc/arm-none-eabi/13.3.1/thumb/v8-m.main+fp/hard/crtn.o
                0x200a0000                        _estack = (ORIGIN (RAM) + LENGTH (RAM))
                0x00000200                        _Min_Heap_Size = 0x200
                0x00000400                        _Min_Stack_Size = 0x400

.isr_vector     0x08000000      0x24c
                0x08000000                        . = ALIGN (0x4)
 *(.isr_vector)
 .isr_vector    0x08000000      0x24c ./Core/Startup/startup_stm32h563vitx.o
                0x08000000                g_pfnVectors
                0x0800024c                        . = ALIGN (0x4)

.text           0x08000250     0xc588
                0x08000250                        . = ALIGN (0x4)
 *(.text)
 .text          0x08000250       0x40 C:/ST/STM32CubeIDE_1.16.0/STM32CubeIDE/plugins/com.st.stm32cube.ide.mcu.externaltools.gnu-tools-for-stm32.13.3.rel1.win32_1.0.100.202509120712/tools/bin/../lib/gcc/arm-none-eabi/13.3.1/thumb/v8-m.main+fp/hard/crtbegin.o
 .text          0x08000290       0x30 C:/ST/STM32CubeIDE_1.16.0/STM32CubeIDE/plugins/com.st.stm32cube.ide.mcu.externaltools.gnu-tools-for-stm32.13.3.rel1.win32_1.0.100.202509120712/tools/bin/../lib/gcc/arm-none-eabi/13.3.1/thumb/v8-m.main+fp/hard\libgcc.a(_aeabi_uldivmod.o)
                0x08000290                __aeabi_uldivmod
 .text          0x080002c0      0x348 C:/ST/STM32CubeIDE_1.16.0/STM32CubeIDE/plugins/com.st.stm32cube.ide.mcu.externaltools.gnu-tools-for-stm32.13.3.rel1.win32_1.0.100.202509120712/tools/bin/../lib/gcc/arm-none-eabi/13.3.1/thumb/v8-m.main+fp/hard\libgcc.a(_udivmoddi4.o)
                0x080002c0                __udivmoddi4
 .text          0x08000608        0x4 C:/ST/STM32CubeIDE_1.16.0/STM32CubeIDE/plugins/com.st.stm32cube.ide.mcu.externaltools.gnu-tools-for-stm32.13.3.rel1.win32_1.0.100.202509120712/tools/bin/../lib/gcc/arm-none-eabi/13.3.1/thumb/v8-m.main+fp/hard\libgcc.a(_dvmd_tls.o)
                0x08000608                __aeabi_idiv0
                0x08000608                __aeabi_ldiv0
 *(.text*)
 .text.read_Main_Contactor
                0x0800060c       0x18 ./Core/Src/StartupTask.o
                0x0800060c                read_Main_Contactor
 .text.read_Common_Contactor
                0x08000624       0x18 ./Core/Src/StartupTask.o
                0x08000624                read_Common_Contactor
 .text.is_mps_on
                0x0800063c       0x20 ./Core/Src/StartupTask.o
 .text.is_esd_pressed
                0x0800065c       0x20 ./Core/Src/StartupTask.o
 .text.give_lv_perms
                0x0800067c       0x18 ./Core/Src/StartupTask.o
 .text.give_motor_perms
                0x08000694       0x18 ./Core/Src/StartupTask.o
 .text.give_array_perms
                0x080006ac       0x18 ./Core/Src/StartupTask.o
 .text.Startup_Flowchart
                0x080006c4      0x104 ./Core/Src/StartupTask.o
 .text.StartupTask
                0x080007c8       0x24 ./Core/Src/StartupTask.o
                0x080007c8                StartupTask
 .text.MX_FREERTOS_Init
                0x080007ec      0x13c ./Core/Src/app_freertos.o
                0x080007ec                MX_FREERTOS_Init
 .text.StartDefaultTask
                0x08000928       0x12 ./Core/Src/app_freertos.o
                0x08000928                StartDefaultTask
 .text.CAN_Rx_Task
                0x0800093a        0xe ./Core/Src/can_rx.o
                0x0800093a                CAN_Rx_Task
 .text.CAN_Rx   0x08000948       0xe4 ./Core/Src/can_rx.o
 .text.CAN_Tx_Init
                0x08000a2c       0x1c ./Core/Src/can_tx.o
                0x08000a2c                CAN_Tx_Init
 .text.CAN_Tx_Send
                0x08000a48       0x54 ./Core/Src/can_tx.o
                0x08000a48                CAN_Tx_Send
 .text.CAN_Tx_Task
                0x08000a9c       0x38 ./Core/Src/can_tx.o
                0x08000a9c                CAN_Tx_Task
 .text.main     0x08000ad4       0x38 ./Core/Src/main.o
                0x08000ad4                main
 .text.SystemClock_Config
                0x08000b0c       0xf8 ./Core/Src/main.o
                0x08000b0c                SystemClock_Config
 .text.MX_FDCAN1_Init
                0x08000c04      0x164 ./Core/Src/main.o
 .text.MX_SPI1_Init
                0x08000d68       0xac ./Core/Src/main.o
 .text.MX_UART4_Init
                0x08000e14       0x98 ./Core/Src/main.o
 .text.MX_USART3_UART_Init
                0x08000eac       0x9c ./Core/Src/main.o
 .text.MX_USB_PCD_Init
                0x08000f48       0x64 ./Core/Src/main.o
 .text.MX_GPIO_Init
                0x08000fac      0x1f4 ./Core/Src/main.o
 .text.Error_Handler
                0x080011a0        0xc ./Core/Src/main.o
                0x080011a0                Error_Handler
 .text.HAL_MspInit
                0x080011ac       0x14 ./Core/Src/stm32h5xx_hal_msp.o
                0x080011ac                HAL_MspInit
 .text.HAL_FDCAN_MspInit
                0x080011c0      0x11c ./Core/Src/stm32h5xx_hal_msp.o
                0x080011c0                HAL_FDCAN_MspInit
 .text.HAL_SPI_MspInit
                0x080012dc      0x11c ./Core/Src/stm32h5xx_hal_msp.o
                0x080012dc                HAL_SPI_MspInit
 .text.HAL_UART_MspInit
                0x080013f8      0x250 ./Core/Src/stm32h5xx_hal_msp.o
                0x080013f8                HAL_UART_MspInit
 .text.HAL_PCD_MspInit
                0x08001648       0xb4 ./Core/Src/stm32h5xx_hal_msp.o
                0x08001648                HAL_PCD_MspInit
 .text.NMI_Handler
                0x080016fc        0x8 ./Core/Src/stm32h5xx_it.o
                0x080016fc                NMI_Handler
 .text.HardFault_Handler
                0x08001704        0x8 ./Core/Src/stm32h5xx_it.o
                0x08001704                HardFault_Handler
 .text.MemManage_Handler
                0x0800170c        0x8 ./Core/Src/stm32h5xx_it.o
                0x0800170c                MemManage_Handler
 .text.BusFault_Handler
                0x08001714        0x8 ./Core/Src/stm32h5xx_it.o
                0x08001714                BusFault_Handler
 .text.UsageFault_Handler
                0x0800171c        0x8 ./Core/Src/stm32h5xx_it.o
                0x0800171c                UsageFault_Handler
 .text.DebugMon_Handler
                0x08001724        0xe ./Core/Src/stm32h5xx_it.o
                0x08001724                DebugMon_Handler
 *fill*         0x08001732        0x2 
 .text.SystemInit
                0x08001734       0xf8 ./Core/Src/system_stm32h5xx.o
                0x08001734                SystemInit
 .text.Reset_Handler
                0x0800182c       0x50 ./Core/Startup/startup_stm32h563vitx.o
                0x0800182c                Reset_Handler
 .text.Default_Handler
                0x0800187c        0x2 ./Core/Startup/startup_stm32h563vitx.o
                0x0800187c                EXTI2_IRQHandler
                0x0800187c                TIM8_TRG_COM_IRQHandler
                0x0800187c                TIM8_CC_IRQHandler
                0x0800187c                EXTI5_IRQHandler
                0x0800187c                I3C1_ER_IRQHandler
                0x0800187c                UART8_IRQHandler
                0x0800187c                SPI4_IRQHandler
                0x0800187c                GPDMA2_Channel1_IRQHandler
                0x0800187c                FLASH_S_IRQHandler
                0x0800187c                EXTI13_IRQHandler
                0x0800187c                TIM1_CC_IRQHandler
                0x0800187c                GPDMA2_Channel3_IRQHandler
                0x0800187c                TAMP_IRQHandler
                0x0800187c                TIM6_IRQHandler
                0x0800187c                EXTI12_IRQHandler
                0x0800187c                CORDIC_IRQHandler
                0x0800187c                USB_DRD_FS_IRQHandler
                0x0800187c                EXTI3_IRQHandler
                0x0800187c                LPTIM4_IRQHandler
                0x0800187c                GPDMA1_Channel5_IRQHandler
                0x0800187c                EXTI8_IRQHandler
                0x0800187c                GPDMA2_Channel5_IRQHandler
                0x0800187c                LPTIM2_IRQHandler
                0x0800187c                I2C3_ER_IRQHandler
                0x0800187c                GPDMA2_Channel2_IRQHandler
                0x0800187c                USART10_IRQHandler
                0x0800187c                LPTIM3_IRQHandler
                0x0800187c                EXTI0_IRQHandler
                0x0800187c                I2C2_EV_IRQHandler
                0x0800187c                FPU_IRQHandler
                0x0800187c                GPDMA1_Channel3_IRQHandler
                0x0800187c                GPDMA1_Channel7_IRQHandler
                0x0800187c                FDCAN1_IT1_IRQHandler
                0x0800187c                RAMCFG_IRQHandler
                0x0800187c                DCACHE1_IRQHandler
                0x0800187c                SPI1_IRQHandler
                0x0800187c                OCTOSPI1_IRQHandler
                0x0800187c                GPDMA1_Channel2_IRQHandler
                0x0800187c                TIM8_UP_IRQHandler
                0x0800187c                RCC_S_IRQHandler
                0x0800187c                SAI2_IRQHandler
                0x0800187c                ADC1_IRQHandler
                0x0800187c                USART6_IRQHandler
                0x0800187c                EXTI15_IRQHandler
                0x0800187c                TIM17_IRQHandler
                0x0800187c                USART3_IRQHandler
                0x0800187c                RTC_IRQHandler
                0x0800187c                EXTI9_IRQHandler
                0x0800187c                LPTIM5_IRQHandler
                0x0800187c                UART5_IRQHandler
                0x0800187c                TIM4_IRQHandler
                0x0800187c                I2C1_EV_IRQHandler
                0x0800187c                GPDMA1_Channel1_IRQHandler
                0x0800187c                TIM16_IRQHandler
                0x0800187c                UART4_IRQHandler
                0x0800187c                SecureFault_Handler
                0x0800187c                TIM3_IRQHandler
                0x0800187c                RCC_IRQHandler
                0x0800187c                UART9_IRQHandler
                0x0800187c                TIM1_TRG_COM_IRQHandler
                0x0800187c                Default_Handler
                0x0800187c                FMAC_IRQHandler
                0x0800187c                CEC_IRQHandler
                0x0800187c                USART11_IRQHandler
                0x0800187c                TIM14_IRQHandler
                0x0800187c                TIM13_IRQHandler
                0x0800187c                GPDMA2_Channel4_IRQHandler
                0x0800187c                SPI5_IRQHandler
                0x0800187c                TIM12_IRQHandler
                0x0800187c                TIM7_IRQHandler
                0x0800187c                SDMMC1_IRQHandler
                0x0800187c                TIM5_IRQHandler
                0x0800187c                UCPD1_IRQHandler
                0x0800187c                GPDMA1_Channel0_IRQHandler
                0x0800187c                I3C1_EV_IRQHandler
                0x0800187c                TIM15_IRQHandler
                0x0800187c                PVD_AVD_IRQHandler
                0x0800187c                I2C3_EV_IRQHandler
                0x0800187c                ETH_WKUP_IRQHandler
                0x0800187c                ADC2_IRQHandler
                0x0800187c                SPI2_IRQHandler
                0x0800187c                EXTI14_IRQHandler
                0x0800187c                EXTI11_IRQHandler
                0x0800187c                CRS_IRQHandler
                0x0800187c                EXTI4_IRQHandler
                0x0800187c                GPDMA2_Channel0_IRQHandler
                0x0800187c                RTC_S_IRQHandler
                0x0800187c                RNG_IRQHandler
                0x0800187c                FDCAN2_IT1_IRQHandler
                0x0800187c                ETH_IRQHandler
                0x0800187c                GPDMA2_Channel6_IRQHandler
                0x0800187c                TIM1_UP_IRQHandler
                0x0800187c                UART12_IRQHandler
                0x0800187c                WWDG_IRQHandler
                0x0800187c                SPI6_IRQHandler
                0x0800187c                I2C4_EV_IRQHandler
                0x0800187c                FDCAN2_IT0_IRQHandler
                0x0800187c                IWDG_IRQHandler
                0x0800187c                LPUART1_IRQHandler
                0x0800187c                FDCAN1_IT0_IRQHandler
                0x0800187c                TIM2_IRQHandler
                0x0800187c                GPDMA1_Channel4_IRQHandler
                0x0800187c                EXTI7_IRQHandler
                0x0800187c                TIM1_BRK_IRQHandler
                0x0800187c                EXTI1_IRQHandler
                0x0800187c                SDMMC2_IRQHandler
                0x0800187c                LPTIM6_IRQHandler
                0x0800187c                DAC1_IRQHandler
                0x0800187c                DTS_IRQHandler
                0x0800187c                UART7_IRQHandler
                0x0800187c                GTZC_IRQHandler
                0x0800187c                USART2_IRQHandler
                0x0800187c                GPDMA1_Channel6_IRQHandler
                0x0800187c                GPDMA2_Channel7_IRQHandler
                0x0800187c                I2C2_ER_IRQHandler
                0x0800187c                TIM8_BRK_IRQHandler
                0x0800187c                FLASH_IRQHandler
                0x0800187c                USART1_IRQHandler
                0x0800187c                EXTI10_IRQHandler
                0x0800187c                SPI3_IRQHandler
                0x0800187c                I2C1_ER_IRQHandler
                0x0800187c                FMC_IRQHandler
                0x0800187c                EXTI6_IRQHandler
                0x0800187c                LPTIM1_IRQHandler
                0x0800187c                DCMI_PSSI_IRQHandler
                0x0800187c                I2C4_ER_IRQHandler
                0x0800187c                ICACHE_IRQHandler
                0x0800187c                SAI1_IRQHandler
                0x0800187c                HASH_IRQHandler
 *fill*         0x0800187e        0x2 
 .text.HAL_Init
                0x08001880       0x50 ./Drivers/STM32H5xx_HAL_Driver/Src/stm32h5xx_hal.o
                0x08001880                HAL_Init
 .text.HAL_InitTick
                0x080018d0       0xec ./Drivers/STM32H5xx_HAL_Driver/Src/stm32h5xx_hal.o
                0x080018d0                HAL_InitTick
 .text.HAL_GetTick
                0x080019bc       0x18 ./Drivers/STM32H5xx_HAL_Driver/Src/stm32h5xx_hal.o
                0x080019bc                HAL_GetTick
 .text.__NVIC_SetPriorityGrouping
                0x080019d4       0x48 ./Drivers/STM32H5xx_HAL_Driver/Src/stm32h5xx_hal_cortex.o
 .text.__NVIC_GetPriorityGrouping
                0x08001a1c       0x1c ./Drivers/STM32H5xx_HAL_Driver/Src/stm32h5xx_hal_cortex.o
 .text.__NVIC_SetPriority
                0x08001a38       0x54 ./Drivers/STM32H5xx_HAL_Driver/Src/stm32h5xx_hal_cortex.o
 .text.NVIC_EncodePriority
                0x08001a8c       0x66 ./Drivers/STM32H5xx_HAL_Driver/Src/stm32h5xx_hal_cortex.o
 .text.HAL_NVIC_SetPriorityGrouping
                0x08001af2       0x16 ./Drivers/STM32H5xx_HAL_Driver/Src/stm32h5xx_hal_cortex.o
                0x08001af2                HAL_NVIC_SetPriorityGrouping
 .text.HAL_NVIC_SetPriority
                0x08001b08       0x34 ./Drivers/STM32H5xx_HAL_Driver/Src/stm32h5xx_hal_cortex.o
                0x08001b08                HAL_NVIC_SetPriority
 .text.HAL_SYSTICK_Config
                0x08001b3c       0x44 ./Drivers/STM32H5xx_HAL_Driver/Src/stm32h5xx_hal_cortex.o
                0x08001b3c                HAL_SYSTICK_Config
 .text.HAL_SYSTICK_CLKSourceConfig
                0x08001b80       0xb0 ./Drivers/STM32H5xx_HAL_Driver/Src/stm32h5xx_hal_cortex.o
                0x08001b80                HAL_SYSTICK_CLKSourceConfig
 .text.HAL_SYSTICK_GetCLKSourceConfig
                0x08001c30       0x6c ./Drivers/STM32H5xx_HAL_Driver/Src/stm32h5xx_hal_cortex.o
                0x08001c30                HAL_SYSTICK_GetCLKSourceConfig
 .text.HAL_FDCAN_Init
                0x08001c9c      0x2b4 ./Drivers/STM32H5xx_HAL_Driver/Src/stm32h5xx_hal_fdcan.o
                0x08001c9c                HAL_FDCAN_Init
 .text.HAL_FDCAN_ConfigFilter
                0x08001f50       0xb4 ./Drivers/STM32H5xx_HAL_Driver/Src/stm32h5xx_hal_fdcan.o
                0x08001f50                HAL_FDCAN_ConfigFilter
 .text.HAL_FDCAN_Start
                0x08002004       0x50 ./Drivers/STM32H5xx_HAL_Driver/Src/stm32h5xx_hal_fdcan.o
                0x08002004                HAL_FDCAN_Start
 .text.HAL_FDCAN_AddMessageToTxFifoQ
                0x08002054       0x88 ./Drivers/STM32H5xx_HAL_Driver/Src/stm32h5xx_hal_fdcan.o
                0x08002054                HAL_FDCAN_AddMessageToTxFifoQ
 .text.FDCAN_CalcultateRamBlockAddresses
                0x080020dc       0xc4 ./Drivers/STM32H5xx_HAL_Driver/Src/stm32h5xx_hal_fdcan.o
 .text.FDCAN_CopyMessageToRAM
                0x080021a0       0xf8 ./Drivers/STM32H5xx_HAL_Driver/Src/stm32h5xx_hal_fdcan.o
 .text.HAL_GPIO_Init
                0x08002298      0x2bc ./Drivers/STM32H5xx_HAL_Driver/Src/stm32h5xx_hal_gpio.o
                0x08002298                HAL_GPIO_Init
 .text.HAL_GPIO_ReadPin
                0x08002554       0x30 ./Drivers/STM32H5xx_HAL_Driver/Src/stm32h5xx_hal_gpio.o
                0x08002554                HAL_GPIO_ReadPin
 .text.HAL_GPIO_WritePin
                0x08002584       0x30 ./Drivers/STM32H5xx_HAL_Driver/Src/stm32h5xx_hal_gpio.o
                0x08002584                HAL_GPIO_WritePin
 .text.HAL_PCD_Init
                0x080025b4      0x202 ./Drivers/STM32H5xx_HAL_Driver/Src/stm32h5xx_hal_pcd.o
                0x080025b4                HAL_PCD_Init
 .text.HAL_PCDEx_ActivateLPM
                0x080027b6       0x44 ./Drivers/STM32H5xx_HAL_Driver/Src/stm32h5xx_hal_pcd_ex.o
                0x080027b6                HAL_PCDEx_ActivateLPM
 *fill*         0x080027fa        0x2 
 .text.HAL_PWREx_EnableVddUSB
                0x080027fc       0x20 ./Drivers/STM32H5xx_HAL_Driver/Src/stm32h5xx_hal_pwr_ex.o
                0x080027fc                HAL_PWREx_EnableVddUSB
 .text.HAL_RCC_OscConfig
                0x0800281c      0x870 ./Drivers/STM32H5xx_HAL_Driver/Src/stm32h5xx_hal_rcc.o
                0x0800281c                HAL_RCC_OscConfig
 .text.HAL_RCC_ClockConfig
                0x0800308c      0x370 ./Drivers/STM32H5xx_HAL_Driver/Src/stm32h5xx_hal_rcc.o
                0x0800308c                HAL_RCC_ClockConfig
 .text.HAL_RCC_GetSysClockFreq
                0x080033fc      0x258 ./Drivers/STM32H5xx_HAL_Driver/Src/stm32h5xx_hal_rcc.o
                0x080033fc                HAL_RCC_GetSysClockFreq
 .text.HAL_RCC_GetHCLKFreq
                0x08003654       0x38 ./Drivers/STM32H5xx_HAL_Driver/Src/stm32h5xx_hal_rcc.o
                0x08003654                HAL_RCC_GetHCLKFreq
 .text.HAL_RCC_GetPCLK1Freq
                0x0800368c       0x2c ./Drivers/STM32H5xx_HAL_Driver/Src/stm32h5xx_hal_rcc.o
                0x0800368c                HAL_RCC_GetPCLK1Freq
 .text.HAL_RCC_GetPCLK2Freq
                0x080036b8       0x2c ./Drivers/STM32H5xx_HAL_Driver/Src/stm32h5xx_hal_rcc.o
                0x080036b8                HAL_RCC_GetPCLK2Freq
 .text.HAL_RCC_GetPCLK3Freq
                0x080036e4       0x2c ./Drivers/STM32H5xx_HAL_Driver/Src/stm32h5xx_hal_rcc.o
                0x080036e4                HAL_RCC_GetPCLK3Freq
 .text.HAL_RCCEx_PeriphCLKConfig
                0x08003710     0x1f14 ./Drivers/STM32H5xx_HAL_Driver/Src/stm32h5xx_hal_rcc_ex.o
                0x08003710                HAL_RCCEx_PeriphCLKConfig
 .text.HAL_RCCEx_GetPLL1ClockFreq
                0x08005624      0x2d8 ./Drivers/STM32H5xx_HAL_Driver/Src/stm32h5xx_hal_rcc_ex.o
                0x08005624                HAL_RCCEx_GetPLL1ClockFreq
 .text.HAL_RCCEx_GetPLL2ClockFreq
                0x080058fc      0x2d8 ./Drivers/STM32H5xx_HAL_Driver/Src/stm32h5xx_hal_rcc_ex.o
                0x080058fc                HAL_RCCEx_GetPLL2ClockFreq
 .text.HAL_RCCEx_GetPLL3ClockFreq
                0x08005bd4      0x2d8 ./Drivers/STM32H5xx_HAL_Driver/Src/stm32h5xx_hal_rcc_ex.o
                0x08005bd4                HAL_RCCEx_GetPLL3ClockFreq
 .text.HAL_RCCEx_GetPeriphCLKFreq
                0x08005eac     0x26b4 ./Drivers/STM32H5xx_HAL_Driver/Src/stm32h5xx_hal_rcc_ex.o
                0x08005eac                HAL_RCCEx_GetPeriphCLKFreq
 .text.RCCEx_PLL2_Config
                0x08008560      0x130 ./Drivers/STM32H5xx_HAL_Driver/Src/stm32h5xx_hal_rcc_ex.o
 .text.RCCEx_PLL3_Config
                0x08008690      0x130 ./Drivers/STM32H5xx_HAL_Driver/Src/stm32h5xx_hal_rcc_ex.o
 .text.HAL_SPI_Init
                0x080087c0      0x2e0 ./Drivers/STM32H5xx_HAL_Driver/Src/stm32h5xx_hal_spi.o
                0x080087c0                HAL_SPI_Init
 .text.SPI_GetPacketSize
                0x08008aa0       0x36 ./Drivers/STM32H5xx_HAL_Driver/Src/stm32h5xx_hal_spi.o
 .text.HAL_UART_Init
                0x08008ad6       0xa0 ./Drivers/STM32H5xx_HAL_Driver/Src/stm32h5xx_hal_uart.o
                0x08008ad6                HAL_UART_Init
 *fill*         0x08008b76        0x2 
 .text.UART_SetConfig
                0x08008b78      0x3dc ./Drivers/STM32H5xx_HAL_Driver/Src/stm32h5xx_hal_uart.o
                0x08008b78                UART_SetConfig
 .text.UART_AdvFeatureConfig
                0x08008f54      0x144 ./Drivers/STM32H5xx_HAL_Driver/Src/stm32h5xx_hal_uart.o
                0x08008f54                UART_AdvFeatureConfig
 .text.UART_CheckIdleState
                0x08009098      0x154 ./Drivers/STM32H5xx_HAL_Driver/Src/stm32h5xx_hal_uart.o
                0x08009098                UART_CheckIdleState
 .text.UART_WaitOnFlagUntilTimeout
                0x080091ec       0xda ./Drivers/STM32H5xx_HAL_Driver/Src/stm32h5xx_hal_uart.o
                0x080091ec                UART_WaitOnFlagUntilTimeout
 .text.UART_EndRxTransfer
                0x080092c6       0xcc ./Drivers/STM32H5xx_HAL_Driver/Src/stm32h5xx_hal_uart.o
 .text.HAL_UARTEx_DisableFifoMode
                0x08009392       0x72 ./Drivers/STM32H5xx_HAL_Driver/Src/stm32h5xx_hal_uart_ex.o
                0x08009392                HAL_UARTEx_DisableFifoMode
 .text.HAL_UARTEx_SetTxFifoThreshold
                0x08009404       0x7c ./Drivers/STM32H5xx_HAL_Driver/Src/stm32h5xx_hal_uart_ex.o
                0x08009404                HAL_UARTEx_SetTxFifoThreshold
 .text.HAL_UARTEx_SetRxFifoThreshold
                0x08009480       0x7c ./Drivers/STM32H5xx_HAL_Driver/Src/stm32h5xx_hal_uart_ex.o
                0x08009480                HAL_UARTEx_SetRxFifoThreshold
 .text.UARTEx_SetNbDataToProcess
                0x080094fc       0x9c ./Drivers/STM32H5xx_HAL_Driver/Src/stm32h5xx_hal_uart_ex.o
 .text.USB_CoreReset
                0x08009598       0x2e ./Drivers/STM32H5xx_HAL_Driver/Src/stm32h5xx_ll_usb.o
 .text.USB_CoreInit
                0x080095c6       0x3c ./Drivers/STM32H5xx_HAL_Driver/Src/stm32h5xx_ll_usb.o
                0x080095c6                USB_CoreInit
 .text.USB_DisableGlobalInt
                0x08009602       0x2a ./Drivers/STM32H5xx_HAL_Driver/Src/stm32h5xx_ll_usb.o
                0x08009602                USB_DisableGlobalInt
 .text.USB_SetCurrentMode
                0x0800962c       0x46 ./Drivers/STM32H5xx_HAL_Driver/Src/stm32h5xx_ll_usb.o
                0x0800962c                USB_SetCurrentMode
 .text.USB_DevInit
                0x08009672       0x46 ./Drivers/STM32H5xx_HAL_Driver/Src/stm32h5xx_ll_usb.o
                0x08009672                USB_DevInit
 .text.USB_DevDisconnect
                0x080096b8       0x22 ./Drivers/STM32H5xx_HAL_Driver/Src/stm32h5xx_ll_usb.o
                0x080096b8                USB_DevDisconnect
 *fill*         0x080096da        0x2 
 .text.__NVIC_SetPriority
                0x080096dc       0x54 ./Middlewares/Third_Party/FreeRTOS/Source/CMSIS_RTOS_V2/cmsis_os2.o
 .text.SysTick_Handler
                0x08009730       0x20 ./Middlewares/Third_Party/FreeRTOS/Source/CMSIS_RTOS_V2/cmsis_os2.o
                0x08009730                SysTick_Handler
 .text.SVC_Setup
                0x08009750       0x12 ./Middlewares/Third_Party/FreeRTOS/Source/CMSIS_RTOS_V2/cmsis_os2.o
 .text.IRQ_Context
                0x08009762       0x4e ./Middlewares/Third_Party/FreeRTOS/Source/CMSIS_RTOS_V2/cmsis_os2.o
 .text.osKernelInitialize
                0x080097b0       0x4c ./Middlewares/Third_Party/FreeRTOS/Source/CMSIS_RTOS_V2/cmsis_os2.o
                0x080097b0                osKernelInitialize
 .text.osKernelStart
                0x080097fc       0x54 ./Middlewares/Third_Party/FreeRTOS/Source/CMSIS_RTOS_V2/cmsis_os2.o
                0x080097fc                osKernelStart
 .text.osThreadNew
                0x08009850      0x122 ./Middlewares/Third_Party/FreeRTOS/Source/CMSIS_RTOS_V2/cmsis_os2.o
                0x08009850                osThreadNew
 .text.osThreadTerminate
                0x08009972       0x58 ./Middlewares/Third_Party/FreeRTOS/Source/CMSIS_RTOS_V2/cmsis_os2.o
                0x08009972                osThreadTerminate
 .text.osDelay  0x080099ca       0x34 ./Middlewares/Third_Party/FreeRTOS/Source/CMSIS_RTOS_V2/cmsis_os2.o
                0x080099ca                osDelay
 .text.osMutexNew
                0x080099fe      0x10a ./Middlewares/Third_Party/FreeRTOS/Source/CMSIS_RTOS_V2/cmsis_os2.o
                0x080099fe                osMutexNew
 .text.osMessageQueueNew
                0x08009b08       0xe4 ./Middlewares/Third_Party/FreeRTOS/Source/CMSIS_RTOS_V2/cmsis_os2.o
                0x08009b08                osMessageQueueNew
 .text.osMessageQueuePut
                0x08009bec       0xb4 ./Middlewares/Third_Party/FreeRTOS/Source/CMSIS_RTOS_V2/cmsis_os2.o
                0x08009bec                osMessageQueuePut
 .text.osMessageQueueGet
                0x08009ca0       0xb0 ./Middlewares/Third_Party/FreeRTOS/Source/CMSIS_RTOS_V2/cmsis_os2.o
                0x08009ca0                osMessageQueueGet
 .text.vApplicationGetIdleTaskMemory
                0x08009d50       0x34 ./Middlewares/Third_Party/FreeRTOS/Source/CMSIS_RTOS_V2/cmsis_os2.o
                0x08009d50                vApplicationGetIdleTaskMemory
 .text.vApplicationGetTimerTaskMemory
                0x08009d84       0x34 ./Middlewares/Third_Party/FreeRTOS/Source/CMSIS_RTOS_V2/cmsis_os2.o
                0x08009d84                vApplicationGetTimerTaskMemory
 .text.vListInitialise
                0x08009db8       0x40 ./Middlewares/Third_Party/FreeRTOS/Source/list.o
                0x08009db8                vListInitialise
 .text.vListInitialiseItem
                0x08009df8       0x1a ./Middlewares/Third_Party/FreeRTOS/Source/list.o
                0x08009df8                vListInitialiseItem
 .text.vListInsertEnd
                0x08009e12       0x48 ./Middlewares/Third_Party/FreeRTOS/Source/list.o
                0x08009e12                vListInsertEnd
 .text.vListInsert
                0x08009e5a       0x72 ./Middlewares/Third_Party/FreeRTOS/Source/list.o
                0x08009e5a                vListInsert
 .text.uxListRemove
                0x08009ecc       0x54 ./Middlewares/Third_Party/FreeRTOS/Source/list.o
                0x08009ecc                uxListRemove
 .text.xQueueGenericReset
                0x08009f20       0xf2 ./Middlewares/Third_Party/FreeRTOS/Source/queue.o
                0x08009f20                xQueueGenericReset
 .text.xQueueGenericCreateStatic
                0x0800a012       0x92 ./Middlewares/Third_Party/FreeRTOS/Source/queue.o
                0x0800a012                xQueueGenericCreateStatic
 .text.xQueueGenericCreate
                0x0800a0a4       0x96 ./Middlewares/Third_Party/FreeRTOS/Source/queue.o
                0x0800a0a4                xQueueGenericCreate
 .text.prvInitialiseNewQueue
                0x0800a13a       0x46 ./Middlewares/Third_Party/FreeRTOS/Source/queue.o
 .text.prvInitialiseMutex
                0x0800a180       0x34 ./Middlewares/Third_Party/FreeRTOS/Source/queue.o
 .text.xQueueCreateMutex
                0x0800a1b4       0x30 ./Middlewares/Third_Party/FreeRTOS/Source/queue.o
                0x0800a1b4                xQueueCreateMutex
 .text.xQueueCreateMutexStatic
                0x0800a1e4       0x36 ./Middlewares/Third_Party/FreeRTOS/Source/queue.o
                0x0800a1e4                xQueueCreateMutexStatic
 .text.xQueueGenericSend
                0x0800a21a      0x19a ./Middlewares/Third_Party/FreeRTOS/Source/queue.o
                0x0800a21a                xQueueGenericSend
 .text.xQueueGenericSendFromISR
                0x0800a3b4      0x10c ./Middlewares/Third_Party/FreeRTOS/Source/queue.o
                0x0800a3b4                xQueueGenericSendFromISR
 .text.xQueueReceive
                0x0800a4c0      0x178 ./Middlewares/Third_Party/FreeRTOS/Source/queue.o
                0x0800a4c0                xQueueReceive
 .text.xQueueReceiveFromISR
                0x0800a638       0xe4 ./Middlewares/Third_Party/FreeRTOS/Source/queue.o
                0x0800a638                xQueueReceiveFromISR
 .text.prvCopyDataToQueue
                0x0800a71c       0xd4 ./Middlewares/Third_Party/FreeRTOS/Source/queue.o
 .text.prvCopyDataFromQueue
                0x0800a7f0       0x4c ./Middlewares/Third_Party/FreeRTOS/Source/queue.o
 .text.prvUnlockQueue
                0x0800a83c       0xa4 ./Middlewares/Third_Party/FreeRTOS/Source/queue.o
 .text.prvIsQueueEmpty
                0x0800a8e0       0x2c ./Middlewares/Third_Party/FreeRTOS/Source/queue.o
 .text.prvIsQueueFull
                0x0800a90c       0x30 ./Middlewares/Third_Party/FreeRTOS/Source/queue.o
 .text.vQueueAddToRegistry
                0x0800a93c       0x8c ./Middlewares/Third_Party/FreeRTOS/Source/queue.o
                0x0800a93c                vQueueAddToRegistry
 .text.vQueueWaitForMessageRestricted
                0x0800a9c8       0x68 ./Middlewares/Third_Party/FreeRTOS/Source/queue.o
                0x0800a9c8                vQueueWaitForMessageRestricted
 .text.xTaskCreateStatic
                0x0800aa30       0x9a ./Middlewares/Third_Party/FreeRTOS/Source/tasks.o
                0x0800aa30                xTaskCreateStatic
 .text.xTaskCreate
                0x0800aaca       0x94 ./Middlewares/Third_Party/FreeRTOS/Source/tasks.o
                0x0800aaca                xTaskCreate
 .text.prvInitialiseNewTask
                0x0800ab5e      0x104 ./Middlewares/Third_Party/FreeRTOS/Source/tasks.o
 *fill*         0x0800ac62        0x2 
 .text.prvAddNewTaskToReadyList
                0x0800ac64      0x120 ./Middlewares/Third_Party/FreeRTOS/Source/tasks.o
 .text.vTaskDelete
                0x0800ad84       0xd0 ./Middlewares/Third_Party/FreeRTOS/Source/tasks.o
                0x0800ad84                vTaskDelete
 .text.vTaskDelay
                0x0800ae54       0x4c ./Middlewares/Third_Party/FreeRTOS/Source/tasks.o
                0x0800ae54                vTaskDelay
 .text.eTaskGetState
                0x0800aea0      0x100 ./Middlewares/Third_Party/FreeRTOS/Source/tasks.o
                0x0800aea0                eTaskGetState
 .text.vTaskStartScheduler
                0x0800afa0       0xb8 ./Middlewares/Third_Party/FreeRTOS/Source/tasks.o
                0x0800afa0                vTaskStartScheduler
 .text.vTaskSuspendAll
                0x0800b058       0x1c ./Middlewares/Third_Party/FreeRTOS/Source/tasks.o
                0x0800b058                vTaskSuspendAll
 .text.xTaskResumeAll
                0x0800b074      0x1dc ./Middlewares/Third_Party/FreeRTOS/Source/tasks.o
                0x0800b074                xTaskResumeAll
 .text.xTaskGetTickCount
                0x0800b250       0x20 ./Middlewares/Third_Party/FreeRTOS/Source/tasks.o
                0x0800b250                xTaskGetTickCount
 .text.uxTaskGetNumberOfTasks
                0x0800b270       0x18 ./Middlewares/Third_Party/FreeRTOS/Source/tasks.o
                0x0800b270                uxTaskGetNumberOfTasks
 .text.xTaskIncrementTick
                0x0800b288      0x220 ./Middlewares/Third_Party/FreeRTOS/Source/tasks.o
                0x0800b288                xTaskIncrementTick
 .text.vTaskSwitchContext
                0x0800b4a8       0xa8 ./Middlewares/Third_Party/FreeRTOS/Source/tasks.o
                0x0800b4a8                vTaskSwitchContext
 .text.vTaskPlaceOnEventList
                0x0800b550       0x3c ./Middlewares/Third_Party/FreeRTOS/Source/tasks.o
                0x0800b550                vTaskPlaceOnEventList
 .text.vTaskPlaceOnEventListRestricted
                0x0800b58c       0x7c ./Middlewares/Third_Party/FreeRTOS/Source/tasks.o
                0x0800b58c                vTaskPlaceOnEventListRestricted
 .text.xTaskRemoveFromEventList
                0x0800b608      0x19c ./Middlewares/Third_Party/FreeRTOS/Source/tasks.o
                0x0800b608                xTaskRemoveFromEventList
 .text.vTaskInternalSetTimeOutState
                0x0800b7a4       0x2c ./Middlewares/Third_Party/FreeRTOS/Source/tasks.o
                0x0800b7a4                vTaskInternalSetTimeOutState
 .text.xTaskCheckForTimeOut
                0x0800b7d0       0xb0 ./Middlewares/Third_Party/FreeRTOS/Source/tasks.o
                0x0800b7d0                xTaskCheckForTimeOut
 .text.vTaskMissedYield
                0x0800b880       0x18 ./Middlewares/Third_Party/FreeRTOS/Source/tasks.o
                0x0800b880                vTaskMissedYield
 .text.prvIdleTask
                0x0800b898       0x20 ./Middlewares/Third_Party/FreeRTOS/Source/tasks.o
 .text.prvInitialiseTaskLists
                0x0800b8b8       0x80 ./Middlewares/Third_Party/FreeRTOS/Source/tasks.o
 .text.prvCheckTasksWaitingTermination
                0x0800b938       0x5c ./Middlewares/Third_Party/FreeRTOS/Source/tasks.o
 .text.prvDeleteTCB
                0x0800b994       0x50 ./Middlewares/Third_Party/FreeRTOS/Source/tasks.o
 .text.prvResetNextTaskUnblockTime
                0x0800b9e4       0x38 ./Middlewares/Third_Party/FreeRTOS/Source/tasks.o
 .text.xTaskGetSchedulerState
                0x0800ba1c       0x3c ./Middlewares/Third_Party/FreeRTOS/Source/tasks.o
                0x0800ba1c                xTaskGetSchedulerState
 .text.xTaskPriorityDisinherit
                0x0800ba58      0x110 ./Middlewares/Third_Party/FreeRTOS/Source/tasks.o
                0x0800ba58                xTaskPriorityDisinherit
 .text.prvAddCurrentTaskToDelayedList
                0x0800bb68       0xdc ./Middlewares/Third_Party/FreeRTOS/Source/tasks.o
 .text.xTimerCreateTimerTask
                0x0800bc44       0x80 ./Middlewares/Third_Party/FreeRTOS/Source/timers.o
                0x0800bc44                xTimerCreateTimerTask
 .text.prvReloadTimer
                0x0800bcc4       0x42 ./Middlewares/Third_Party/FreeRTOS/Source/timers.o
 *fill*         0x0800bd06        0x2 
 .text.prvProcessExpiredTimer
                0x0800bd08       0x60 ./Middlewares/Third_Party/FreeRTOS/Source/timers.o
 .text.prvTimerTask
                0x0800bd68       0x26 ./Middlewares/Third_Party/FreeRTOS/Source/timers.o
 *fill*         0x0800bd8e        0x2 
 .text.prvProcessTimerOrBlockTask
                0x0800bd90       0x8c ./Middlewares/Third_Party/FreeRTOS/Source/timers.o
 .text.prvGetNextExpireTime
                0x0800be1c       0x48 ./Middlewares/Third_Party/FreeRTOS/Source/timers.o
 .text.prvSampleTimeNow
                0x0800be64       0x40 ./Middlewares/Third_Party/FreeRTOS/Source/timers.o
 .text.prvInsertTimerInActiveList
                0x0800bea4       0x84 ./Middlewares/Third_Party/FreeRTOS/Source/timers.o
 .text.prvProcessReceivedCommands
                0x0800bf28      0x19c ./Middlewares/Third_Party/FreeRTOS/Source/timers.o
 .text.prvSwitchTimerLists
                0x0800c0c4       0x4c ./Middlewares/Third_Party/FreeRTOS/Source/timers.o
 .text.prvCheckForValidListAndQueue
                0x0800c110       0x80 ./Middlewares/Third_Party/FreeRTOS/Source/timers.o
 .text.vPortSetupTimerInterrupt
                0x0800c190       0x48 ./Middlewares/Third_Party/FreeRTOS/Source/portable/GCC/ARM_CM33_NTZ/non_secure/port.o
                0x0800c190                vPortSetupTimerInterrupt
 .text.prvTaskExitError
                0x0800c1d8       0x38 ./Middlewares/Third_Party/FreeRTOS/Source/portable/GCC/ARM_CM33_NTZ/non_secure/port.o
 .text.vPortYield
                0x0800c210       0x24 ./Middlewares/Third_Party/FreeRTOS/Source/portable/GCC/ARM_CM33_NTZ/non_secure/port.o
                0x0800c210                vPortYield
 .text.vPortEnterCritical
                0x0800c234       0x24 ./Middlewares/Third_Party/FreeRTOS/Source/portable/GCC/ARM_CM33_NTZ/non_secure/port.o
                0x0800c234                vPortEnterCritical
 .text.vPortExitCritical
                0x0800c258       0x34 ./Middlewares/Third_Party/FreeRTOS/Source/portable/GCC/ARM_CM33_NTZ/non_secure/port.o
                0x0800c258                vPortExitCritical
 .text.xPortSysTickHandler
                0x0800c28c       0x30 ./Middlewares/Third_Party/FreeRTOS/Source/portable/GCC/ARM_CM33_NTZ/non_secure/port.o
                0x0800c28c                xPortSysTickHandler
 .text.vPortSVCHandler_C
                0x0800c2bc       0x32 ./Middlewares/Third_Party/FreeRTOS/Source/portable/GCC/ARM_CM33_NTZ/non_secure/port.o
                0x0800c2bc                vPortSVCHandler_C
 *fill*         0x0800c2ee        0x2 
 .text.pxPortInitialiseStack
                0x0800c2f0      0x114 ./Middlewares/Third_Party/FreeRTOS/Source/portable/GCC/ARM_CM33_NTZ/non_secure/port.o
                0x0800c2f0                pxPortInitialiseStack
 .text.xPortStartScheduler
                0x0800c404       0xf4 ./Middlewares/Third_Party/FreeRTOS/Source/portable/GCC/ARM_CM33_NTZ/non_secure/port.o
                0x0800c404                xPortStartScheduler
 .text.vPortValidateInterruptPriority
                0x0800c4f8       0x60 ./Middlewares/Third_Party/FreeRTOS/Source/portable/GCC/ARM_CM33_NTZ/non_secure/port.o
                0x0800c4f8                vPortValidateInterruptPriority
 *fill*         0x0800c558        0x8 
 .text.vRestoreContextOfFirstTask
                0x0800c560       0x38 ./Middlewares/Third_Party/FreeRTOS/Source/portable/GCC/ARM_CM33_NTZ/non_secure/portasm.o
                0x0800c560                vRestoreContextOfFirstTask
 *fill*         0x0800c598        0x8 
 .text.vStartFirstTask
                0x0800c5a0       0x28 ./Middlewares/Third_Party/FreeRTOS/Source/portable/GCC/ARM_CM33_NTZ/non_secure/portasm.o
                0x0800c5a0                vStartFirstTask
 .text.ulSetInterruptMask
                0x0800c5c8       0x1a ./Middlewares/Third_Party/FreeRTOS/Source/portable/GCC/ARM_CM33_NTZ/non_secure/portasm.o
                0x0800c5c8                ulSetInterruptMask
 .text.vClearInterruptMask
                0x0800c5e2       0x10 ./Middlewares/Third_Party/FreeRTOS/Source/portable/GCC/ARM_CM33_NTZ/non_secure/portasm.o
                0x0800c5e2                vClearInterruptMask
 *fill*         0x0800c5f2        0xe 
 .text.PendSV_Handler
                0x0800c600       0x58 ./Middlewares/Third_Party/FreeRTOS/Source/portable/GCC/ARM_CM33_NTZ/non_secure/portasm.o
                0x0800c600                PendSV_Handler
 *fill*         0x0800c658        0x8 
 .text.SVC_Handler
                0x0800c660       0x28 ./Middlewares/Third_Party/FreeRTOS/Source/portable/GCC/ARM_CM33_NTZ/non_secure/portasm.o
                0x0800c660                SVC_Handler
 .text.pvPortMalloc
                0x0800c688       0xa4 ./Middlewares/Third_Party/FreeRTOS/Source/portable/MemMang/heap_1.o
                0x0800c688                pvPortMalloc
 .text.vPortFree
                0x0800c72c       0x1e ./Middlewares/Third_Party/FreeRTOS/Source/portable/MemMang/heap_1.o
                0x0800c72c                vPortFree
 .text.memset   0x0800c74a       0x10 C:/ST/STM32CubeIDE_1.16.0/STM32CubeIDE/plugins/com.st.stm32cube.ide.mcu.externaltools.gnu-tools-for-stm32.13.3.rel1.win32_1.0.100.202509120712/tools/bin/../lib/gcc/arm-none-eabi/13.3.1/../../../../arm-none-eabi/lib/thumb/v8-m.main+fp/hard\libc_nano.a(libc_a-memset.o)
                0x0800c74a                memset
 *fill*         0x0800c75a        0x2 
 .text.__libc_init_array
                0x0800c75c       0x48 C:/ST/STM32CubeIDE_1.16.0/STM32CubeIDE/plugins/com.st.stm32cube.ide.mcu.externaltools.gnu-tools-for-stm32.13.3.rel1.win32_1.0.100.202509120712/tools/bin/../lib/gcc/arm-none-eabi/13.3.1/../../../../arm-none-eabi/lib/thumb/v8-m.main+fp/hard\libc_nano.a(libc_a-init.o)
                0x0800c75c                __libc_init_array
 .text.memcpy   0x0800c7a4       0x1a C:/ST/STM32CubeIDE_1.16.0/STM32CubeIDE/plugins/com.st.stm32cube.ide.mcu.externaltools.gnu-tools-for-stm32.13.3.rel1.win32_1.0.100.202509120712/tools/bin/../lib/gcc/arm-none-eabi/13.3.1/../../../../arm-none-eabi/lib/thumb/v8-m.main+fp/hard\libc_nano.a(libc_a-memcpy-stub.o)
                0x0800c7a4                memcpy
 *(.glue_7)
 .glue_7        0x0800c7be        0x0 linker stubs
 *(.glue_7t)
 .glue_7t       0x0800c7be        0x0 linker stubs
 *(.eh_frame)
 *fill*         0x0800c7be        0x2 
 .eh_frame      0x0800c7c0        0x0 C:/ST/STM32CubeIDE_1.16.0/STM32CubeIDE/plugins/com.st.stm32cube.ide.mcu.externaltools.gnu-tools-for-stm32.13.3.rel1.win32_1.0.100.202509120712/tools/bin/../lib/gcc/arm-none-eabi/13.3.1/thumb/v8-m.main+fp/hard/crtbegin.o
 *(.init)
 .init          0x0800c7c0        0x4 C:/ST/STM32CubeIDE_1.16.0/STM32CubeIDE/plugins/com.st.stm32cube.ide.mcu.externaltools.gnu-tools-for-stm32.13.3.rel1.win32_1.0.100.202509120712/tools/bin/../lib/gcc/arm-none-eabi/13.3.1/thumb/v8-m.main+fp/hard/crti.o
                0x0800c7c0                _init
 .init          0x0800c7c4        0x8 C:/ST/STM32CubeIDE_1.16.0/STM32CubeIDE/plugins/com.st.stm32cube.ide.mcu.externaltools.gnu-tools-for-stm32.13.3.rel1.win32_1.0.100.202509120712/tools/bin/../lib/gcc/arm-none-eabi/13.3.1/thumb/v8-m.main+fp/hard/crtn.o
 *(.fini)
 .fini          0x0800c7cc        0x4 C:/ST/STM32CubeIDE_1.16.0/STM32CubeIDE/plugins/com.st.stm32cube.ide.mcu.externaltools.gnu-tools-for-stm32.13.3.rel1.win32_1.0.100.202509120712/tools/bin/../lib/gcc/arm-none-eabi/13.3.1/thumb/v8-m.main+fp/hard/crti.o
                0x0800c7cc                _fini
 .fini          0x0800c7d0        0x8 C:/ST/STM32CubeIDE_1.16.0/STM32CubeIDE/plugins/com.st.stm32cube.ide.mcu.externaltools.gnu-tools-for-stm32.13.3.rel1.win32_1.0.100.202509120712/tools/bin/../lib/gcc/arm-none-eabi/13.3.1/thumb/v8-m.main+fp/hard/crtn.o
                0x0800c7d8                        . = ALIGN (0x4)
                0x0800c7d8                        _etext = .

.vfp11_veneer   0x0800c7d8        0x0
 .vfp11_veneer  0x0800c7d8        0x0 linker stubs

.v4_bx          0x0800c7d8        0x0
 .v4_bx         0x0800c7d8        0x0 linker stubs

.iplt           0x0800c7d8        0x0
 .iplt          0x0800c7d8        0x0 C:/ST/STM32CubeIDE_1.16.0/STM32CubeIDE/plugins/com.st.stm32cube.ide.mcu.externaltools.gnu-tools-for-stm32.13.3.rel1.win32_1.0.100.202509120712/tools/bin/../lib/gcc/arm-none-eabi/13.3.1/thumb/v8-m.main+fp/hard/crtbegin.o

.rodata         0x0800c7d8      0x290
                0x0800c7d8                        . = ALIGN (0x4)
 *(.rodata)
 .rodata        0x0800c7d8       0xe4 ./Core/Src/app_freertos.o
 .rodata        0x0800c8bc        0x5 ./Middlewares/Third_Party/FreeRTOS/Source/tasks.o
 *fill*         0x0800c8c1        0x3 
 .rodata        0x0800c8c4        0xd ./Middlewares/Third_Party/FreeRTOS/Source/timers.o
 *(.rodata*)
 *fill*         0x0800c8d1        0x3 
 .rodata.StartupTask_attributes
                0x0800c8d4       0x24 ./Core/Src/app_freertos.o
                0x0800c8d4                StartupTask_attributes
 .rodata.canTxTask_attributes
                0x0800c8f8       0x24 ./Core/Src/app_freertos.o
                0x0800c8f8                canTxTask_attributes
 .rodata.canRxTask_attributes
                0x0800c91c       0x24 ./Core/Src/app_freertos.o
                0x0800c91c                canRxTask_attributes
 .rodata.canTxQueue_attributes
                0x0800c940       0x18 ./Core/Src/app_freertos.o
                0x0800c940                canTxQueue_attributes
 .rodata.canRxQueue_attributes
                0x0800c958       0x18 ./Core/Src/app_freertos.o
                0x0800c958                canRxQueue_attributes
 .rodata.contactors_attributes
                0x0800c970       0x18 ./Core/Src/app_freertos.o
                0x0800c970                contactors_attributes
 .rodata.battery_attributes
                0x0800c988       0x18 ./Core/Src/app_freertos.o
                0x0800c988                battery_attributes
 .rodata.MBMSTripMutex_attributes
                0x0800c9a0       0x10 ./Core/Src/app_freertos.o
                0x0800c9a0                MBMSTripMutex_attributes
 .rodata.ContactorInfoMutex_attributes
                0x0800c9b0       0x10 ./Core/Src/app_freertos.o
                0x0800c9b0                ContactorInfoMutex_attributes
 .rodata.BatteryInfoMutex_attributes
                0x0800c9c0       0x10 ./Core/Src/app_freertos.o
                0x0800c9c0                BatteryInfoMutex_attributes
 .rodata.MBMSStatusMutex_attributes
                0x0800c9d0       0x10 ./Core/Src/app_freertos.o
                0x0800c9d0                MBMSStatusMutex_attributes
 .rodata.ContactorCommandMutex_attributes
                0x0800c9e0       0x10 ./Core/Src/app_freertos.o
                0x0800c9e0                ContactorCommandMutex_attributes
 .rodata.defaultTask_attributes
                0x0800c9f0       0x24 ./Core/Src/app_freertos.o
                0x0800c9f0                defaultTask_attributes
 .rodata.AHBPrescTable
                0x0800ca14       0x10 ./Core/Src/system_stm32h5xx.o
                0x0800ca14                AHBPrescTable
 .rodata.APBPrescTable
                0x0800ca24        0x8 ./Core/Src/system_stm32h5xx.o
                0x0800ca24                APBPrescTable
 .rodata.DLCtoBytes
                0x0800ca2c       0x10 ./Drivers/STM32H5xx_HAL_Driver/Src/stm32h5xx_hal_fdcan.o
 .rodata.UARTPrescTable
                0x0800ca3c       0x18 ./Drivers/STM32H5xx_HAL_Driver/Src/stm32h5xx_hal_uart.o
                0x0800ca3c                UARTPrescTable
 .rodata.numerator.1
                0x0800ca54        0x8 ./Drivers/STM32H5xx_HAL_Driver/Src/stm32h5xx_hal_uart_ex.o
 .rodata.denominator.0
                0x0800ca5c        0x8 ./Drivers/STM32H5xx_HAL_Driver/Src/stm32h5xx_hal_uart_ex.o
 .rodata.uxTopUsedPriority
                0x0800ca64        0x4 ./Middlewares/Third_Party/FreeRTOS/Source/tasks.o
                0x0800ca64                uxTopUsedPriority
                0x0800ca68                        . = ALIGN (0x4)

.ARM.extab      0x0800ca68        0x0
                0x0800ca68                        . = ALIGN (0x4)
 *(.ARM.extab* .gnu.linkonce.armextab.*)
                0x0800ca68                        . = ALIGN (0x4)

.ARM            0x0800ca68        0x8
                0x0800ca68                        . = ALIGN (0x4)
                0x0800ca68                        __exidx_start = .
 *(.ARM.exidx*)
 .ARM.exidx     0x0800ca68        0x8 C:/ST/STM32CubeIDE_1.16.0/STM32CubeIDE/plugins/com.st.stm32cube.ide.mcu.externaltools.gnu-tools-for-stm32.13.3.rel1.win32_1.0.100.202509120712/tools/bin/../lib/gcc/arm-none-eabi/13.3.1/thumb/v8-m.main+fp/hard\libgcc.a(_udivmoddi4.o)
                0x0800ca70                        __exidx_end = .
                0x0800ca70                        . = ALIGN (0x4)

.preinit_array  0x0800ca70        0x0
                0x0800ca70                        . = ALIGN (0x4)
                0x0800ca70                        PROVIDE (__preinit_array_start = .)
 *(.preinit_array*)
                0x0800ca70                        PROVIDE (__preinit_array_end = .)
                0x0800ca70                        . = ALIGN (0x4)

.init_array     0x0800ca70        0x4
                0x0800ca70                        . = ALIGN (0x4)
                0x0800ca70                        PROVIDE (__init_array_start = .)
 *(SORT_BY_NAME(.init_array.*))
 *(.init_array*)
 .init_array    0x0800ca70        0x4 C:/ST/STM32CubeIDE_1.16.0/STM32CubeIDE/plugins/com.st.stm32cube.ide.mcu.externaltools.gnu-tools-for-stm32.13.3.rel1.win32_1.0.100.202509120712/tools/bin/../lib/gcc/arm-none-eabi/13.3.1/thumb/v8-m.main+fp/hard/crtbegin.o
                0x0800ca74                        PROVIDE (__init_array_end = .)
                0x0800ca74                        . = ALIGN (0x4)

.fini_array     0x0800ca74        0x4
                0x0800ca74                        . = ALIGN (0x4)
                [!provide]                        PROVIDE (__fini_array_start = .)
 *(SORT_BY_NAME(.fini_array.*))
 *(.fini_array*)
 .fini_array    0x0800ca74        0x4 C:/ST/STM32CubeIDE_1.16.0/STM32CubeIDE/plugins/com.st.stm32cube.ide.mcu.externaltools.gnu-tools-for-stm32.13.3.rel1.win32_1.0.100.202509120712/tools/bin/../lib/gcc/arm-none-eabi/13.3.1/thumb/v8-m.main+fp/hard/crtbegin.o
                [!provide]                        PROVIDE (__fini_array_end = .)
                0x0800ca78                        . = ALIGN (0x4)
                0x0800ca78                        _sidata = LOADADDR (.data)

.rel.dyn        0x0800ca78        0x0
 .rel.iplt      0x0800ca78        0x0 C:/ST/STM32CubeIDE_1.16.0/STM32CubeIDE/plugins/com.st.stm32cube.ide.mcu.externaltools.gnu-tools-for-stm32.13.3.rel1.win32_1.0.100.202509120712/tools/bin/../lib/gcc/arm-none-eabi/13.3.1/thumb/v8-m.main+fp/hard/crtbegin.o

.data           0x20000000       0x10 load address 0x0800ca78
                0x20000000                        . = ALIGN (0x4)
                0x20000000                        _sdata = .
 *(.data)
 *(.data*)
 .data.SystemCoreClock
                0x20000000        0x4 ./Core/Src/system_stm32h5xx.o
                0x20000000                SystemCoreClock
 .data.uwTickPrio
                0x20000004        0x4 ./Drivers/STM32H5xx_HAL_Driver/Src/stm32h5xx_hal.o
                0x20000004                uwTickPrio
 .data.uwTickFreq
                0x20000008        0x1 ./Drivers/STM32H5xx_HAL_Driver/Src/stm32h5xx_hal.o
                0x20000008                uwTickFreq
 *fill*         0x20000009        0x3 
 .data.ulCriticalNesting
                0x2000000c        0x4 ./Middlewares/Third_Party/FreeRTOS/Source/portable/GCC/ARM_CM33_NTZ/non_secure/port.o
 *(.RamFunc)
 *(.RamFunc*)
                0x20000010                        . = ALIGN (0x4)
                0x20000010                        _edata = .

.igot.plt       0x20000010        0x0 load address 0x0800ca88
 .igot.plt      0x20000010        0x0 C:/ST/STM32CubeIDE_1.16.0/STM32CubeIDE/plugins/com.st.stm32cube.ide.mcu.externaltools.gnu-tools-for-stm32.13.3.rel1.win32_1.0.100.202509120712/tools/bin/../lib/gcc/arm-none-eabi/13.3.1/thumb/v8-m.main+fp/hard/crtbegin.o
                0x20000010                        . = ALIGN (0x4)

.bss            0x20000010     0x30b0 load address 0x0800ca88
                0x20000010                        _sbss = .
                0x20000010                        __bss_start__ = _sbss
 *(.bss)
 .bss           0x20000010       0x1c C:/ST/STM32CubeIDE_1.16.0/STM32CubeIDE/plugins/com.st.stm32cube.ide.mcu.externaltools.gnu-tools-for-stm32.13.3.rel1.win32_1.0.100.202509120712/tools/bin/../lib/gcc/arm-none-eabi/13.3.1/thumb/v8-m.main+fp/hard/crtbegin.o
 *(.bss*)
 .bss.mbmsStatus
                0x2000002c        0xb ./Core/Src/BatteryControlTask.o
                0x2000002c                mbmsStatus
 *fill*         0x20000037        0x1 
 .bss.mbmsPermissions
                0x20000038        0x6 ./Core/Src/BatteryControlTask.o
                0x20000038                mbmsPermissions
 .bss.startupCheck_Counter
                0x2000003e        0x1 ./Core/Src/StartupTask.o
                0x2000003e                startupCheck_Counter
 *fill*         0x2000003f        0x1 
 .bss.StartupTaskHandle
                0x20000040        0x4 ./Core/Src/app_freertos.o
                0x20000040                StartupTaskHandle
 .bss.canTxTaskHandle
                0x20000044        0x4 ./Core/Src/app_freertos.o
                0x20000044                canTxTaskHandle
 .bss.canRxTaskHandle
                0x20000048        0x4 ./Core/Src/app_freertos.o
                0x20000048                canRxTaskHandle
 .bss.canTxQueueHandle
                0x2000004c        0x4 ./Core/Src/app_freertos.o
                0x2000004c                canTxQueueHandle
 .bss.canRxQueueHandle
                0x20000050        0x4 ./Core/Src/app_freertos.o
                0x20000050                canRxQueueHandle
 .bss.ContactorQueueHandle
                0x20000054        0x4 ./Core/Src/app_freertos.o
                0x20000054                ContactorQueueHandle
 .bss.BatteryQueueHandle
                0x20000058        0x4 ./Core/Src/app_freertos.o
                0x20000058                BatteryQueueHandle
 .bss.MBMSTripMutexHandle
                0x2000005c        0x4 ./Core/Src/app_freertos.o
                0x2000005c                MBMSTripMutexHandle
 .bss.ContactorInfoMutexHandle
                0x20000060        0x4 ./Core/Src/app_freertos.o
                0x20000060                ContactorInfoMutexHandle
 .bss.BatteryInfoMutexHandle
                0x20000064        0x4 ./Core/Src/app_freertos.o
                0x20000064                BatteryInfoMutexHandle
 .bss.MBMSStatusMutexHandle
                0x20000068        0x4 ./Core/Src/app_freertos.o
                0x20000068                MBMSStatusMutexHandle
 .bss.ContactorCommandMutexHandle
                0x2000006c        0x4 ./Core/Src/app_freertos.o
                0x2000006c                ContactorCommandMutexHandle
 .bss.defaultTaskHandle
                0x20000070        0x4 ./Core/Src/app_freertos.o
                0x20000070                defaultTaskHandle
 .bss.messages_got_yay
                0x20000074        0x4 ./Core/Src/can_rx.o
                0x20000074                messages_got_yay
 .bss.batteryqueuefull
                0x20000078        0x4 ./Core/Src/can_rx.o
                0x20000078                batteryqueuefull
 .bss.contactorqueuefull
                0x2000007c        0x4 ./Core/Src/can_rx.o
                0x2000007c                contactorqueuefull
 .bss.orion_message_added
                0x20000080        0x4 ./Core/Src/can_rx.o
                0x20000080                orion_message_added
 .bss.hfdcan1   0x20000084       0x64 ./Core/Src/main.o
                0x20000084                hfdcan1
 .bss.hspi1     0x200000e8       0x90 ./Core/Src/main.o
                0x200000e8                hspi1
 .bss.huart4    0x20000178       0x94 ./Core/Src/main.o
                0x20000178                huart4
 .bss.huart3    0x2000020c       0x94 ./Core/Src/main.o
                0x2000020c                huart3
 .bss.hpcd_USB_DRD_FS
                0x200002a0      0x2e4 ./Core/Src/main.o
                0x200002a0                hpcd_USB_DRD_FS
 .bss.uwTick    0x20000584        0x4 ./Drivers/STM32H5xx_HAL_Driver/Src/stm32h5xx_hal.o
                0x20000584                uwTick
 .bss.KernelState
                0x20000588        0x4 ./Middlewares/Third_Party/FreeRTOS/Source/CMSIS_RTOS_V2/cmsis_os2.o
 .bss.Idle_TCB.3
                0x2000058c       0x5c ./Middlewares/Third_Party/FreeRTOS/Source/CMSIS_RTOS_V2/cmsis_os2.o
 .bss.Idle_Stack.2
                0x200005e8      0x200 ./Middlewares/Third_Party/FreeRTOS/Source/CMSIS_RTOS_V2/cmsis_os2.o
 .bss.Timer_TCB.1
                0x200007e8       0x5c ./Middlewares/Third_Party/FreeRTOS/Source/CMSIS_RTOS_V2/cmsis_os2.o
 .bss.Timer_Stack.0
                0x20000844      0x200 ./Middlewares/Third_Party/FreeRTOS/Source/CMSIS_RTOS_V2/cmsis_os2.o
 .bss.xQueueRegistry
                0x20000a44       0x40 ./Middlewares/Third_Party/FreeRTOS/Source/queue.o
                0x20000a44                xQueueRegistry
 .bss.pxCurrentTCB
                0x20000a84        0x4 ./Middlewares/Third_Party/FreeRTOS/Source/tasks.o
                0x20000a84                pxCurrentTCB
 .bss.pxReadyTasksLists
                0x20000a88      0x460 ./Middlewares/Third_Party/FreeRTOS/Source/tasks.o
 .bss.xDelayedTaskList1
                0x20000ee8       0x14 ./Middlewares/Third_Party/FreeRTOS/Source/tasks.o
 .bss.xDelayedTaskList2
                0x20000efc       0x14 ./Middlewares/Third_Party/FreeRTOS/Source/tasks.o
 .bss.pxDelayedTaskList
                0x20000f10        0x4 ./Middlewares/Third_Party/FreeRTOS/Source/tasks.o
 .bss.pxOverflowDelayedTaskList
                0x20000f14        0x4 ./Middlewares/Third_Party/FreeRTOS/Source/tasks.o
 .bss.xPendingReadyList
                0x20000f18       0x14 ./Middlewares/Third_Party/FreeRTOS/Source/tasks.o
 .bss.xTasksWaitingTermination
                0x20000f2c       0x14 ./Middlewares/Third_Party/FreeRTOS/Source/tasks.o
 .bss.uxDeletedTasksWaitingCleanUp
                0x20000f40        0x4 ./Middlewares/Third_Party/FreeRTOS/Source/tasks.o
 .bss.xSuspendedTaskList
                0x20000f44       0x14 ./Middlewares/Third_Party/FreeRTOS/Source/tasks.o
 .bss.uxCurrentNumberOfTasks
                0x20000f58        0x4 ./Middlewares/Third_Party/FreeRTOS/Source/tasks.o
 .bss.xTickCount
                0x20000f5c        0x4 ./Middlewares/Third_Party/FreeRTOS/Source/tasks.o
 .bss.uxTopReadyPriority
                0x20000f60        0x4 ./Middlewares/Third_Party/FreeRTOS/Source/tasks.o
 .bss.xSchedulerRunning
                0x20000f64        0x4 ./Middlewares/Third_Party/FreeRTOS/Source/tasks.o
 .bss.xPendedTicks
                0x20000f68        0x4 ./Middlewares/Third_Party/FreeRTOS/Source/tasks.o
 .bss.xYieldPending
                0x20000f6c        0x4 ./Middlewares/Third_Party/FreeRTOS/Source/tasks.o
 .bss.xNumOfOverflows
                0x20000f70        0x4 ./Middlewares/Third_Party/FreeRTOS/Source/tasks.o
 .bss.uxTaskNumber
                0x20000f74        0x4 ./Middlewares/Third_Party/FreeRTOS/Source/tasks.o
 .bss.xNextTaskUnblockTime
                0x20000f78        0x4 ./Middlewares/Third_Party/FreeRTOS/Source/tasks.o
 .bss.xIdleTaskHandle
                0x20000f7c        0x4 ./Middlewares/Third_Party/FreeRTOS/Source/tasks.o
 .bss.uxSchedulerSuspended
                0x20000f80        0x4 ./Middlewares/Third_Party/FreeRTOS/Source/tasks.o
 .bss.xActiveTimerList1
                0x20000f84       0x14 ./Middlewares/Third_Party/FreeRTOS/Source/timers.o
 .bss.xActiveTimerList2
                0x20000f98       0x14 ./Middlewares/Third_Party/FreeRTOS/Source/timers.o
 .bss.pxCurrentTimerList
                0x20000fac        0x4 ./Middlewares/Third_Party/FreeRTOS/Source/timers.o
 .bss.pxOverflowTimerList
                0x20000fb0        0x4 ./Middlewares/Third_Party/FreeRTOS/Source/timers.o
 .bss.xTimerQueue
                0x20000fb4        0x4 ./Middlewares/Third_Party/FreeRTOS/Source/timers.o
 .bss.xTimerTaskHandle
                0x20000fb8        0x4 ./Middlewares/Third_Party/FreeRTOS/Source/timers.o
 .bss.xLastTime.2
                0x20000fbc        0x4 ./Middlewares/Third_Party/FreeRTOS/Source/timers.o
 .bss.ucStaticTimerQueueStorage.1
                0x20000fc0       0xa0 ./Middlewares/Third_Party/FreeRTOS/Source/timers.o
 .bss.xStaticTimerQueue.0
                0x20001060       0x50 ./Middlewares/Third_Party/FreeRTOS/Source/timers.o
 .bss.ucMaxSysCallPriority
                0x200010b0        0x1 ./Middlewares/Third_Party/FreeRTOS/Source/portable/GCC/ARM_CM33_NTZ/non_secure/port.o
 *fill*         0x200010b1        0x3 
 .bss.ulMaxPRIGROUPValue
                0x200010b4        0x4 ./Middlewares/Third_Party/FreeRTOS/Source/portable/GCC/ARM_CM33_NTZ/non_secure/port.o
 .bss.ucHeap    0x200010b8     0x2000 ./Middlewares/Third_Party/FreeRTOS/Source/portable/MemMang/heap_1.o
 .bss.xNextFreeByte
                0x200030b8        0x4 ./Middlewares/Third_Party/FreeRTOS/Source/portable/MemMang/heap_1.o
 .bss.pucAlignedHeap.0
                0x200030bc        0x4 ./Middlewares/Third_Party/FreeRTOS/Source/portable/MemMang/heap_1.o
 *(COMMON)
                0x200030c0                        . = ALIGN (0x4)
                0x200030c0                        _ebss = .
                0x200030c0                        __bss_end__ = _ebss

._user_heap_stack
                0x200030c0      0x600 load address 0x0800ca88
                0x200030c0                        . = ALIGN (0x8)
                [!provide]                        PROVIDE (end = .)
                0x200030c0                        PROVIDE (_end = .)
                0x200032c0                        . = (. + _Min_Heap_Size)
 *fill*         0x200030c0      0x200 
                0x200036c0                        . = (. + _Min_Stack_Size)
 *fill*         0x200032c0      0x400 
                0x200036c0                        . = ALIGN (0x8)

/DISCARD/
 libc.a(*)
 libm.a(*)
 libgcc.a(*)

.ARM.attributes
                0x00000000       0x36
 *(.ARM.attributes)
 .ARM.attributes
                0x00000000       0x26 C:/ST/STM32CubeIDE_1.16.0/STM32CubeIDE/plugins/com.st.stm32cube.ide.mcu.externaltools.gnu-tools-for-stm32.13.3.rel1.win32_1.0.100.202509120712/tools/bin/../lib/gcc/arm-none-eabi/13.3.1/thumb/v8-m.main+fp/hard/crti.o
 .ARM.attributes
                0x00000026       0x38 C:/ST/STM32CubeIDE_1.16.0/STM32CubeIDE/plugins/com.st.stm32cube.ide.mcu.externaltools.gnu-tools-for-stm32.13.3.rel1.win32_1.0.100.202509120712/tools/bin/../lib/gcc/arm-none-eabi/13.3.1/thumb/v8-m.main+fp/hard/crtbegin.o
 .ARM.attributes
                0x0000005e       0x3a ./Core/Src/BatteryControlTask.o
 .ARM.attributes
                0x00000098       0x3a ./Core/Src/StartupTask.o
 .ARM.attributes
                0x000000d2       0x3a ./Core/Src/app_freertos.o
 .ARM.attributes
                0x0000010c       0x3a ./Core/Src/can_rx.o
 .ARM.attributes
                0x00000146       0x3a ./Core/Src/can_tx.o
 .ARM.attributes
                0x00000180       0x3a ./Core/Src/main.o
 .ARM.attributes
                0x000001ba       0x3a ./Core/Src/stm32h5xx_hal_msp.o
 .ARM.attributes
                0x000001f4       0x3a ./Core/Src/stm32h5xx_it.o
 .ARM.attributes
                0x0000022e       0x3a ./Core/Src/system_stm32h5xx.o
 .ARM.attributes
                0x00000268       0x24 ./Core/Startup/startup_stm32h563vitx.o
 .ARM.attributes
                0x0000028c       0x3a ./Drivers/STM32H5xx_HAL_Driver/Src/stm32h5xx_hal.o
 .ARM.attributes
                0x000002c6       0x3a ./Drivers/STM32H5xx_HAL_Driver/Src/stm32h5xx_hal_cortex.o
 .ARM.attributes
                0x00000300       0x3a ./Drivers/STM32H5xx_HAL_Driver/Src/stm32h5xx_hal_fdcan.o
 .ARM.attributes
                0x0000033a       0x3a ./Drivers/STM32H5xx_HAL_Driver/Src/stm32h5xx_hal_gpio.o
 .ARM.attributes
                0x00000374       0x3a ./Drivers/STM32H5xx_HAL_Driver/Src/stm32h5xx_hal_pcd.o
 .ARM.attributes
                0x000003ae       0x3a ./Drivers/STM32H5xx_HAL_Driver/Src/stm32h5xx_hal_pcd_ex.o
 .ARM.attributes
                0x000003e8       0x3a ./Drivers/STM32H5xx_HAL_Driver/Src/stm32h5xx_hal_pwr_ex.o
 .ARM.attributes
                0x00000422       0x3a ./Drivers/STM32H5xx_HAL_Driver/Src/stm32h5xx_hal_rcc.o
 .ARM.attributes
                0x0000045c       0x3a ./Drivers/STM32H5xx_HAL_Driver/Src/stm32h5xx_hal_rcc_ex.o
 .ARM.attributes
                0x00000496       0x3a ./Drivers/STM32H5xx_HAL_Driver/Src/stm32h5xx_hal_spi.o
 .ARM.attributes
                0x000004d0       0x3a ./Drivers/STM32H5xx_HAL_Driver/Src/stm32h5xx_hal_uart.o
 .ARM.attributes
                0x0000050a       0x3a ./Drivers/STM32H5xx_HAL_Driver/Src/stm32h5xx_hal_uart_ex.o
 .ARM.attributes
                0x00000544       0x3a ./Drivers/STM32H5xx_HAL_Driver/Src/stm32h5xx_ll_usb.o
 .ARM.attributes
                0x0000057e       0x3a ./Middlewares/Third_Party/FreeRTOS/Source/CMSIS_RTOS_V2/cmsis_os2.o
 .ARM.attributes
                0x000005b8       0x3a ./Middlewares/Third_Party/FreeRTOS/Source/list.o
 .ARM.attributes
                0x000005f2       0x3a ./Middlewares/Third_Party/FreeRTOS/Source/queue.o
 .ARM.attributes
                0x0000062c       0x3a ./Middlewares/Third_Party/FreeRTOS/Source/tasks.o
 .ARM.attributes
                0x00000666       0x3a ./Middlewares/Third_Party/FreeRTOS/Source/timers.o
 .ARM.attributes
                0x000006a0       0x3a ./Middlewares/Third_Party/FreeRTOS/Source/portable/GCC/ARM_CM33_NTZ/non_secure/port.o
 .ARM.attributes
                0x000006da       0x3a ./Middlewares/Third_Party/FreeRTOS/Source/portable/GCC/ARM_CM33_NTZ/non_secure/portasm.o
 .ARM.attributes
                0x00000714       0x3a ./Middlewares/Third_Party/FreeRTOS/Source/portable/MemMang/heap_1.o
 .ARM.attributes
                0x0000074e       0x38 C:/ST/STM32CubeIDE_1.16.0/STM32CubeIDE/plugins/com.st.stm32cube.ide.mcu.externaltools.gnu-tools-for-stm32.13.3.rel1.win32_1.0.100.202509120712/tools/bin/../lib/gcc/arm-none-eabi/13.3.1/../../../../arm-none-eabi/lib/thumb/v8-m.main+fp/hard\libc_nano.a(libc_a-memset.o)
 .ARM.attributes
                0x00000786       0x38 C:/ST/STM32CubeIDE_1.16.0/STM32CubeIDE/plugins/com.st.stm32cube.ide.mcu.externaltools.gnu-tools-for-stm32.13.3.rel1.win32_1.0.100.202509120712/tools/bin/../lib/gcc/arm-none-eabi/13.3.1/../../../../arm-none-eabi/lib/thumb/v8-m.main+fp/hard\libc_nano.a(libc_a-init.o)
 .ARM.attributes
                0x000007be       0x38 C:/ST/STM32CubeIDE_1.16.0/STM32CubeIDE/plugins/com.st.stm32cube.ide.mcu.externaltools.gnu-tools-for-stm32.13.3.rel1.win32_1.0.100.202509120712/tools/bin/../lib/gcc/arm-none-eabi/13.3.1/../../../../arm-none-eabi/lib/thumb/v8-m.main+fp/hard\libc_nano.a(libc_a-memcpy-stub.o)
 .ARM.attributes
                0x000007f6       0x26 C:/ST/STM32CubeIDE_1.16.0/STM32CubeIDE/plugins/com.st.stm32cube.ide.mcu.externaltools.gnu-tools-for-stm32.13.3.rel1.win32_1.0.100.202509120712/tools/bin/../lib/gcc/arm-none-eabi/13.3.1/thumb/v8-m.main+fp/hard\libgcc.a(_aeabi_uldivmod.o)
 .ARM.attributes
                0x0000081c       0x38 C:/ST/STM32CubeIDE_1.16.0/STM32CubeIDE/plugins/com.st.stm32cube.ide.mcu.externaltools.gnu-tools-for-stm32.13.3.rel1.win32_1.0.100.202509120712/tools/bin/../lib/gcc/arm-none-eabi/13.3.1/thumb/v8-m.main+fp/hard\libgcc.a(_udivmoddi4.o)
 .ARM.attributes
                0x00000854       0x26 C:/ST/STM32CubeIDE_1.16.0/STM32CubeIDE/plugins/com.st.stm32cube.ide.mcu.externaltools.gnu-tools-for-stm32.13.3.rel1.win32_1.0.100.202509120712/tools/bin/../lib/gcc/arm-none-eabi/13.3.1/thumb/v8-m.main+fp/hard\libgcc.a(_dvmd_tls.o)
 .ARM.attributes
                0x0000087a       0x26 C:/ST/STM32CubeIDE_1.16.0/STM32CubeIDE/plugins/com.st.stm32cube.ide.mcu.externaltools.gnu-tools-for-stm32.13.3.rel1.win32_1.0.100.202509120712/tools/bin/../lib/gcc/arm-none-eabi/13.3.1/thumb/v8-m.main+fp/hard/crtn.o
OUTPUT(Helios-MBMS-V2.elf elf32-littlearm)
LOAD linker stubs
LOAD C:/ST/STM32CubeIDE_1.16.0/STM32CubeIDE/plugins/com.st.stm32cube.ide.mcu.externaltools.gnu-tools-for-stm32.13.3.rel1.win32_1.0.100.202509120712/tools/bin/../lib/gcc/arm-none-eabi/13.3.1/../../../../arm-none-eabi/lib/thumb/v8-m.main+fp/hard\libc.a
LOAD C:/ST/STM32CubeIDE_1.16.0/STM32CubeIDE/plugins/com.st.stm32cube.ide.mcu.externaltools.gnu-tools-for-stm32.13.3.rel1.win32_1.0.100.202509120712/tools/bin/../lib/gcc/arm-none-eabi/13.3.1/../../../../arm-none-eabi/lib/thumb/v8-m.main+fp/hard\libm.a
LOAD C:/ST/STM32CubeIDE_1.16.0/STM32CubeIDE/plugins/com.st.stm32cube.ide.mcu.externaltools.gnu-tools-for-stm32.13.3.rel1.win32_1.0.100.202509120712/tools/bin/../lib/gcc/arm-none-eabi/13.3.1/thumb/v8-m.main+fp/hard\libgcc.a

.debug_info     0x00000000    0x22625
 .debug_info    0x00000000      0xf3e ./Core/Src/BatteryControlTask.o
 .debug_info    0x00000f3e      0x55a ./Core/Src/StartupTask.o
 .debug_info    0x00001498      0x71f ./Core/Src/app_freertos.o
 .debug_info    0x00001bb7      0x8d8 ./Core/Src/can_rx.o
 .debug_info    0x0000248f      0x855 ./Core/Src/can_tx.o
 .debug_info    0x00002ce4     0x263b ./Core/Src/main.o
 .debug_info    0x0000531f     0x24aa ./Core/Src/stm32h5xx_hal_msp.o
 .debug_info    0x000077c9       0xed ./Core/Src/stm32h5xx_it.o
 .debug_info    0x000078b6      0xd8e ./Core/Src/system_stm32h5xx.o
 .debug_info    0x00008644       0x30 ./Core/Startup/startup_stm32h563vitx.o
 .debug_info    0x00008674     0x139f ./Drivers/STM32H5xx_HAL_Driver/Src/stm32h5xx_hal.o
 .debug_info    0x00009a13     0x1658 ./Drivers/STM32H5xx_HAL_Driver/Src/stm32h5xx_hal_cortex.o
 .debug_info    0x0000b06b     0x1920 ./Drivers/STM32H5xx_HAL_Driver/Src/stm32h5xx_hal_fdcan.o
 .debug_info    0x0000c98b      0x6b6 ./Drivers/STM32H5xx_HAL_Driver/Src/stm32h5xx_hal_gpio.o
 .debug_info    0x0000d041     0x1560 ./Drivers/STM32H5xx_HAL_Driver/Src/stm32h5xx_hal_pcd.o
 .debug_info    0x0000e5a1      0x7eb ./Drivers/STM32H5xx_HAL_Driver/Src/stm32h5xx_hal_pcd_ex.o
 .debug_info    0x0000ed8c      0x928 ./Drivers/STM32H5xx_HAL_Driver/Src/stm32h5xx_hal_pwr_ex.o
 .debug_info    0x0000f6b4     0x109f ./Drivers/STM32H5xx_HAL_Driver/Src/stm32h5xx_hal_rcc.o
 .debug_info    0x00010753     0x12d7 ./Drivers/STM32H5xx_HAL_Driver/Src/stm32h5xx_hal_rcc_ex.o
 .debug_info    0x00011a2a     0x15c9 ./Drivers/STM32H5xx_HAL_Driver/Src/stm32h5xx_hal_spi.o
 .debug_info    0x00012ff3     0x4066 ./Drivers/STM32H5xx_HAL_Driver/Src/stm32h5xx_hal_uart.o
 .debug_info    0x00017059     0x10ec ./Drivers/STM32H5xx_HAL_Driver/Src/stm32h5xx_hal_uart_ex.o
 .debug_info    0x00018145     0x1a08 ./Drivers/STM32H5xx_HAL_Driver/Src/stm32h5xx_ll_usb.o
 .debug_info    0x00019b4d     0x371e ./Middlewares/Third_Party/FreeRTOS/Source/CMSIS_RTOS_V2/cmsis_os2.o
 .debug_info    0x0001d26b      0x2af ./Middlewares/Third_Party/FreeRTOS/Source/list.o
 .debug_info    0x0001d51a     0x16ac ./Middlewares/Third_Party/FreeRTOS/Source/queue.o
 .debug_info    0x0001ebc6     0x2093 ./Middlewares/Third_Party/FreeRTOS/Source/tasks.o
 .debug_info    0x00020c59     0x1318 ./Middlewares/Third_Party/FreeRTOS/Source/timers.o
 .debug_info    0x00021f71      0x3ad ./Middlewares/Third_Party/FreeRTOS/Source/portable/GCC/ARM_CM33_NTZ/non_secure/port.o
 .debug_info    0x0002231e      0x151 ./Middlewares/Third_Party/FreeRTOS/Source/portable/GCC/ARM_CM33_NTZ/non_secure/portasm.o
 .debug_info    0x0002246f      0x1b6 ./Middlewares/Third_Party/FreeRTOS/Source/portable/MemMang/heap_1.o

.debug_abbrev   0x00000000     0x468b
 .debug_abbrev  0x00000000      0x38a ./Core/Src/BatteryControlTask.o
 .debug_abbrev  0x0000038a      0x265 ./Core/Src/StartupTask.o
 .debug_abbrev  0x000005ef      0x19a ./Core/Src/app_freertos.o
 .debug_abbrev  0x00000789      0x1ec ./Core/Src/can_rx.o
 .debug_abbrev  0x00000975      0x1f5 ./Core/Src/can_tx.o
 .debug_abbrev  0x00000b6a      0x31e ./Core/Src/main.o
 .debug_abbrev  0x00000e88      0x287 ./Core/Src/stm32h5xx_hal_msp.o
 .debug_abbrev  0x0000110f       0x47 ./Core/Src/stm32h5xx_it.o
 .debug_abbrev  0x00001156      0x13a ./Core/Src/system_stm32h5xx.o
 .debug_abbrev  0x00001290       0x24 ./Core/Startup/startup_stm32h563vitx.o
 .debug_abbrev  0x000012b4      0x2af ./Drivers/STM32H5xx_HAL_Driver/Src/stm32h5xx_hal.o
 .debug_abbrev  0x00001563      0x311 ./Drivers/STM32H5xx_HAL_Driver/Src/stm32h5xx_hal_cortex.o
 .debug_abbrev  0x00001874      0x20b ./Drivers/STM32H5xx_HAL_Driver/Src/stm32h5xx_hal_fdcan.o
 .debug_abbrev  0x00001a7f      0x1db ./Drivers/STM32H5xx_HAL_Driver/Src/stm32h5xx_hal_gpio.o
 .debug_abbrev  0x00001c5a      0x302 ./Drivers/STM32H5xx_HAL_Driver/Src/stm32h5xx_hal_pcd.o
 .debug_abbrev  0x00001f5c      0x1e8 ./Drivers/STM32H5xx_HAL_Driver/Src/stm32h5xx_hal_pcd_ex.o
 .debug_abbrev  0x00002144      0x299 ./Drivers/STM32H5xx_HAL_Driver/Src/stm32h5xx_hal_pwr_ex.o
 .debug_abbrev  0x000023dd      0x290 ./Drivers/STM32H5xx_HAL_Driver/Src/stm32h5xx_hal_rcc.o
 .debug_abbrev  0x0000266d      0x269 ./Drivers/STM32H5xx_HAL_Driver/Src/stm32h5xx_hal_rcc_ex.o
 .debug_abbrev  0x000028d6      0x2b3 ./Drivers/STM32H5xx_HAL_Driver/Src/stm32h5xx_hal_spi.o
 .debug_abbrev  0x00002b89      0x305 ./Drivers/STM32H5xx_HAL_Driver/Src/stm32h5xx_hal_uart.o
 .debug_abbrev  0x00002e8e      0x2d4 ./Drivers/STM32H5xx_HAL_Driver/Src/stm32h5xx_hal_uart_ex.o
 .debug_abbrev  0x00003162      0x237 ./Drivers/STM32H5xx_HAL_Driver/Src/stm32h5xx_ll_usb.o
 .debug_abbrev  0x00003399      0x4d1 ./Middlewares/Third_Party/FreeRTOS/Source/CMSIS_RTOS_V2/cmsis_os2.o
 .debug_abbrev  0x0000386a       0xf5 ./Middlewares/Third_Party/FreeRTOS/Source/list.o
 .debug_abbrev  0x0000395f      0x324 ./Middlewares/Third_Party/FreeRTOS/Source/queue.o
 .debug_abbrev  0x00003c83      0x33c ./Middlewares/Third_Party/FreeRTOS/Source/tasks.o
 .debug_abbrev  0x00003fbf      0x326 ./Middlewares/Third_Party/FreeRTOS/Source/timers.o
 .debug_abbrev  0x000042e5      0x1b6 ./Middlewares/Third_Party/FreeRTOS/Source/portable/GCC/ARM_CM33_NTZ/non_secure/port.o
 .debug_abbrev  0x0000449b       0xb8 ./Middlewares/Third_Party/FreeRTOS/Source/portable/GCC/ARM_CM33_NTZ/non_secure/portasm.o
 .debug_abbrev  0x00004553      0x138 ./Middlewares/Third_Party/FreeRTOS/Source/portable/MemMang/heap_1.o

.debug_aranges  0x00000000     0x1bc8
 .debug_aranges
                0x00000000       0xd0 ./Core/Src/BatteryControlTask.o
 .debug_aranges
                0x000000d0       0x68 ./Core/Src/StartupTask.o
 .debug_aranges
                0x00000138       0x28 ./Core/Src/app_freertos.o
 .debug_aranges
                0x00000160       0x30 ./Core/Src/can_rx.o
 .debug_aranges
                0x00000190       0x30 ./Core/Src/can_tx.o
 .debug_aranges
                0x000001c0       0x60 ./Core/Src/main.o
 .debug_aranges
                0x00000220       0x60 ./Core/Src/stm32h5xx_hal_msp.o
 .debug_aranges
                0x00000280       0x48 ./Core/Src/stm32h5xx_it.o
 .debug_aranges
                0x000002c8       0x28 ./Core/Src/system_stm32h5xx.o
 .debug_aranges
                0x000002f0       0x28 ./Core/Startup/startup_stm32h563vitx.o
 .debug_aranges
                0x00000318      0x200 ./Drivers/STM32H5xx_HAL_Driver/Src/stm32h5xx_hal.o
 .debug_aranges
                0x00000518      0x140 ./Drivers/STM32H5xx_HAL_Driver/Src/stm32h5xx_hal_cortex.o
 .debug_aranges
                0x00000658      0x208 ./Drivers/STM32H5xx_HAL_Driver/Src/stm32h5xx_hal_fdcan.o
 .debug_aranges
                0x00000860       0x78 ./Drivers/STM32H5xx_HAL_Driver/Src/stm32h5xx_hal_gpio.o
 .debug_aranges
                0x000008d8      0x150 ./Drivers/STM32H5xx_HAL_Driver/Src/stm32h5xx_hal_pcd.o
 .debug_aranges
                0x00000a28       0x58 ./Drivers/STM32H5xx_HAL_Driver/Src/stm32h5xx_hal_pcd_ex.o
 .debug_aranges
                0x00000a80      0x148 ./Drivers/STM32H5xx_HAL_Driver/Src/stm32h5xx_hal_pwr_ex.o
 .debug_aranges
                0x00000bc8       0xa0 ./Drivers/STM32H5xx_HAL_Driver/Src/stm32h5xx_hal_rcc.o
 .debug_aranges
                0x00000c68      0x108 ./Drivers/STM32H5xx_HAL_Driver/Src/stm32h5xx_hal_rcc_ex.o
 .debug_aranges
                0x00000d70      0x1a8 ./Drivers/STM32H5xx_HAL_Driver/Src/stm32h5xx_hal_spi.o
 .debug_aranges
                0x00000f18      0x248 ./Drivers/STM32H5xx_HAL_Driver/Src/stm32h5xx_hal_uart.o
 .debug_aranges
                0x00001160       0xa8 ./Drivers/STM32H5xx_HAL_Driver/Src/stm32h5xx_hal_uart_ex.o
 .debug_aranges
                0x00001208      0x130 ./Drivers/STM32H5xx_HAL_Driver/Src/stm32h5xx_ll_usb.o
 .debug_aranges
                0x00001338      0x2b8 ./Middlewares/Third_Party/FreeRTOS/Source/CMSIS_RTOS_V2/cmsis_os2.o
 .debug_aranges
                0x000015f0       0x40 ./Middlewares/Third_Party/FreeRTOS/Source/list.o
 .debug_aranges
                0x00001630      0x170 ./Middlewares/Third_Party/FreeRTOS/Source/queue.o
 .debug_aranges
                0x000017a0      0x210 ./Middlewares/Third_Party/FreeRTOS/Source/tasks.o
 .debug_aranges
                0x000019b0      0x108 ./Middlewares/Third_Party/FreeRTOS/Source/timers.o
 .debug_aranges
                0x00001ab8       0x78 ./Middlewares/Third_Party/FreeRTOS/Source/portable/GCC/ARM_CM33_NTZ/non_secure/port.o
 .debug_aranges
                0x00001b30       0x60 ./Middlewares/Third_Party/FreeRTOS/Source/portable/GCC/ARM_CM33_NTZ/non_secure/portasm.o
 .debug_aranges
                0x00001b90       0x38 ./Middlewares/Third_Party/FreeRTOS/Source/portable/MemMang/heap_1.o

.debug_rnglists
                0x00000000     0x1539
 .debug_rnglists
                0x00000000       0x9d ./Core/Src/BatteryControlTask.o
 .debug_rnglists
                0x0000009d       0x4a ./Core/Src/StartupTask.o
 .debug_rnglists
                0x000000e7       0x1a ./Core/Src/app_freertos.o
 .debug_rnglists
                0x00000101       0x21 ./Core/Src/can_rx.o
 .debug_rnglists
                0x00000122       0x1f ./Core/Src/can_tx.o
 .debug_rnglists
                0x00000141       0x49 ./Core/Src/main.o
 .debug_rnglists
                0x0000018a       0x47 ./Core/Src/stm32h5xx_hal_msp.o
 .debug_rnglists
                0x000001d1       0x31 ./Core/Src/stm32h5xx_it.o
 .debug_rnglists
                0x00000202       0x1b ./Core/Src/system_stm32h5xx.o
 .debug_rnglists
                0x0000021d       0x19 ./Core/Startup/startup_stm32h563vitx.o
 .debug_rnglists
                0x00000236      0x17d ./Drivers/STM32H5xx_HAL_Driver/Src/stm32h5xx_hal.o
 .debug_rnglists
                0x000003b3       0xec ./Drivers/STM32H5xx_HAL_Driver/Src/stm32h5xx_hal_cortex.o
 .debug_rnglists
                0x0000049f      0x18d ./Drivers/STM32H5xx_HAL_Driver/Src/stm32h5xx_hal_fdcan.o
 .debug_rnglists
                0x0000062c       0x57 ./Drivers/STM32H5xx_HAL_Driver/Src/stm32h5xx_hal_gpio.o
 .debug_rnglists
                0x00000683      0x100 ./Drivers/STM32H5xx_HAL_Driver/Src/stm32h5xx_hal_pcd.o
 .debug_rnglists
                0x00000783       0x3f ./Drivers/STM32H5xx_HAL_Driver/Src/stm32h5xx_hal_pcd_ex.o
 .debug_rnglists
                0x000007c2       0xf3 ./Drivers/STM32H5xx_HAL_Driver/Src/stm32h5xx_hal_pwr_ex.o
 .debug_rnglists
                0x000008b5       0x79 ./Drivers/STM32H5xx_HAL_Driver/Src/stm32h5xx_hal_rcc.o
 .debug_rnglists
                0x0000092e       0xcf ./Drivers/STM32H5xx_HAL_Driver/Src/stm32h5xx_hal_rcc_ex.o
 .debug_rnglists
                0x000009fd      0x148 ./Drivers/STM32H5xx_HAL_Driver/Src/stm32h5xx_hal_spi.o
 .debug_rnglists
                0x00000b45      0x1fb ./Drivers/STM32H5xx_HAL_Driver/Src/stm32h5xx_hal_uart.o
 .debug_rnglists
                0x00000d40       0x7f ./Drivers/STM32H5xx_HAL_Driver/Src/stm32h5xx_hal_uart_ex.o
 .debug_rnglists
                0x00000dbf       0xeb ./Drivers/STM32H5xx_HAL_Driver/Src/stm32h5xx_ll_usb.o
 .debug_rnglists
                0x00000eaa      0x218 ./Middlewares/Third_Party/FreeRTOS/Source/CMSIS_RTOS_V2/cmsis_os2.o
 .debug_rnglists
                0x000010c2       0x2b ./Middlewares/Third_Party/FreeRTOS/Source/list.o
 .debug_rnglists
                0x000010ed      0x11d ./Middlewares/Third_Party/FreeRTOS/Source/queue.o
 .debug_rnglists
                0x0000120a      0x1a8 ./Middlewares/Third_Party/FreeRTOS/Source/tasks.o
 .debug_rnglists
                0x000013b2       0xc7 ./Middlewares/Third_Party/FreeRTOS/Source/timers.o
 .debug_rnglists
                0x00001479       0x57 ./Middlewares/Third_Party/FreeRTOS/Source/portable/GCC/ARM_CM33_NTZ/non_secure/port.o
 .debug_rnglists
                0x000014d0       0x43 ./Middlewares/Third_Party/FreeRTOS/Source/portable/GCC/ARM_CM33_NTZ/non_secure/portasm.o
 .debug_rnglists
                0x00001513       0x26 ./Middlewares/Third_Party/FreeRTOS/Source/portable/MemMang/heap_1.o

.debug_macro    0x00000000    0x36080
 .debug_macro   0x00000000      0x3c2 ./Core/Src/BatteryControlTask.o
 .debug_macro   0x000003c2      0xade ./Core/Src/BatteryControlTask.o
 .debug_macro   0x00000ea0       0x22 ./Core/Src/BatteryControlTask.o
 .debug_macro   0x00000ec2       0x8e ./Core/Src/BatteryControlTask.o
 .debug_macro   0x00000f50       0x51 ./Core/Src/BatteryControlTask.o
 .debug_macro   0x00000fa1      0x103 ./Core/Src/BatteryControlTask.o
 .debug_macro   0x000010a4       0x6a ./Core/Src/BatteryControlTask.o
 .debug_macro   0x0000110e      0x1df ./Core/Src/BatteryControlTask.o
 .debug_macro   0x000012ed       0x58 ./Core/Src/BatteryControlTask.o
 .debug_macro   0x00001345       0x10 ./Core/Src/BatteryControlTask.o
 .debug_macro   0x00001355       0x10 ./Core/Src/BatteryControlTask.o
 .debug_macro   0x00001365      0x190 ./Core/Src/BatteryControlTask.o
 .debug_macro   0x000014f5       0x74 ./Core/Src/BatteryControlTask.o
 .debug_macro   0x00001569       0x76 ./Core/Src/BatteryControlTask.o
 .debug_macro   0x000015df       0x64 ./Core/Src/BatteryControlTask.o
 .debug_macro   0x00001643      0x1f2 ./Core/Src/BatteryControlTask.o
 .debug_macro   0x00001835       0x61 ./Core/Src/BatteryControlTask.o
 .debug_macro   0x00001896       0x2a ./Core/Src/BatteryControlTask.o
 .debug_macro   0x000018c0       0x43 ./Core/Src/BatteryControlTask.o
 .debug_macro   0x00001903       0x34 ./Core/Src/BatteryControlTask.o
 .debug_macro   0x00001937      0x370 ./Core/Src/BatteryControlTask.o
 .debug_macro   0x00001ca7       0x16 ./Core/Src/BatteryControlTask.o
 .debug_macro   0x00001cbd       0x4a ./Core/Src/BatteryControlTask.o
 .debug_macro   0x00001d07       0x34 ./Core/Src/BatteryControlTask.o
 .debug_macro   0x00001d3b       0x10 ./Core/Src/BatteryControlTask.o
 .debug_macro   0x00001d4b       0x58 ./Core/Src/BatteryControlTask.o
 .debug_macro   0x00001da3       0x8e ./Core/Src/BatteryControlTask.o
 .debug_macro   0x00001e31       0x1c ./Core/Src/BatteryControlTask.o
 .debug_macro   0x00001e4d      0x185 ./Core/Src/BatteryControlTask.o
 .debug_macro   0x00001fd2      0x19b ./Core/Src/BatteryControlTask.o
 .debug_macro   0x0000216d       0x28 ./Core/Src/BatteryControlTask.o
 .debug_macro   0x00002195       0x49 ./Core/Src/BatteryControlTask.o
 .debug_macro   0x000021de       0x1c ./Core/Src/BatteryControlTask.o
 .debug_macro   0x000021fa       0x29 ./Core/Src/BatteryControlTask.o
 .debug_macro   0x00002223       0xf5 ./Core/Src/BatteryControlTask.o
 .debug_macro   0x00002318     0x1685 ./Core/Src/BatteryControlTask.o
 .debug_macro   0x0000399d       0x5e ./Core/Src/BatteryControlTask.o
 .debug_macro   0x000039fb    0x2124a ./Core/Src/BatteryControlTask.o
 .debug_macro   0x00024c45       0x6d ./Core/Src/BatteryControlTask.o
 .debug_macro   0x00024cb2     0x388a ./Core/Src/BatteryControlTask.o
 .debug_macro   0x0002853c       0x63 ./Core/Src/BatteryControlTask.o
 .debug_macro   0x0002859f     0x1f0d ./Core/Src/BatteryControlTask.o
 .debug_macro   0x0002a4ac      0xe96 ./Core/Src/BatteryControlTask.o
 .debug_macro   0x0002b342      0x166 ./Core/Src/BatteryControlTask.o
 .debug_macro   0x0002b4a8      0x300 ./Core/Src/BatteryControlTask.o
 .debug_macro   0x0002b7a8      0x917 ./Core/Src/BatteryControlTask.o
 .debug_macro   0x0002c0bf      0x478 ./Core/Src/BatteryControlTask.o
 .debug_macro   0x0002c537       0xd6 ./Core/Src/BatteryControlTask.o
 .debug_macro   0x0002c60d      0x1cd ./Core/Src/BatteryControlTask.o
 .debug_macro   0x0002c7da      0x55b ./Core/Src/BatteryControlTask.o
 .debug_macro   0x0002cd35      0x638 ./Core/Src/BatteryControlTask.o
 .debug_macro   0x0002d36d       0x7b ./Core/Src/BatteryControlTask.o
 .debug_macro   0x0002d3e8      0x313 ./Core/Src/BatteryControlTask.o
 .debug_macro   0x0002d6fb      0x1bb ./Core/Src/BatteryControlTask.o
 .debug_macro   0x0002d8b6      0x5cf ./Core/Src/BatteryControlTask.o
 .debug_macro   0x0002de85       0xeb ./Core/Src/BatteryControlTask.o
 .debug_macro   0x0002df70      0x693 ./Core/Src/BatteryControlTask.o
 .debug_macro   0x0002e603       0xa6 ./Core/Src/BatteryControlTask.o
 .debug_macro   0x0002e6a9      0x23f ./Core/Src/BatteryControlTask.o
 .debug_macro   0x0002e8e8      0x177 ./Core/Src/BatteryControlTask.o
 .debug_macro   0x0002ea5f      0x2a7 ./Core/Src/BatteryControlTask.o
 .debug_macro   0x0002ed06      0x6bd ./Core/Src/BatteryControlTask.o
 .debug_macro   0x0002f3c3      0x4ee ./Core/Src/BatteryControlTask.o
 .debug_macro   0x0002f8b1       0x16 ./Core/Src/BatteryControlTask.o
 .debug_macro   0x0002f8c7      0x18d ./Core/Src/BatteryControlTask.o
 .debug_macro   0x0002fa54       0x16 ./Core/Src/BatteryControlTask.o
 .debug_macro   0x0002fa6a      0x179 ./Core/Src/BatteryControlTask.o
 .debug_macro   0x0002fbe3       0x1c ./Core/Src/BatteryControlTask.o
 .debug_macro   0x0002fbff      0x1ba ./Core/Src/BatteryControlTask.o
 .debug_macro   0x0002fdb9       0x10 ./Core/Src/BatteryControlTask.o
 .debug_macro   0x0002fdc9       0x10 ./Core/Src/BatteryControlTask.o
 .debug_macro   0x0002fdd9       0x1f ./Core/Src/BatteryControlTask.o
 .debug_macro   0x0002fdf8       0x12 ./Core/Src/BatteryControlTask.o
 .debug_macro   0x0002fe0a      0x4c3 ./Core/Src/BatteryControlTask.o
 .debug_macro   0x000302cd      0x100 ./Core/Src/BatteryControlTask.o
 .debug_macro   0x000303cd       0x16 ./Core/Src/BatteryControlTask.o
 .debug_macro   0x000303e3       0x3c ./Core/Src/BatteryControlTask.o
 .debug_macro   0x0003041f       0x20 ./Core/Src/BatteryControlTask.o
 .debug_macro   0x0003043f       0x22 ./Core/Src/BatteryControlTask.o
 .debug_macro   0x00030461       0xc3 ./Core/Src/BatteryControlTask.o
 .debug_macro   0x00030524      0x12c ./Core/Src/BatteryControlTask.o
 .debug_macro   0x00030650      0x39e ./Core/Src/StartupTask.o
 .debug_macro   0x000309ee       0x10 ./Core/Src/StartupTask.o
 .debug_macro   0x000309fe      0x394 ./Core/Src/app_freertos.o
 .debug_macro   0x00030d92      0x353 ./Core/Src/can_rx.o
 .debug_macro   0x000310e5       0x70 ./Core/Src/can_rx.o
 .debug_macro   0x00031155      0x347 ./Core/Src/can_tx.o
 .debug_macro   0x0003149c       0x5b ./Core/Src/can_tx.o
 .debug_macro   0x000314f7       0x94 ./Core/Src/can_tx.o
 .debug_macro   0x0003158b       0x57 ./Core/Src/can_tx.o
 .debug_macro   0x000315e2      0x339 ./Core/Src/main.o
 .debug_macro   0x0003191b      0x339 ./Core/Src/stm32h5xx_hal_msp.o
 .debug_macro   0x00031c54      0x35b ./Core/Src/stm32h5xx_it.o
 .debug_macro   0x00031faf      0x2a8 ./Core/Src/system_stm32h5xx.o
 .debug_macro   0x00032257      0x2d7 ./Drivers/STM32H5xx_HAL_Driver/Src/stm32h5xx_hal.o
 .debug_macro   0x0003252e      0x2a1 ./Drivers/STM32H5xx_HAL_Driver/Src/stm32h5xx_hal_cortex.o
 .debug_macro   0x000327cf      0x3b3 ./Drivers/STM32H5xx_HAL_Driver/Src/stm32h5xx_hal_fdcan.o
 .debug_macro   0x00032b82      0x2d7 ./Drivers/STM32H5xx_HAL_Driver/Src/stm32h5xx_hal_gpio.o
 .debug_macro   0x00032e59      0x2ad ./Drivers/STM32H5xx_HAL_Driver/Src/stm32h5xx_hal_pcd.o
 .debug_macro   0x00033106      0x2a1 ./Drivers/STM32H5xx_HAL_Driver/Src/stm32h5xx_hal_pcd_ex.o
 .debug_macro   0x000333a7      0x2cb ./Drivers/STM32H5xx_HAL_Driver/Src/stm32h5xx_hal_pwr_ex.o
 .debug_macro   0x00033672      0x2e3 ./Drivers/STM32H5xx_HAL_Driver/Src/stm32h5xx_hal_rcc.o
 .debug_macro   0x00033955      0x2b3 ./Drivers/STM32H5xx_HAL_Driver/Src/stm32h5xx_hal_rcc_ex.o
 .debug_macro   0x00033c08      0x2a9 ./Drivers/STM32H5xx_HAL_Driver/Src/stm32h5xx_hal_spi.o
 .debug_macro   0x00033eb1      0x2cc ./Drivers/STM32H5xx_HAL_Driver/Src/stm32h5xx_hal_uart.o
 .debug_macro   0x0003417d      0x2ad ./Drivers/STM32H5xx_HAL_Driver/Src/stm32h5xx_hal_uart_ex.o
 .debug_macro   0x0003442a      0x2a1 ./Drivers/STM32H5xx_HAL_Driver/Src/stm32h5xx_ll_usb.o
 .debug_macro   0x000346cb      0x3c1 ./Middlewares/Third_Party/FreeRTOS/Source/CMSIS_RTOS_V2/cmsis_os2.o
 .debug_macro   0x00034a8c       0x10 ./Middlewares/Third_Party/FreeRTOS/Source/CMSIS_RTOS_V2/cmsis_os2.o
 .debug_macro   0x00034a9c       0x91 ./Middlewares/Third_Party/FreeRTOS/Source/CMSIS_RTOS_V2/cmsis_os2.o
 .debug_macro   0x00034b2d       0x23 ./Middlewares/Third_Party/FreeRTOS/Source/CMSIS_RTOS_V2/cmsis_os2.o
 .debug_macro   0x00034b50       0x94 ./Middlewares/Third_Party/FreeRTOS/Source/CMSIS_RTOS_V2/cmsis_os2.o
 .debug_macro   0x00034be4       0xa8 ./Middlewares/Third_Party/FreeRTOS/Source/CMSIS_RTOS_V2/cmsis_os2.o